C:/NXP_MCUxpresso_SDK/mcuxsdk/mcuxsdk/arch/arm/CMSIS/Core/Include/core_cm7.h:2013:22:__NVIC_EnableIRQ	16	static
C:/NXP_MCUxpresso_SDK/mcuxsdk/mcuxsdk/arch/arm/CMSIS/Core/Include/core_cm7.h:2143:22:__NVIC_SetPriority	16	static
C:/NXP_MCUxpresso_SDK/mcuxsdk/mcuxsdk/devices/RT/RT1180/MIMXRT1189/drivers/fsl_clock.h:1474:24:CLOCK_GetRootClockMux	16	static
C:/NXP_MCUxpresso_SDK/mcuxsdk/mcuxsdk/devices/RT/RT1180/MIMXRT1189/drivers/fsl_clock.h:1515:24:CLOCK_GetRootClockDiv	16	static
C:/NXP_MCUxpresso_SDK/mcuxsdk/mcuxsdk/devices/RT/RT1180/MIMXRT1189/drivers/fsl_clock.h:1634:24:CLOCK_GetRootClockFreq	32	static
C:/NXP_MCUxpresso_SDK/mcuxsdk/mcuxsdk/drivers/common/fsl_common_arm.h:714:24:EnableIRQ	24	static
C:/NXP_MCUxpresso_SDK/mcuxsdk/mcuxsdk/drivers/common/fsl_common_arm.h:863:24:IRQ_SetPriority	24	static
C:/NXP_MCUxpresso_SDK/mcuxsdk/mcuxsdk/drivers/lpit/fsl_lpit.h:396:13:LPIT_ResetStateDelay	4	static
C:/NXP_MCUxpresso_SDK/mcuxsdk/mcuxsdk/drivers/gpt/fsl_gpt.h:251:20:GPT_SetClockDivider	16	static
C:/NXP_MCUxpresso_SDK/mcuxsdk/mcuxsdk/drivers/gpt/fsl_gpt.h:306:20:GPT_StartTimer	16	static
C:/NXP_MCUxpresso_SDK/mcuxsdk/mcuxsdk/drivers/gpt/fsl_gpt.h:316:20:GPT_StopTimer	16	static
C:/NXP_MCUxpresso_SDK/mcuxsdk/mcuxsdk/drivers/gpt/fsl_gpt.h:430:20:GPT_SetOutputCompareValue	24	static
C:/NXP_MCUxpresso_SDK/mcuxsdk/mcuxsdk/drivers/gpt/fsl_gpt.h:478:20:GPT_EnableInterrupts	16	static
C:/NXP_MCUxpresso_SDK/mcuxsdk/mcuxsdk/drivers/gpt/fsl_gpt.h:532:20:GPT_ClearStatusFlags	16	static
C:/Users/dpesavento.EIL/Documents/GitHub/daniel-sandbox/rd-riop-EIP-demo/common/m7/source/api_afe.c:91:15:AFE_Init	24	static
C:/Users/dpesavento.EIL/Documents/GitHub/daniel-sandbox/rd-riop-EIP-demo/common/m7/source/api_afe.c:209:15:AFE_ChannelConfiguration	24	static
C:/Users/dpesavento.EIL/Documents/GitHub/daniel-sandbox/rd-riop-EIP-demo/common/m7/source/api_afe.c:398:15:AFE_StartPeriodicMeasurement	24	static
C:/Users/dpesavento.EIL/Documents/GitHub/daniel-sandbox/rd-riop-EIP-demo/common/m7/source/api_afe.c:436:6:AFE_StopPeriodicMeasurement	8	static
C:/Users/dpesavento.EIL/Documents/GitHub/daniel-sandbox/rd-riop-EIP-demo/common/m7/source/api_afe.c:441:15:AFE_StartSingleMeasurement	16	static
C:/Users/dpesavento.EIL/Documents/GitHub/daniel-sandbox/rd-riop-EIP-demo/common/m7/source/api_afe.c:460:15:AFE_installPeriodicMeasurementCallback	24	static
C:/Users/dpesavento.EIL/Documents/GitHub/daniel-sandbox/rd-riop-EIP-demo/common/m7/source/api_afe.c:476:15:AFE_WaitForMeasurementComplete	48	static
C:/Users/dpesavento.EIL/Documents/GitHub/daniel-sandbox/rd-riop-EIP-demo/common/m7/source/api_afe.c:489:15:AFE_AdcCode2VoltageInternal	48	static
C:/Users/dpesavento.EIL/Documents/GitHub/daniel-sandbox/rd-riop-EIP-demo/common/m7/source/api_afe.c:539:15:AFE_AdcCode2TemperatureInternal	48	static
C:/Users/dpesavento.EIL/Documents/GitHub/daniel-sandbox/rd-riop-EIP-demo/common/m7/source/api_afe.c:573:15:AFE_CalculateMean	72	static
C:/Users/dpesavento.EIL/Documents/GitHub/daniel-sandbox/rd-riop-EIP-demo/common/m7/source/api_afe.c:615:15:AFE_CalculateStdev	56	static
C:/Users/dpesavento.EIL/Documents/GitHub/daniel-sandbox/rd-riop-EIP-demo/common/m7/source/api_afe.c:656:15:AFE_Calibration	64	static
C:/Users/dpesavento.EIL/Documents/GitHub/daniel-sandbox/rd-riop-EIP-demo/common/m7/source/api_afe.c:740:13:TIMER_HandleIRQ	24	static
C:/Users/dpesavento.EIL/Documents/GitHub/daniel-sandbox/rd-riop-EIP-demo/common/m7/source/api_afe.c:750:22:TIMER_Init	24	static
C:/Users/dpesavento.EIL/Documents/GitHub/daniel-sandbox/rd-riop-EIP-demo/common/m7/source/api_afe.c:760:22:TIMER_Start	24	static
C:/Users/dpesavento.EIL/Documents/GitHub/daniel-sandbox/rd-riop-EIP-demo/common/m7/source/api_afe.c:787:13:TIMER_Stop	8	static
C:/Users/dpesavento.EIL/Documents/GitHub/daniel-sandbox/rd-riop-EIP-demo/common/m7/source/api_afe.c:792:6:GPT2_IRQHandler	8	static
C:/Users/dpesavento.EIL/Documents/GitHub/daniel-sandbox/rd-riop-EIP-demo/common/m7/source/api_afe.c:801:6:LPSPI1_IRQHandler	8	static
C:/Users/dpesavento.EIL/Documents/GitHub/daniel-sandbox/rd-riop-EIP-demo/common/m7/source/api_afe.c:807:6:GPIO4_IRQHandler	8	static
