C:/NXP_MCUxpresso_SDK/mcuxsdk/mcuxsdk/devices/RT/RT1180/MIMXRT1189/drivers/fsl_edma_soc.c:79:6:DMA4_CH0_CH1_CH32_CH33_DriverIRQHandler	8	static
C:/NXP_MCUxpresso_SDK/mcuxsdk/mcuxsdk/devices/RT/RT1180/MIMXRT1189/drivers/fsl_edma_soc.c:95:6:DMA4_CH2_CH3_CH34_CH35_DriverIRQHandler	8	static
C:/NXP_MCUxpresso_SDK/mcuxsdk/mcuxsdk/devices/RT/RT1180/MIMXRT1189/drivers/fsl_edma_soc.c:111:6:DMA4_CH4_CH5_CH36_CH37_DriverIRQHandler	8	static
C:/NXP_MCUxpresso_SDK/mcuxsdk/mcuxsdk/devices/RT/RT1180/MIMXRT1189/drivers/fsl_edma_soc.c:127:6:DMA4_CH6_CH7_CH38_CH39_DriverIRQHandler	8	static
C:/NXP_MCUxpresso_SDK/mcuxsdk/mcuxsdk/devices/RT/RT1180/MIMXRT1189/drivers/fsl_edma_soc.c:143:6:DMA4_CH8_CH9_CH40_CH41_DriverIRQHandler	8	static
C:/NXP_MCUxpresso_SDK/mcuxsdk/mcuxsdk/devices/RT/RT1180/MIMXRT1189/drivers/fsl_edma_soc.c:159:6:DMA4_CH10_CH11_CH42_CH43_DriverIRQHandler	8	static
C:/NXP_MCUxpresso_SDK/mcuxsdk/mcuxsdk/devices/RT/RT1180/MIMXRT1189/drivers/fsl_edma_soc.c:175:6:DMA4_CH12_CH13_CH44_CH45_DriverIRQHandler	8	static
C:/NXP_MCUxpresso_SDK/mcuxsdk/mcuxsdk/devices/RT/RT1180/MIMXRT1189/drivers/fsl_edma_soc.c:191:6:DMA4_CH14_CH15_CH46_CH47_DriverIRQHandler	8	static
C:/NXP_MCUxpresso_SDK/mcuxsdk/mcuxsdk/devices/RT/RT1180/MIMXRT1189/drivers/fsl_edma_soc.c:207:6:DMA4_CH16_CH17_CH48_CH49_DriverIRQHandler	8	static
C:/NXP_MCUxpresso_SDK/mcuxsdk/mcuxsdk/devices/RT/RT1180/MIMXRT1189/drivers/fsl_edma_soc.c:223:6:DMA4_CH18_CH19_CH50_CH51_DriverIRQHandler	8	static
C:/NXP_MCUxpresso_SDK/mcuxsdk/mcuxsdk/devices/RT/RT1180/MIMXRT1189/drivers/fsl_edma_soc.c:239:6:DMA4_CH20_CH21_CH52_CH53_DriverIRQHandler	8	static
C:/NXP_MCUxpresso_SDK/mcuxsdk/mcuxsdk/devices/RT/RT1180/MIMXRT1189/drivers/fsl_edma_soc.c:255:6:DMA4_CH22_CH23_CH54_CH55_DriverIRQHandler	8	static
C:/NXP_MCUxpresso_SDK/mcuxsdk/mcuxsdk/devices/RT/RT1180/MIMXRT1189/drivers/fsl_edma_soc.c:271:6:DMA4_CH24_CH25_CH56_CH57_DriverIRQHandler	8	static
C:/NXP_MCUxpresso_SDK/mcuxsdk/mcuxsdk/devices/RT/RT1180/MIMXRT1189/drivers/fsl_edma_soc.c:287:6:DMA4_CH26_CH27_CH58_CH59_DriverIRQHandler	8	static
C:/NXP_MCUxpresso_SDK/mcuxsdk/mcuxsdk/devices/RT/RT1180/MIMXRT1189/drivers/fsl_edma_soc.c:303:6:DMA4_CH28_CH29_CH60_CH61_DriverIRQHandler	8	static
C:/NXP_MCUxpresso_SDK/mcuxsdk/mcuxsdk/devices/RT/RT1180/MIMXRT1189/drivers/fsl_edma_soc.c:319:6:DMA4_CH30_CH31_CH62_CH63_DriverIRQHandler	8	static
C:/NXP_MCUxpresso_SDK/mcuxsdk/mcuxsdk/devices/RT/RT1180/MIMXRT1189/drivers/fsl_edma_soc.c:335:6:DMA3_CH0_DriverIRQHandler	8	static
C:/NXP_MCUxpresso_SDK/mcuxsdk/mcuxsdk/devices/RT/RT1180/MIMXRT1189/drivers/fsl_edma_soc.c:345:6:DMA3_CH1_DriverIRQHandler	8	static
C:/NXP_MCUxpresso_SDK/mcuxsdk/mcuxsdk/devices/RT/RT1180/MIMXRT1189/drivers/fsl_edma_soc.c:355:6:DMA3_CH2_DriverIRQHandler	8	static
C:/NXP_MCUxpresso_SDK/mcuxsdk/mcuxsdk/devices/RT/RT1180/MIMXRT1189/drivers/fsl_edma_soc.c:365:6:DMA3_CH3_DriverIRQHandler	8	static
C:/NXP_MCUxpresso_SDK/mcuxsdk/mcuxsdk/devices/RT/RT1180/MIMXRT1189/drivers/fsl_edma_soc.c:375:6:DMA3_CH4_DriverIRQHandler	8	static
C:/NXP_MCUxpresso_SDK/mcuxsdk/mcuxsdk/devices/RT/RT1180/MIMXRT1189/drivers/fsl_edma_soc.c:385:6:DMA3_CH5_DriverIRQHandler	8	static
C:/NXP_MCUxpresso_SDK/mcuxsdk/mcuxsdk/devices/RT/RT1180/MIMXRT1189/drivers/fsl_edma_soc.c:395:6:DMA3_CH6_DriverIRQHandler	8	static
C:/NXP_MCUxpresso_SDK/mcuxsdk/mcuxsdk/devices/RT/RT1180/MIMXRT1189/drivers/fsl_edma_soc.c:405:6:DMA3_CH7_DriverIRQHandler	8	static
C:/NXP_MCUxpresso_SDK/mcuxsdk/mcuxsdk/devices/RT/RT1180/MIMXRT1189/drivers/fsl_edma_soc.c:415:6:DMA3_CH8_DriverIRQHandler	8	static
C:/NXP_MCUxpresso_SDK/mcuxsdk/mcuxsdk/devices/RT/RT1180/MIMXRT1189/drivers/fsl_edma_soc.c:425:6:DMA3_CH9_DriverIRQHandler	8	static
C:/NXP_MCUxpresso_SDK/mcuxsdk/mcuxsdk/devices/RT/RT1180/MIMXRT1189/drivers/fsl_edma_soc.c:435:6:DMA3_CH10_DriverIRQHandler	8	static
C:/NXP_MCUxpresso_SDK/mcuxsdk/mcuxsdk/devices/RT/RT1180/MIMXRT1189/drivers/fsl_edma_soc.c:445:6:DMA3_CH11_DriverIRQHandler	8	static
C:/NXP_MCUxpresso_SDK/mcuxsdk/mcuxsdk/devices/RT/RT1180/MIMXRT1189/drivers/fsl_edma_soc.c:455:6:DMA3_CH12_DriverIRQHandler	8	static
C:/NXP_MCUxpresso_SDK/mcuxsdk/mcuxsdk/devices/RT/RT1180/MIMXRT1189/drivers/fsl_edma_soc.c:465:6:DMA3_CH13_DriverIRQHandler	8	static
C:/NXP_MCUxpresso_SDK/mcuxsdk/mcuxsdk/devices/RT/RT1180/MIMXRT1189/drivers/fsl_edma_soc.c:475:6:DMA3_CH14_DriverIRQHandler	8	static
C:/NXP_MCUxpresso_SDK/mcuxsdk/mcuxsdk/devices/RT/RT1180/MIMXRT1189/drivers/fsl_edma_soc.c:485:6:DMA3_CH15_DriverIRQHandler	8	static
C:/NXP_MCUxpresso_SDK/mcuxsdk/mcuxsdk/devices/RT/RT1180/MIMXRT1189/drivers/fsl_edma_soc.c:495:6:DMA3_CH16_DriverIRQHandler	8	static
C:/NXP_MCUxpresso_SDK/mcuxsdk/mcuxsdk/devices/RT/RT1180/MIMXRT1189/drivers/fsl_edma_soc.c:505:6:DMA3_CH17_DriverIRQHandler	8	static
C:/NXP_MCUxpresso_SDK/mcuxsdk/mcuxsdk/devices/RT/RT1180/MIMXRT1189/drivers/fsl_edma_soc.c:515:6:DMA3_CH18_DriverIRQHandler	8	static
C:/NXP_MCUxpresso_SDK/mcuxsdk/mcuxsdk/devices/RT/RT1180/MIMXRT1189/drivers/fsl_edma_soc.c:525:6:DMA3_CH19_DriverIRQHandler	8	static
C:/NXP_MCUxpresso_SDK/mcuxsdk/mcuxsdk/devices/RT/RT1180/MIMXRT1189/drivers/fsl_edma_soc.c:535:6:DMA3_CH20_DriverIRQHandler	8	static
C:/NXP_MCUxpresso_SDK/mcuxsdk/mcuxsdk/devices/RT/RT1180/MIMXRT1189/drivers/fsl_edma_soc.c:545:6:DMA3_CH21_DriverIRQHandler	8	static
C:/NXP_MCUxpresso_SDK/mcuxsdk/mcuxsdk/devices/RT/RT1180/MIMXRT1189/drivers/fsl_edma_soc.c:555:6:DMA3_CH22_DriverIRQHandler	8	static
C:/NXP_MCUxpresso_SDK/mcuxsdk/mcuxsdk/devices/RT/RT1180/MIMXRT1189/drivers/fsl_edma_soc.c:565:6:DMA3_CH23_DriverIRQHandler	8	static
C:/NXP_MCUxpresso_SDK/mcuxsdk/mcuxsdk/devices/RT/RT1180/MIMXRT1189/drivers/fsl_edma_soc.c:575:6:DMA3_CH24_DriverIRQHandler	8	static
C:/NXP_MCUxpresso_SDK/mcuxsdk/mcuxsdk/devices/RT/RT1180/MIMXRT1189/drivers/fsl_edma_soc.c:585:6:DMA3_CH25_DriverIRQHandler	8	static
C:/NXP_MCUxpresso_SDK/mcuxsdk/mcuxsdk/devices/RT/RT1180/MIMXRT1189/drivers/fsl_edma_soc.c:595:6:DMA3_CH26_DriverIRQHandler	8	static
C:/NXP_MCUxpresso_SDK/mcuxsdk/mcuxsdk/devices/RT/RT1180/MIMXRT1189/drivers/fsl_edma_soc.c:605:6:DMA3_CH27_DriverIRQHandler	8	static
C:/NXP_MCUxpresso_SDK/mcuxsdk/mcuxsdk/devices/RT/RT1180/MIMXRT1189/drivers/fsl_edma_soc.c:615:6:DMA3_CH28_DriverIRQHandler	8	static
C:/NXP_MCUxpresso_SDK/mcuxsdk/mcuxsdk/devices/RT/RT1180/MIMXRT1189/drivers/fsl_edma_soc.c:625:6:DMA3_CH29_DriverIRQHandler	8	static
C:/NXP_MCUxpresso_SDK/mcuxsdk/mcuxsdk/devices/RT/RT1180/MIMXRT1189/drivers/fsl_edma_soc.c:635:6:DMA3_CH30_DriverIRQHandler	8	static
C:/NXP_MCUxpresso_SDK/mcuxsdk/mcuxsdk/devices/RT/RT1180/MIMXRT1189/drivers/fsl_edma_soc.c:645:6:DMA3_CH31_DriverIRQHandler	8	static
