C:/Users/dpesavento.EIL/Documents/GitHub/daniel-sandbox/rd-riop-EIP-demo/ethernet-ip/goal/goal_media/goal_mi_eth.h:1285:29:goal_ethGetNetBuf	16	static
C:/Users/dpesavento.EIL/Documents/GitHub/daniel-sandbox/rd-riop-EIP-demo/ethernet-ip/goal/plat/drv/net/lwip/goal_target_net.c:347:15:goal_drvNetLwipReg	48	static
C:/Users/dpesavento.EIL/Documents/GitHub/daniel-sandbox/rd-riop-EIP-demo/ethernet-ip/goal/plat/drv/net/lwip/goal_target_net.c:396:22:goal_drvNetLwipStackInit	24	static
C:/Users/dpesavento.EIL/Documents/GitHub/daniel-sandbox/rd-riop-EIP-demo/ethernet-ip/goal/plat/drv/net/lwip/goal_target_net.c:472:22:goal_drvNetLwipClose	16	static
C:/Users/dpesavento.EIL/Documents/GitHub/daniel-sandbox/rd-riop-EIP-demo/ethernet-ip/goal/plat/drv/net/lwip/goal_target_net.c:491:22:goal_drvNetLwipOpen	56	static
C:/Users/dpesavento.EIL/Documents/GitHub/daniel-sandbox/rd-riop-EIP-demo/ethernet-ip/goal/plat/drv/net/lwip/goal_target_net.c:614:14:goal_targetLwipNetifInit	32	static
C:/Users/dpesavento.EIL/Documents/GitHub/daniel-sandbox/rd-riop-EIP-demo/ethernet-ip/goal/plat/drv/net/lwip/goal_target_net.c:682:14:goal_tgtNetIgmpMacFilter	64	static
C:/Users/dpesavento.EIL/Documents/GitHub/daniel-sandbox/rd-riop-EIP-demo/ethernet-ip/goal/plat/drv/net/lwip/goal_target_net.c:754:12:sys_arch_protect	16	static
C:/Users/dpesavento.EIL/Documents/GitHub/daniel-sandbox/rd-riop-EIP-demo/ethernet-ip/goal/plat/drv/net/lwip/goal_target_net.c:774:6:sys_arch_unprotect	16	static
C:/Users/dpesavento.EIL/Documents/GitHub/daniel-sandbox/rd-riop-EIP-demo/ethernet-ip/goal/plat/drv/net/lwip/goal_target_net.c:792:13:goal_targetNetChanDataPresentCheck	4	static
C:/Users/dpesavento.EIL/Documents/GitHub/daniel-sandbox/rd-riop-EIP-demo/ethernet-ip/goal/plat/drv/net/lwip/goal_target_net.c:807:6:goal_targetNetChanPoll	16	static
C:/Users/dpesavento.EIL/Documents/GitHub/daniel-sandbox/rd-riop-EIP-demo/ethernet-ip/goal/plat/drv/net/lwip/goal_target_net.c:824:22:goal_drvNetLwipIpSet	48	static
C:/Users/dpesavento.EIL/Documents/GitHub/daniel-sandbox/rd-riop-EIP-demo/ethernet-ip/goal/plat/drv/net/lwip/goal_target_net.c:879:22:goal_drvNetLwipIpGet	32	static
C:/Users/dpesavento.EIL/Documents/GitHub/daniel-sandbox/rd-riop-EIP-demo/ethernet-ip/goal/plat/drv/net/lwip/goal_target_net.c:933:15:goal_targetNetChanCreate	40	static
C:/Users/dpesavento.EIL/Documents/GitHub/daniel-sandbox/rd-riop-EIP-demo/ethernet-ip/goal/plat/drv/net/lwip/goal_target_net.c:1048:15:goal_targetNetChanDelete	24	static
C:/Users/dpesavento.EIL/Documents/GitHub/daniel-sandbox/rd-riop-EIP-demo/ethernet-ip/goal/plat/drv/net/lwip/goal_target_net.c:1101:15:goal_targetNetChanOpen	48	static
C:/Users/dpesavento.EIL/Documents/GitHub/daniel-sandbox/rd-riop-EIP-demo/ethernet-ip/goal/plat/drv/net/lwip/goal_target_net.c:1301:15:goal_targetNetChanActivate	24	static
C:/Users/dpesavento.EIL/Documents/GitHub/daniel-sandbox/rd-riop-EIP-demo/ethernet-ip/goal/plat/drv/net/lwip/goal_target_net.c:1326:15:goal_targetNetChanDeactivate	16	static
C:/Users/dpesavento.EIL/Documents/GitHub/daniel-sandbox/rd-riop-EIP-demo/ethernet-ip/goal/plat/drv/net/lwip/goal_target_net.c:1347:15:goal_targetNetChanClose	32	static
C:/Users/dpesavento.EIL/Documents/GitHub/daniel-sandbox/rd-riop-EIP-demo/ethernet-ip/goal/plat/drv/net/lwip/goal_target_net.c:1406:15:goal_targetNetChanSend	56	static
C:/Users/dpesavento.EIL/Documents/GitHub/daniel-sandbox/rd-riop-EIP-demo/ethernet-ip/goal/plat/drv/net/lwip/goal_target_net.c:1512:15:goal_targetNetChanOptSet	48	static
C:/Users/dpesavento.EIL/Documents/GitHub/daniel-sandbox/rd-riop-EIP-demo/ethernet-ip/goal/plat/drv/net/lwip/goal_target_net.c:1628:22:goal_targetNetOptSetSocket	24	static
C:/Users/dpesavento.EIL/Documents/GitHub/daniel-sandbox/rd-riop-EIP-demo/ethernet-ip/goal/plat/drv/net/lwip/goal_target_net.c:1692:14:goal_targetLwipOutput	48	static
C:/Users/dpesavento.EIL/Documents/GitHub/daniel-sandbox/rd-riop-EIP-demo/ethernet-ip/goal/plat/drv/net/lwip/goal_target_net.c:1807:13:goal_targetNetUdpRecvCb	64	static
C:/Users/dpesavento.EIL/Documents/GitHub/daniel-sandbox/rd-riop-EIP-demo/ethernet-ip/goal/plat/drv/net/lwip/goal_target_net.c:1874:14:goal_tgtNetTcpPollCb	16	static
C:/Users/dpesavento.EIL/Documents/GitHub/daniel-sandbox/rd-riop-EIP-demo/ethernet-ip/goal/plat/drv/net/lwip/goal_target_net.c:1918:14:goal_tgtNetTcpAcceptCb	56	static
C:/Users/dpesavento.EIL/Documents/GitHub/daniel-sandbox/rd-riop-EIP-demo/ethernet-ip/goal/plat/drv/net/lwip/goal_target_net.c:1982:14:goal_tgtNetTcpRxCb	56	static
C:/Users/dpesavento.EIL/Documents/GitHub/daniel-sandbox/rd-riop-EIP-demo/ethernet-ip/goal/plat/drv/net/lwip/goal_target_net.c:2083:14:goal_tgtNetTcpConnectCb	32	static
C:/Users/dpesavento.EIL/Documents/GitHub/daniel-sandbox/rd-riop-EIP-demo/ethernet-ip/goal/plat/drv/net/lwip/goal_target_net.c:2129:13:goal_tgtNetTcpErrorHandlerCb	24	static
C:/Users/dpesavento.EIL/Documents/GitHub/daniel-sandbox/rd-riop-EIP-demo/ethernet-ip/goal/plat/drv/net/lwip/goal_target_net.c:2232:7:sys_now	8	static
C:/Users/dpesavento.EIL/Documents/GitHub/daniel-sandbox/rd-riop-EIP-demo/ethernet-ip/goal/plat/drv/net/lwip/goal_target_net.c:2259:22:goal_targetNetChanRecv	48	static
C:/Users/dpesavento.EIL/Documents/GitHub/daniel-sandbox/rd-riop-EIP-demo/ethernet-ip/goal/plat/drv/net/lwip/goal_target_net.c:2322:13:goal_targetNetTimerCbLwip	16	static
C:/Users/dpesavento.EIL/Documents/GitHub/daniel-sandbox/rd-riop-EIP-demo/ethernet-ip/goal/plat/drv/net/lwip/goal_target_net.c:2486:22:goal_drvNetLwipCmd	32	static
C:/Users/dpesavento.EIL/Documents/GitHub/daniel-sandbox/rd-riop-EIP-demo/ethernet-ip/goal/plat/drv/net/lwip/goal_target_net.c:2633:22:goal_targetNetDhcpSend	64	static
