C:/Users/dpesavento.EIL/Documents/GitHub/daniel-sandbox/rd-riop-EIP-demo/appl/ethernet-ip/riop/modbus/portevent.c:54:20:prvInIsr	16	static
C:/Users/dpesavento.EIL/Documents/GitHub/daniel-sandbox/rd-riop-EIP-demo/appl/ethernet-ip/riop/modbus/portevent.c:62:1:xMBMasterPortEventInit	8	static
C:/Users/dpesavento.EIL/Documents/GitHub/daniel-sandbox/rd-riop-EIP-demo/appl/ethernet-ip/riop/modbus/portevent.c:70:1:xMBMasterPortEventPost	24	static
C:/Users/dpesavento.EIL/Documents/GitHub/daniel-sandbox/rd-riop-EIP-demo/appl/ethernet-ip/riop/modbus/portevent.c:92:1:xMBMasterPortEventGet	16	static
C:/Users/dpesavento.EIL/Documents/GitHub/daniel-sandbox/rd-riop-EIP-demo/appl/ethernet-ip/riop/modbus/portevent.c:105:6:vMBMasterOsResInit	8	static
C:/Users/dpesavento.EIL/Documents/GitHub/daniel-sandbox/rd-riop-EIP-demo/appl/ethernet-ip/riop/modbus/portevent.c:118:6:xMBMasterRunResTake	24	static
C:/Users/dpesavento.EIL/Documents/GitHub/daniel-sandbox/rd-riop-EIP-demo/appl/ethernet-ip/riop/modbus/portevent.c:134:6:vMBMasterRunResRelease	8	static
C:/Users/dpesavento.EIL/Documents/GitHub/daniel-sandbox/rd-riop-EIP-demo/appl/ethernet-ip/riop/modbus/portevent.c:143:6:vMBMasterCBRequestScuuess	8	static
C:/Users/dpesavento.EIL/Documents/GitHub/daniel-sandbox/rd-riop-EIP-demo/appl/ethernet-ip/riop/modbus/portevent.c:149:6:vMBMasterErrorCBRespondTimeout	16	static
C:/Users/dpesavento.EIL/Documents/GitHub/daniel-sandbox/rd-riop-EIP-demo/appl/ethernet-ip/riop/modbus/portevent.c:157:6:vMBMasterErrorCBReceiveData	16	static
C:/Users/dpesavento.EIL/Documents/GitHub/daniel-sandbox/rd-riop-EIP-demo/appl/ethernet-ip/riop/modbus/portevent.c:165:6:vMBMasterErrorCBExecuteFunction	16	static
C:/Users/dpesavento.EIL/Documents/GitHub/daniel-sandbox/rd-riop-EIP-demo/appl/ethernet-ip/riop/modbus/portevent.c:173:21:eMBMasterWaitRequestFinish	8	static
