C:/NXP_MCUxpresso_SDK/mcuxsdk/mcuxsdk/arch/arm/CMSIS/Core/Include/core_cm7.h:2013:22:__NVIC_EnableIRQ	16	static
C:/NXP_MCUxpresso_SDK/mcuxsdk/mcuxsdk/devices/RT/RT1180/MIMXRT1189/drivers/fsl_clock.h:1581:20:CLOCK_ControlGate	16	static
C:/NXP_MCUxpresso_SDK/mcuxsdk/mcuxsdk/devices/RT/RT1180/MIMXRT1189/drivers/fsl_clock.h:1599:20:CLOCK_EnableClock	16	static
C:/NXP_MCUxpresso_SDK/mcuxsdk/mcuxsdk/devices/RT/RT1180/MIMXRT1189/drivers/fsl_clock.h:1609:20:CLOCK_DisableClock	16	static
C:/NXP_MCUxpresso_SDK/mcuxsdk/mcuxsdk/drivers/common/fsl_common_arm.h:714:24:EnableIRQ	24	static
C:/NXP_MCUxpresso_SDK/mcuxsdk/mcuxsdk/drivers/tpm/fsl_tpm.h:462:20:TPM_Reset	16	static
C:/NXP_MCUxpresso_SDK/mcuxsdk/mcuxsdk/drivers/tpm/fsl_tpm.h:542:23:TPM_GetChannelContorlBits	16	static
C:/NXP_MCUxpresso_SDK/mcuxsdk/mcuxsdk/drivers/tpm/fsl_tpm.h:558:24:TPM_DisableChannel	16	static
C:/NXP_MCUxpresso_SDK/mcuxsdk/mcuxsdk/drivers/tpm/fsl_tpm.h:599:24:TPM_EnableChannel	16	static
C:/NXP_MCUxpresso_SDK/mcuxsdk/mcuxsdk/drivers/tpm/fsl_tpm.c:88:10:TPM_GetInstance	24	static
C:/NXP_MCUxpresso_SDK/mcuxsdk/mcuxsdk/drivers/tpm/fsl_tpm.c:120:6:TPM_Init	16	static
C:/NXP_MCUxpresso_SDK/mcuxsdk/mcuxsdk/drivers/tpm/fsl_tpm.c:178:6:TPM_Deinit	16	static
C:/NXP_MCUxpresso_SDK/mcuxsdk/mcuxsdk/drivers/tpm/fsl_tpm.c:220:6:TPM_GetDefaultConfig	16	static
C:/NXP_MCUxpresso_SDK/mcuxsdk/mcuxsdk/drivers/tpm/fsl_tpm.c:272:22:TPM_CalculateCounterClkDiv	32	static
C:/NXP_MCUxpresso_SDK/mcuxsdk/mcuxsdk/drivers/tpm/fsl_tpm.c:302:17:TPM_SetupSinglePwmChannel	48	static
C:/NXP_MCUxpresso_SDK/mcuxsdk/mcuxsdk/drivers/tpm/fsl_tpm.c:542:10:TPM_SetupPwm	64	static
C:/NXP_MCUxpresso_SDK/mcuxsdk/mcuxsdk/drivers/tpm/fsl_tpm.c:670:10:TPM_UpdatePwmDutycycle	40	static
C:/NXP_MCUxpresso_SDK/mcuxsdk/mcuxsdk/drivers/tpm/fsl_tpm.c:829:6:TPM_UpdateChnlEdgeLevelSelect	24	static
C:/NXP_MCUxpresso_SDK/mcuxsdk/mcuxsdk/drivers/tpm/fsl_tpm.c:857:6:TPM_SetupInputCapture	16	static
C:/NXP_MCUxpresso_SDK/mcuxsdk/mcuxsdk/drivers/tpm/fsl_tpm.c:903:10:TPM_SetupOutputCompare	24	static
C:/NXP_MCUxpresso_SDK/mcuxsdk/mcuxsdk/drivers/tpm/fsl_tpm.c:964:6:TPM_SetupDualEdgeCapture	40	static
C:/NXP_MCUxpresso_SDK/mcuxsdk/mcuxsdk/drivers/tpm/fsl_tpm.c:1041:6:TPM_SetupQuadDecode	32	static
C:/NXP_MCUxpresso_SDK/mcuxsdk/mcuxsdk/drivers/tpm/fsl_tpm.c:1125:6:TPM_EnableInterrupts	24	static
C:/NXP_MCUxpresso_SDK/mcuxsdk/mcuxsdk/drivers/tpm/fsl_tpm.c:1155:6:TPM_DisableInterrupts	24	static
C:/NXP_MCUxpresso_SDK/mcuxsdk/mcuxsdk/drivers/tpm/fsl_tpm.c:1186:10:TPM_GetEnabledInterrupts	32	static
C:/NXP_MCUxpresso_SDK/mcuxsdk/mcuxsdk/drivers/tpm/fsl_tpm.c:1223:6:TPM_RegisterCallBack	24	static
C:/NXP_MCUxpresso_SDK/mcuxsdk/mcuxsdk/drivers/tpm/fsl_tpm.c:1252:6:TPM_DriverIRQHandler	16	static
C:/NXP_MCUxpresso_SDK/mcuxsdk/mcuxsdk/drivers/tpm/fsl_tpm.c:1274:6:TPM1_DriverIRQHandler	8	static
C:/NXP_MCUxpresso_SDK/mcuxsdk/mcuxsdk/drivers/tpm/fsl_tpm.c:1284:6:TPM2_DriverIRQHandler	8	static
