C:/NXP_MCUxpresso_SDK/mcuxsdk/mcuxsdk/devices/RT/RT1180/MIMXRT1189/drivers/fsl_clock.h:1581:20:CLOCK_ControlGate	16	static
C:/NXP_MCUxpresso_SDK/mcuxsdk/mcuxsdk/devices/RT/RT1180/MIMXRT1189/drivers/fsl_clock.h:1599:20:CLOCK_EnableClock	16	static
C:/NXP_MCUxpresso_SDK/mcuxsdk/mcuxsdk/devices/RT/RT1180/MIMXRT1189/drivers/fsl_iomuxc.h:1880:20:IOMUXC_SetPinMux	24	static
C:/NXP_MCUxpresso_SDK/mcuxsdk/mcuxsdk/devices/RT/RT1180/MIMXRT1189/drivers/fsl_iomuxc.h:1912:20:IOMUXC_SetPinConfig	24	static
C:/NXP_MCUxpresso_SDK/mcuxsdk/mcuxsdk/drivers/rgpio/fsl_rgpio.h:386:20:RGPIO_SetPinInterruptConfig	24	static
C:/Users/dpesavento.EIL/Documents/GitHub/daniel-sandbox/rd-riop-EIP-demo/common/m33/board/pin_mux.c:139:6:BOARD_InitBootPins	8	static
C:/Users/dpesavento.EIL/Documents/GitHub/daniel-sandbox/rd-riop-EIP-demo/common/m33/board/pin_mux.c:173:6:BOARD_Init_LPUART1_RS485_Pins	16	static
C:/Users/dpesavento.EIL/Documents/GitHub/daniel-sandbox/rd-riop-EIP-demo/common/m33/board/pin_mux.c:257:6:BOARD_Init_NETC_ENETC0_ETH4_RGMII_Pins	16	static
C:/Users/dpesavento.EIL/Documents/GitHub/daniel-sandbox/rd-riop-EIP-demo/common/m33/board/pin_mux.c:379:6:BOARD_Init_NETC_ENETC0_ETH4_PHY_Config_Pins	24	static
C:/Users/dpesavento.EIL/Documents/GitHub/daniel-sandbox/rd-riop-EIP-demo/common/m33/board/pin_mux.c:455:6:BOARD_Init_NETC_SWT_ETH3_RGMII_Pins	16	static
C:/Users/dpesavento.EIL/Documents/GitHub/daniel-sandbox/rd-riop-EIP-demo/common/m33/board/pin_mux.c:595:6:BOARD_Init_NETC_SWT_ETH2_RGMII_Pins	16	static
C:/Users/dpesavento.EIL/Documents/GitHub/daniel-sandbox/rd-riop-EIP-demo/common/m33/board/pin_mux.c:717:6:BOARD_Init_NETC_ETH2_ETH3_PHY_Config_Pins	24	static
C:/Users/dpesavento.EIL/Documents/GitHub/daniel-sandbox/rd-riop-EIP-demo/common/m33/board/pin_mux.c:803:6:BOARD_Init_ECAT_PT0_MII_Pins	16	static
C:/Users/dpesavento.EIL/Documents/GitHub/daniel-sandbox/rd-riop-EIP-demo/common/m33/board/pin_mux.c:966:6:BOARD_Init_ECAT_PT1_MII_Pins	16	static
C:/Users/dpesavento.EIL/Documents/GitHub/daniel-sandbox/rd-riop-EIP-demo/common/m33/board/pin_mux.c:1107:6:BOARD_Init_ECAT_PT0_PT1_PHY_Config_Pins	24	static
C:/Users/dpesavento.EIL/Documents/GitHub/daniel-sandbox/rd-riop-EIP-demo/common/m33/board/pin_mux.c:1189:6:BOARD_Init_FlexSPI2_HYPERRAM_Pins	16	static
C:/Users/dpesavento.EIL/Documents/GitHub/daniel-sandbox/rd-riop-EIP-demo/common/m33/board/pin_mux.c:1311:6:BOARD_Init_CAN1_Pins	24	static
C:/Users/dpesavento.EIL/Documents/GitHub/daniel-sandbox/rd-riop-EIP-demo/common/m33/board/pin_mux.c:1378:6:BOARD_Init_LED_BUTTON_Pins	32	static
C:/Users/dpesavento.EIL/Documents/GitHub/daniel-sandbox/rd-riop-EIP-demo/common/m33/board/pin_mux.c:1485:6:BOARD_Init_Digital_Input_Pins	48	static
C:/Users/dpesavento.EIL/Documents/GitHub/daniel-sandbox/rd-riop-EIP-demo/common/m33/board/pin_mux.c:1647:6:BOARD_Init_Digital_Output_Pins	48	static
C:/Users/dpesavento.EIL/Documents/GitHub/daniel-sandbox/rd-riop-EIP-demo/common/m33/board/pin_mux.c:1810:6:BOARD_Init_AFE_Pins	32	static
C:/Users/dpesavento.EIL/Documents/GitHub/daniel-sandbox/rd-riop-EIP-demo/common/m33/board/pin_mux.c:1940:6:BOARD_Init_PWM_Pins	16	static
C:/Users/dpesavento.EIL/Documents/GitHub/daniel-sandbox/rd-riop-EIP-demo/common/m33/board/pin_mux.c:2008:6:BOARD_Init_ECAT_I2C_Pins	16	static
