C:/Users/dpesavento.EIL/Documents/GitHub/daniel-sandbox/rd-riop-EIP-demo/ethernet-ip/goal/plat/arch/freertos/goal_target.c:192:5:main	32	static
C:/Users/dpesavento.EIL/Documents/GitHub/daniel-sandbox/rd-riop-EIP-demo/ethernet-ip/goal/plat/arch/freertos/goal_target.c:230:13:goal_tgtInit	24	static
C:/Users/dpesavento.EIL/Documents/GitHub/daniel-sandbox/rd-riop-EIP-demo/ethernet-ip/goal/plat/arch/freertos/goal_target.c:266:22:goal_targetTaskLoop	24	static
C:/Users/dpesavento.EIL/Documents/GitHub/daniel-sandbox/rd-riop-EIP-demo/ethernet-ip/goal/plat/arch/freertos/goal_target.c:298:6:vApplicationTickHook	4	static
C:/Users/dpesavento.EIL/Documents/GitHub/daniel-sandbox/rd-riop-EIP-demo/ethernet-ip/goal/plat/arch/freertos/goal_target.c:348:6:vApplicationStackOverflowHook	24	static
C:/Users/dpesavento.EIL/Documents/GitHub/daniel-sandbox/rd-riop-EIP-demo/ethernet-ip/goal/plat/arch/freertos/goal_target.c:369:15:goal_targetInitPre	16	static
C:/Users/dpesavento.EIL/Documents/GitHub/daniel-sandbox/rd-riop-EIP-demo/ethernet-ip/goal/plat/arch/freertos/goal_target.c:415:22:goal_stageTgtMemPreInit	8	static
C:/Users/dpesavento.EIL/Documents/GitHub/daniel-sandbox/rd-riop-EIP-demo/ethernet-ip/goal/plat/arch/freertos/goal_target.c:431:22:goal_stageTgtTaskInit	32	static
C:/Users/dpesavento.EIL/Documents/GitHub/daniel-sandbox/rd-riop-EIP-demo/ethernet-ip/goal/plat/arch/freertos/goal_target.c:454:22:goal_stageTgtTaskShutdown	8	static
C:/Users/dpesavento.EIL/Documents/GitHub/daniel-sandbox/rd-riop-EIP-demo/ethernet-ip/goal/plat/arch/freertos/goal_target.c:472:15:goal_tgtTaskCreate	56	static
C:/Users/dpesavento.EIL/Documents/GitHub/daniel-sandbox/rd-riop-EIP-demo/ethernet-ip/goal/plat/arch/freertos/goal_target.c:535:15:goal_tgtTaskMapSet	16	static
C:/Users/dpesavento.EIL/Documents/GitHub/daniel-sandbox/rd-riop-EIP-demo/ethernet-ip/goal/plat/arch/freertos/goal_target.c:552:15:goal_tgtTaskStart	16	static
C:/Users/dpesavento.EIL/Documents/GitHub/daniel-sandbox/rd-riop-EIP-demo/ethernet-ip/goal/plat/arch/freertos/goal_target.c:565:13:goal_tgtTaskWrapper	32	static
C:/Users/dpesavento.EIL/Documents/GitHub/daniel-sandbox/rd-riop-EIP-demo/ethernet-ip/goal/plat/arch/freertos/goal_target.c:605:15:goal_tgtTaskExit	4	static
C:/Users/dpesavento.EIL/Documents/GitHub/daniel-sandbox/rd-riop-EIP-demo/ethernet-ip/goal/plat/arch/freertos/goal_target.c:619:15:goal_tgtTaskMsSleep	16	static
C:/Users/dpesavento.EIL/Documents/GitHub/daniel-sandbox/rd-riop-EIP-demo/ethernet-ip/goal/plat/arch/freertos/goal_target.c:640:15:goal_tgtTaskTestSelf	24	static
C:/Users/dpesavento.EIL/Documents/GitHub/daniel-sandbox/rd-riop-EIP-demo/ethernet-ip/goal/plat/arch/freertos/goal_target.c:665:15:goal_tgtTaskPrioGet	24	static
C:/Users/dpesavento.EIL/Documents/GitHub/daniel-sandbox/rd-riop-EIP-demo/ethernet-ip/goal/plat/arch/freertos/goal_target.c:689:15:goal_tgtTaskPrioSet	16	static
C:/Users/dpesavento.EIL/Documents/GitHub/daniel-sandbox/rd-riop-EIP-demo/ethernet-ip/goal/plat/arch/freertos/goal_target.c:708:15:goal_tgtTaskSuspend	24	static
C:/Users/dpesavento.EIL/Documents/GitHub/daniel-sandbox/rd-riop-EIP-demo/ethernet-ip/goal/plat/arch/freertos/goal_target.c:732:15:goal_tgtTaskResume	32	static
C:/Users/dpesavento.EIL/Documents/GitHub/daniel-sandbox/rd-riop-EIP-demo/ethernet-ip/goal/plat/arch/freertos/goal_target.c:760:18:goal_targetGetTimestamp	4	static
C:/Users/dpesavento.EIL/Documents/GitHub/daniel-sandbox/rd-riop-EIP-demo/ethernet-ip/goal/plat/arch/freertos/goal_target.c:776:15:goal_targetTimerInit	4	static
C:/Users/dpesavento.EIL/Documents/GitHub/daniel-sandbox/rd-riop-EIP-demo/ethernet-ip/goal/plat/arch/freertos/goal_target.c:798:15:goal_targetTimerCreate	32	static
C:/Users/dpesavento.EIL/Documents/GitHub/daniel-sandbox/rd-riop-EIP-demo/ethernet-ip/goal/plat/arch/freertos/goal_target.c:831:15:goal_targetTimerStart	40	static
C:/Users/dpesavento.EIL/Documents/GitHub/daniel-sandbox/rd-riop-EIP-demo/ethernet-ip/goal/plat/arch/freertos/goal_target.c:871:15:goal_targetTimerStop	32	static
C:/Users/dpesavento.EIL/Documents/GitHub/daniel-sandbox/rd-riop-EIP-demo/ethernet-ip/goal/plat/arch/freertos/goal_target.c:900:15:goal_targetTimerDelete	32	static
C:/Users/dpesavento.EIL/Documents/GitHub/daniel-sandbox/rd-riop-EIP-demo/ethernet-ip/goal/plat/arch/freertos/goal_target.c:932:13:goal_tgtTimerCbWrapper	32	static
C:/Users/dpesavento.EIL/Documents/GitHub/daniel-sandbox/rd-riop-EIP-demo/ethernet-ip/goal/plat/arch/freertos/goal_target.c:960:15:goal_targetLockInit	4	static
C:/Users/dpesavento.EIL/Documents/GitHub/daniel-sandbox/rd-riop-EIP-demo/ethernet-ip/goal/plat/arch/freertos/goal_target.c:976:15:goal_targetLockShutdown	4	static
C:/Users/dpesavento.EIL/Documents/GitHub/daniel-sandbox/rd-riop-EIP-demo/ethernet-ip/goal/plat/arch/freertos/goal_target.c:998:15:goal_targetLockCreate	32	static
C:/Users/dpesavento.EIL/Documents/GitHub/daniel-sandbox/rd-riop-EIP-demo/ethernet-ip/goal/plat/arch/freertos/goal_target.c:1052:15:goal_targetLockGet	32	static
C:/Users/dpesavento.EIL/Documents/GitHub/daniel-sandbox/rd-riop-EIP-demo/ethernet-ip/goal/plat/arch/freertos/goal_target.c:1090:15:goal_targetLockPut	32	static
C:/Users/dpesavento.EIL/Documents/GitHub/daniel-sandbox/rd-riop-EIP-demo/ethernet-ip/goal/plat/arch/freertos/goal_target.c:1128:15:goal_targetLockDelete	16	static
C:/Users/dpesavento.EIL/Documents/GitHub/daniel-sandbox/rd-riop-EIP-demo/ethernet-ip/goal/plat/arch/freertos/goal_target.c:1151:30:goal_targetCommonIsrCheck	4	static
C:/Users/dpesavento.EIL/Documents/GitHub/daniel-sandbox/rd-riop-EIP-demo/ethernet-ip/goal/plat/arch/freertos/goal_target.c:1159:32:goal_targetMainPreOsCb	4	static
