C:/Users/dpesavento.EIL/Documents/GitHub/daniel-sandbox/rd-riop-EIP-demo/appl/ethernet-ip/riop/dce_task.c:46:6:dce_dataGet	24	static
C:/Users/dpesavento.EIL/Documents/GitHub/daniel-sandbox/rd-riop-EIP-demo/appl/ethernet-ip/riop/dce_task.c:55:13:dce_dataSet	16	static
C:/Users/dpesavento.EIL/Documents/GitHub/daniel-sandbox/rd-riop-EIP-demo/appl/ethernet-ip/riop/dce_task.c:68:13:dce_dataInvalidate	8	static
C:/Users/dpesavento.EIL/Documents/GitHub/daniel-sandbox/rd-riop-EIP-demo/appl/ethernet-ip/riop/dce_task.c:82:13:dce_mbPollTask	16	static
C:/Users/dpesavento.EIL/Documents/GitHub/daniel-sandbox/rd-riop-EIP-demo/appl/ethernet-ip/riop/dce_task.c:96:17:dce_u32Get	16	static
C:/Users/dpesavento.EIL/Documents/GitHub/daniel-sandbox/rd-riop-EIP-demo/appl/ethernet-ip/riop/dce_task.c:103:13:dce_task	56	static
C:/Users/dpesavento.EIL/Documents/GitHub/daniel-sandbox/rd-riop-EIP-demo/appl/ethernet-ip/riop/dce_task.c:160:6:dce_taskInit	16	static
