C:/NXP_MCUxpresso_SDK/mcuxsdk/mcuxsdk/devices/RT/RT1180/MIMXRT1189/drivers/fsl_clock.h:1474:24:CLOCK_GetRootClockMux	16	static
C:/NXP_MCUxpresso_SDK/mcuxsdk/mcuxsdk/devices/RT/RT1180/MIMXRT1189/drivers/fsl_clock.h:1515:24:CLOCK_GetRootClockDiv	16	static
C:/NXP_MCUxpresso_SDK/mcuxsdk/mcuxsdk/devices/RT/RT1180/MIMXRT1189/drivers/fsl_clock.h:1581:20:CLOCK_ControlGate	16	static
C:/NXP_MCUxpresso_SDK/mcuxsdk/mcuxsdk/devices/RT/RT1180/MIMXRT1189/drivers/fsl_clock.h:1599:20:CLOCK_EnableClock	16	static
C:/NXP_MCUxpresso_SDK/mcuxsdk/mcuxsdk/devices/RT/RT1180/MIMXRT1189/drivers/fsl_clock.c:170:6:CLOCK_InitArmPll	24	static
C:/NXP_MCUxpresso_SDK/mcuxsdk/mcuxsdk/devices/RT/RT1180/MIMXRT1189/drivers/fsl_clock.c:227:6:CLOCK_DeinitArmPll	16	static
C:/NXP_MCUxpresso_SDK/mcuxsdk/mcuxsdk/devices/RT/RT1180/MIMXRT1189/drivers/fsl_clock.c:236:6:CLOCK_CalcPllSpreadSpectrum	24	static
C:/NXP_MCUxpresso_SDK/mcuxsdk/mcuxsdk/devices/RT/RT1180/MIMXRT1189/drivers/fsl_clock.c:245:6:CLOCK_InitSysPll2	24	static
C:/NXP_MCUxpresso_SDK/mcuxsdk/mcuxsdk/devices/RT/RT1180/MIMXRT1189/drivers/fsl_clock.c:325:6:CLOCK_DeinitSysPll2	4	static
C:/NXP_MCUxpresso_SDK/mcuxsdk/mcuxsdk/devices/RT/RT1180/MIMXRT1189/drivers/fsl_clock.c:347:6:CLOCK_IsSysPll2PfdEnabled	16	static
C:/NXP_MCUxpresso_SDK/mcuxsdk/mcuxsdk/devices/RT/RT1180/MIMXRT1189/drivers/fsl_clock.c:355:6:CLOCK_InitPfd	40	static
C:/NXP_MCUxpresso_SDK/mcuxsdk/mcuxsdk/devices/RT/RT1180/MIMXRT1189/drivers/fsl_clock.c:411:6:CLOCK_DeinitPfd	24	static
C:/NXP_MCUxpresso_SDK/mcuxsdk/mcuxsdk/devices/RT/RT1180/MIMXRT1189/drivers/fsl_clock.c:440:10:CLOCK_GetPfdFreq	32	static
C:/NXP_MCUxpresso_SDK/mcuxsdk/mcuxsdk/devices/RT/RT1180/MIMXRT1189/drivers/fsl_clock.c:493:6:CLOCK_InitSysPll3	16	static
C:/NXP_MCUxpresso_SDK/mcuxsdk/mcuxsdk/devices/RT/RT1180/MIMXRT1189/drivers/fsl_clock.c:551:6:CLOCK_DeinitSysPll3	4	static
C:/NXP_MCUxpresso_SDK/mcuxsdk/mcuxsdk/devices/RT/RT1180/MIMXRT1189/drivers/fsl_clock.c:571:6:CLOCK_IsSysPll3PfdEnabled	16	static
C:/NXP_MCUxpresso_SDK/mcuxsdk/mcuxsdk/devices/RT/RT1180/MIMXRT1189/drivers/fsl_clock.c:577:6:CLOCK_SetPllBypass	16	static
C:/NXP_MCUxpresso_SDK/mcuxsdk/mcuxsdk/devices/RT/RT1180/MIMXRT1189/drivers/fsl_clock.c:605:13:ANATOP_PllSetPower	16	static
C:/NXP_MCUxpresso_SDK/mcuxsdk/mcuxsdk/devices/RT/RT1180/MIMXRT1189/drivers/fsl_clock.c:617:13:ANATOP_PllBypass	16	static
C:/NXP_MCUxpresso_SDK/mcuxsdk/mcuxsdk/devices/RT/RT1180/MIMXRT1189/drivers/fsl_clock.c:629:13:ANATOP_PllEnablePllReg	16	static
C:/NXP_MCUxpresso_SDK/mcuxsdk/mcuxsdk/devices/RT/RT1180/MIMXRT1189/drivers/fsl_clock.c:641:13:ANATOP_PllHoldRingOff	16	static
C:/NXP_MCUxpresso_SDK/mcuxsdk/mcuxsdk/devices/RT/RT1180/MIMXRT1189/drivers/fsl_clock.c:653:13:ANATOP_PllToggleHoldRingOff	16	static
C:/NXP_MCUxpresso_SDK/mcuxsdk/mcuxsdk/devices/RT/RT1180/MIMXRT1189/drivers/fsl_clock.c:660:13:ANATOP_PllEnableSs	16	static
C:/NXP_MCUxpresso_SDK/mcuxsdk/mcuxsdk/devices/RT/RT1180/MIMXRT1189/drivers/fsl_clock.c:672:13:ANATOP_PllEnableClk	16	static
C:/NXP_MCUxpresso_SDK/mcuxsdk/mcuxsdk/devices/RT/RT1180/MIMXRT1189/drivers/fsl_clock.c:684:13:ANATOP_PllConfigure	24	static
C:/NXP_MCUxpresso_SDK/mcuxsdk/mcuxsdk/devices/RT/RT1180/MIMXRT1189/drivers/fsl_clock.c:710:13:ANATOP_AudioPllGate	16	static
C:/NXP_MCUxpresso_SDK/mcuxsdk/mcuxsdk/devices/RT/RT1180/MIMXRT1189/drivers/fsl_clock.c:722:13:ANATOP_AudioPllSwEnClk	16	static
C:/NXP_MCUxpresso_SDK/mcuxsdk/mcuxsdk/devices/RT/RT1180/MIMXRT1189/drivers/fsl_clock.c:734:10:CLOCK_InitAudioPllWithFreq	48	static
C:/NXP_MCUxpresso_SDK/mcuxsdk/mcuxsdk/devices/RT/RT1180/MIMXRT1189/drivers/fsl_clock.c:753:6:CLOCK_InitAudioPll	40	static
C:/NXP_MCUxpresso_SDK/mcuxsdk/mcuxsdk/devices/RT/RT1180/MIMXRT1189/drivers/fsl_clock.c:804:6:CLOCK_DeinitAudioPll	8	static
C:/NXP_MCUxpresso_SDK/mcuxsdk/mcuxsdk/devices/RT/RT1180/MIMXRT1189/drivers/fsl_clock.c:814:10:CLOCK_CalcArmPllFreq	24	static
C:/NXP_MCUxpresso_SDK/mcuxsdk/mcuxsdk/devices/RT/RT1180/MIMXRT1189/drivers/fsl_clock.c:862:10:CLOCK_InitArmPllWithFreq	24	static
C:/NXP_MCUxpresso_SDK/mcuxsdk/mcuxsdk/devices/RT/RT1180/MIMXRT1189/drivers/fsl_clock.c:873:10:CLOCK_CalcAudioPllFreq	24	static
C:/NXP_MCUxpresso_SDK/mcuxsdk/mcuxsdk/devices/RT/RT1180/MIMXRT1189/drivers/fsl_clock.c:943:13:ANATOP_SysPll1Gate	16	static
C:/NXP_MCUxpresso_SDK/mcuxsdk/mcuxsdk/devices/RT/RT1180/MIMXRT1189/drivers/fsl_clock.c:955:13:ANATOP_SysPll1Div2En	16	static
C:/NXP_MCUxpresso_SDK/mcuxsdk/mcuxsdk/devices/RT/RT1180/MIMXRT1189/drivers/fsl_clock.c:967:13:ANATOP_SysPll1Div5En	16	static
C:/NXP_MCUxpresso_SDK/mcuxsdk/mcuxsdk/devices/RT/RT1180/MIMXRT1189/drivers/fsl_clock.c:979:13:ANATOP_SysPll1SwEnClk	16	static
C:/NXP_MCUxpresso_SDK/mcuxsdk/mcuxsdk/devices/RT/RT1180/MIMXRT1189/drivers/fsl_clock.c:991:13:ANATOP_SysPll1WaitStable	16	static
C:/NXP_MCUxpresso_SDK/mcuxsdk/mcuxsdk/devices/RT/RT1180/MIMXRT1189/drivers/fsl_clock.c:1002:6:CLOCK_InitSysPll1	40	static
C:/NXP_MCUxpresso_SDK/mcuxsdk/mcuxsdk/devices/RT/RT1180/MIMXRT1189/drivers/fsl_clock.c:1041:6:CLOCK_DeinitSysPll1	8	static
C:/NXP_MCUxpresso_SDK/mcuxsdk/mcuxsdk/devices/RT/RT1180/MIMXRT1189/drivers/fsl_clock.c:1053:6:CLOCK_OSC_EnableOsc24M	4	static
C:/NXP_MCUxpresso_SDK/mcuxsdk/mcuxsdk/devices/RT/RT1180/MIMXRT1189/drivers/fsl_clock.c:1071:6:CLOCK_OSC_SetOsc24MWorkMode	24	static
C:/NXP_MCUxpresso_SDK/mcuxsdk/mcuxsdk/devices/RT/RT1180/MIMXRT1189/drivers/fsl_clock.c:1089:6:CLOCK_OSC_SetOscRc400MRefClkDiv	16	static
C:/NXP_MCUxpresso_SDK/mcuxsdk/mcuxsdk/devices/RT/RT1180/MIMXRT1189/drivers/fsl_clock.c:1101:6:CLOCK_OSC_SetOscRc400MFastClkCount	16	static
C:/NXP_MCUxpresso_SDK/mcuxsdk/mcuxsdk/devices/RT/RT1180/MIMXRT1189/drivers/fsl_clock.c:1117:6:CLOCK_OSC_SetOscRc400MHysteresisValue	16	static
C:/NXP_MCUxpresso_SDK/mcuxsdk/mcuxsdk/devices/RT/RT1180/MIMXRT1189/drivers/fsl_clock.c:1132:6:CLOCK_OSC_BypassOscRc400MTuneLogic	16	static
C:/NXP_MCUxpresso_SDK/mcuxsdk/mcuxsdk/devices/RT/RT1180/MIMXRT1189/drivers/fsl_clock.c:1151:6:CLOCK_OSC_EnableOscRc400MTuneLogic	16	static
C:/NXP_MCUxpresso_SDK/mcuxsdk/mcuxsdk/devices/RT/RT1180/MIMXRT1189/drivers/fsl_clock.c:1170:6:CLOCK_OSC_FreezeOscRc400MTuneValue	16	static
C:/NXP_MCUxpresso_SDK/mcuxsdk/mcuxsdk/devices/RT/RT1180/MIMXRT1189/drivers/fsl_clock.c:1187:6:CLOCK_OSC_SetOscRc400MTuneValue	16	static
C:/NXP_MCUxpresso_SDK/mcuxsdk/mcuxsdk/devices/RT/RT1180/MIMXRT1189/drivers/fsl_clock.c:1201:6:CLOCK_OSC_Set1MHzOutputBehavior	24	static
C:/NXP_MCUxpresso_SDK/mcuxsdk/mcuxsdk/devices/RT/RT1180/MIMXRT1189/drivers/fsl_clock.c:1228:6:CLOCK_OSC_SetLocked1MHzCount	32	static
C:/NXP_MCUxpresso_SDK/mcuxsdk/mcuxsdk/devices/RT/RT1180/MIMXRT1189/drivers/fsl_clock.c:1255:6:CLOCK_OSC_CheckLocked1MHzErrorFlag	4	static
C:/NXP_MCUxpresso_SDK/mcuxsdk/mcuxsdk/devices/RT/RT1180/MIMXRT1189/drivers/fsl_clock.c:1263:6:CLOCK_OSC_ClearLocked1MHzErrorFlag	4	static
C:/NXP_MCUxpresso_SDK/mcuxsdk/mcuxsdk/devices/RT/RT1180/MIMXRT1189/drivers/fsl_clock.c:1273:10:CLOCK_OSC_GetCurrentOscRc400MFastClockCount	4	static
C:/NXP_MCUxpresso_SDK/mcuxsdk/mcuxsdk/devices/RT/RT1180/MIMXRT1189/drivers/fsl_clock.c:1284:9:CLOCK_OSC_GetCurrentOscRc400MTuneValue	4	static
C:/NXP_MCUxpresso_SDK/mcuxsdk/mcuxsdk/devices/RT/RT1180/MIMXRT1189/drivers/fsl_clock.c:1291:17:CLOCK_GetAudioPllFreq	56	static
C:/NXP_MCUxpresso_SDK/mcuxsdk/mcuxsdk/devices/RT/RT1180/MIMXRT1189/drivers/fsl_clock.c:1312:10:CLOCK_GetPllFreq	32	static
C:/NXP_MCUxpresso_SDK/mcuxsdk/mcuxsdk/devices/RT/RT1180/MIMXRT1189/drivers/fsl_clock.c:1370:10:CLOCK_GetFreq	24	static
C:/NXP_MCUxpresso_SDK/mcuxsdk/mcuxsdk/devices/RT/RT1180/MIMXRT1189/drivers/fsl_clock.c:1468:10:CLOCK_GetM7Freq	16	static
C:/NXP_MCUxpresso_SDK/mcuxsdk/mcuxsdk/devices/RT/RT1180/MIMXRT1189/drivers/fsl_clock.c:1510:10:CLOCK_GetM33Freq	16	static
C:/NXP_MCUxpresso_SDK/mcuxsdk/mcuxsdk/devices/RT/RT1180/MIMXRT1189/drivers/fsl_clock.c:1547:6:CLOCK_SetClockSourceControlMode	16	static
C:/NXP_MCUxpresso_SDK/mcuxsdk/mcuxsdk/devices/RT/RT1180/MIMXRT1189/drivers/fsl_clock.c:1659:6:CLOCK_OSC_TrimOscRc400M	16	static
C:/NXP_MCUxpresso_SDK/mcuxsdk/mcuxsdk/devices/RT/RT1180/MIMXRT1189/drivers/fsl_clock.c:1668:6:CLOCK_OSC_EnableOscRc400M	4	static
C:/NXP_MCUxpresso_SDK/mcuxsdk/mcuxsdk/devices/RT/RT1180/MIMXRT1189/drivers/fsl_clock.c:1675:10:CLOCK_GetFreqFromObs	16	static
C:/NXP_MCUxpresso_SDK/mcuxsdk/mcuxsdk/devices/RT/RT1180/MIMXRT1189/drivers/fsl_clock.c:1705:6:CLOCK_EnableUsbhs0Clock	16	static
C:/NXP_MCUxpresso_SDK/mcuxsdk/mcuxsdk/devices/RT/RT1180/MIMXRT1189/drivers/fsl_clock.c:1718:6:CLOCK_EnableUsbhs0PhyPllClock	24	static
C:/NXP_MCUxpresso_SDK/mcuxsdk/mcuxsdk/devices/RT/RT1180/MIMXRT1189/drivers/fsl_clock.c:1806:6:CLOCK_DisableUsbhs0PhyPllClock	4	static
C:/NXP_MCUxpresso_SDK/mcuxsdk/mcuxsdk/devices/RT/RT1180/MIMXRT1189/drivers/fsl_clock.c:1812:6:CLOCK_EnableUsbhs1Clock	16	static
C:/NXP_MCUxpresso_SDK/mcuxsdk/mcuxsdk/devices/RT/RT1180/MIMXRT1189/drivers/fsl_clock.c:1816:6:CLOCK_EnableUsbhs1PhyPllClock	24	static
C:/NXP_MCUxpresso_SDK/mcuxsdk/mcuxsdk/devices/RT/RT1180/MIMXRT1189/drivers/fsl_clock.c:1903:6:CLOCK_DisableUsbhs1PhyPllClock	4	static
C:/NXP_MCUxpresso_SDK/mcuxsdk/mcuxsdk/devices/RT/RT1180/MIMXRT1189/drivers/fsl_clock.c:1911:6:CLOCK_OSCPLL_ControlByCpuLowPowerMode	32	static
C:/NXP_MCUxpresso_SDK/mcuxsdk/mcuxsdk/devices/RT/RT1180/MIMXRT1189/drivers/fsl_clock.c:1943:6:CLOCK_LPCG_ControlByCpuLowPowerMode	32	static
