C:/NXP_MCUxpresso_SDK/mcuxsdk/mcuxsdk/drivers/mu1/fsl_mu.h:701:20:MU_ClearStatusFlags	24	static
C:/NXP_MCUxpresso_SDK/mcuxsdk/mcuxsdk/middleware/multicore/mcmgr/src/mcmgr_mu_internal.c:31:28:MU_Tx3EmptyFlagISR	16	static
C:/NXP_MCUxpresso_SDK/mcuxsdk/mcuxsdk/middleware/multicore/mcmgr/src/mcmgr_mu_internal.c:32:28:MU_Tx2EmptyFlagISR	16	static
C:/NXP_MCUxpresso_SDK/mcuxsdk/mcuxsdk/middleware/multicore/mcmgr/src/mcmgr_mu_internal.c:33:28:MU_Tx1EmptyFlagISR	16	static
C:/NXP_MCUxpresso_SDK/mcuxsdk/mcuxsdk/middleware/multicore/mcmgr/src/mcmgr_mu_internal.c:34:28:MU_Tx0EmptyFlagISR	16	static
C:/NXP_MCUxpresso_SDK/mcuxsdk/mcuxsdk/middleware/multicore/mcmgr/src/mcmgr_mu_internal.c:35:28:MU_Rx3FullFlagISR	16	static
C:/NXP_MCUxpresso_SDK/mcuxsdk/mcuxsdk/middleware/multicore/mcmgr/src/mcmgr_mu_internal.c:36:28:MU_Rx2FullFlagISR	16	static
C:/NXP_MCUxpresso_SDK/mcuxsdk/mcuxsdk/middleware/multicore/mcmgr/src/mcmgr_mu_internal.c:37:28:MU_Rx1FullFlagISR	16	static
C:/NXP_MCUxpresso_SDK/mcuxsdk/mcuxsdk/middleware/multicore/mcmgr/src/mcmgr_mu_internal.c:38:28:MU_Rx0FullFlagISR	16	static
C:/NXP_MCUxpresso_SDK/mcuxsdk/mcuxsdk/middleware/multicore/mcmgr/src/mcmgr_mu_internal.c:39:28:MU_GenInt3FlagISR	16	static
C:/NXP_MCUxpresso_SDK/mcuxsdk/mcuxsdk/middleware/multicore/mcmgr/src/mcmgr_mu_internal.c:40:28:MU_GenInt2FlagISR	16	static
C:/NXP_MCUxpresso_SDK/mcuxsdk/mcuxsdk/middleware/multicore/mcmgr/src/mcmgr_mu_internal.c:41:28:MU_GenInt1FlagISR	16	static
C:/NXP_MCUxpresso_SDK/mcuxsdk/mcuxsdk/middleware/multicore/mcmgr/src/mcmgr_mu_internal.c:42:28:MU_GenInt0FlagISR	16	static
C:/NXP_MCUxpresso_SDK/mcuxsdk/mcuxsdk/middleware/multicore/mcmgr/src/mcmgr_mu_internal.c:79:13:mu_isr	32	static
C:/NXP_MCUxpresso_SDK/mcuxsdk/mcuxsdk/middleware/multicore/mcmgr/src/mcmgr_mu_internal.c:153:5:MU1_IRQHandler	8	static
