C:/Users/dpesavento.EIL/Documents/GitHub/daniel-sandbox/rd-riop-EIP-demo/ethernet-ip/goal/goal/goal_types.h:608:36:GOAL_get_le16_ua	16	static
C:/Users/dpesavento.EIL/Documents/GitHub/daniel-sandbox/rd-riop-EIP-demo/ethernet-ip/goal/goal_media/goal_mi_mctc.c:96:15:goal_mctcInitPre	8	static
C:/Users/dpesavento.EIL/Documents/GitHub/daniel-sandbox/rd-riop-EIP-demo/ethernet-ip/goal/goal_media/goal_mi_mctc.c:110:15:goal_miMctcReg	40	static
C:/Users/dpesavento.EIL/Documents/GitHub/daniel-sandbox/rd-riop-EIP-demo/ethernet-ip/goal/goal_media/goal_mi_mctc.c:243:15:goal_miMctcRpcReg	40	static
C:/Users/dpesavento.EIL/Documents/GitHub/daniel-sandbox/rd-riop-EIP-demo/ethernet-ip/goal/goal_media/goal_mi_mctc.c:281:22:goal_miMctcRpc	32	static
C:/Users/dpesavento.EIL/Documents/GitHub/daniel-sandbox/rd-riop-EIP-demo/ethernet-ip/goal/goal_media/goal_mi_mctc.c:316:15:goal_miMctcCfgXferSize	16	static
C:/Users/dpesavento.EIL/Documents/GitHub/daniel-sandbox/rd-riop-EIP-demo/ethernet-ip/goal/goal_media/goal_mi_mctc.c:333:15:goal_miMctcXferSizeGet	16	static
C:/Users/dpesavento.EIL/Documents/GitHub/daniel-sandbox/rd-riop-EIP-demo/ethernet-ip/goal/goal_media/goal_mi_mctc.c:357:15:goal_miMctcCfgHdlCnt	16	static
C:/Users/dpesavento.EIL/Documents/GitHub/daniel-sandbox/rd-riop-EIP-demo/ethernet-ip/goal/goal_media/goal_mi_mctc.c:376:15:goal_miMctcOpen	48	static
C:/Users/dpesavento.EIL/Documents/GitHub/daniel-sandbox/rd-riop-EIP-demo/ethernet-ip/goal/goal_media/goal_mi_mctc.c:437:15:goal_miMctcNew	16	static
C:/Users/dpesavento.EIL/Documents/GitHub/daniel-sandbox/rd-riop-EIP-demo/ethernet-ip/goal/goal_media/goal_mi_mctc.c:458:15:goal_miMctcRelease	16	static
C:/Users/dpesavento.EIL/Documents/GitHub/daniel-sandbox/rd-riop-EIP-demo/ethernet-ip/goal/goal_media/goal_mi_mctc.c:476:15:goal_miMctcPush	40	static
C:/Users/dpesavento.EIL/Documents/GitHub/daniel-sandbox/rd-riop-EIP-demo/ethernet-ip/goal/goal_media/goal_mi_mctc.c:506:15:goal_miMctcPop	40	static
C:/Users/dpesavento.EIL/Documents/GitHub/daniel-sandbox/rd-riop-EIP-demo/ethernet-ip/goal/goal_media/goal_mi_mctc.c:536:15:goal_miMctcSendReq	32	static
C:/Users/dpesavento.EIL/Documents/GitHub/daniel-sandbox/rd-riop-EIP-demo/ethernet-ip/goal/goal_media/goal_mi_mctc.c:571:15:goal_miMctcSendInfo	24	static
C:/Users/dpesavento.EIL/Documents/GitHub/daniel-sandbox/rd-riop-EIP-demo/ethernet-ip/goal/goal_media/goal_mi_mctc.c:598:22:goal_miMctcCbSetupDone	32	static
C:/Users/dpesavento.EIL/Documents/GitHub/daniel-sandbox/rd-riop-EIP-demo/ethernet-ip/goal/goal_media/goal_mi_mctc.c:649:22:goal_miMctcCbSetupStateGet	40	static
C:/Users/dpesavento.EIL/Documents/GitHub/daniel-sandbox/rd-riop-EIP-demo/ethernet-ip/goal/goal_media/goal_mi_mctc.c:690:22:goal_miMctcCbSetupCfgTimeout	56	static
C:/Users/dpesavento.EIL/Documents/GitHub/daniel-sandbox/rd-riop-EIP-demo/ethernet-ip/goal/goal_media/goal_mi_mctc.c:747:15:goal_miMctcCfgTout	24	static
C:/Users/dpesavento.EIL/Documents/GitHub/daniel-sandbox/rd-riop-EIP-demo/ethernet-ip/goal/goal_media/goal_mi_mctc.c:769:15:goal_miMctcStatusGet	24	static
C:/Users/dpesavento.EIL/Documents/GitHub/daniel-sandbox/rd-riop-EIP-demo/ethernet-ip/goal/goal_media/goal_mi_mctc.c:794:15:goal_miMctcInstGetById	24	static
C:/Users/dpesavento.EIL/Documents/GitHub/daniel-sandbox/rd-riop-EIP-demo/ethernet-ip/goal/goal_media/goal_mi_mctc.c:823:15:goal_miMctcRpcDmMap	48	static
C:/Users/dpesavento.EIL/Documents/GitHub/daniel-sandbox/rd-riop-EIP-demo/ethernet-ip/goal/goal_media/goal_mi_mctc.c:874:22:goal_miMctcDmCbRead	80	static
C:/Users/dpesavento.EIL/Documents/GitHub/daniel-sandbox/rd-riop-EIP-demo/ethernet-ip/goal/goal_media/goal_mi_mctc.c:987:15:goal_miMctcCrc	32	static
C:/Users/dpesavento.EIL/Documents/GitHub/daniel-sandbox/rd-riop-EIP-demo/ethernet-ip/goal/goal_media/goal_mi_mctc.c:1006:15:goal_miMctcRpcTxProcess	40	static
C:/Users/dpesavento.EIL/Documents/GitHub/daniel-sandbox/rd-riop-EIP-demo/ethernet-ip/goal/goal_media/goal_mi_mctc.c:1110:6:goal_miMctcRpcProcessLoop	24	static
C:/Users/dpesavento.EIL/Documents/GitHub/daniel-sandbox/rd-riop-EIP-demo/ethernet-ip/goal/goal_media/goal_mi_mctc.c:1137:13:goal_miMctcRpcSyncLoop	88	static
C:/Users/dpesavento.EIL/Documents/GitHub/daniel-sandbox/rd-riop-EIP-demo/ethernet-ip/goal/goal_media/goal_mi_mctc.c:1396:22:goal_miMctcRpcSend	80	static
C:/Users/dpesavento.EIL/Documents/GitHub/daniel-sandbox/rd-riop-EIP-demo/ethernet-ip/goal/goal_media/goal_mi_mctc.c:1487:20:goal_miMctcRpcSendAllow	24	static
C:/Users/dpesavento.EIL/Documents/GitHub/daniel-sandbox/rd-riop-EIP-demo/ethernet-ip/goal/goal_media/goal_mi_mctc.c:1510:6:goal_miMctcMonitorRx	40	static
C:/Users/dpesavento.EIL/Documents/GitHub/daniel-sandbox/rd-riop-EIP-demo/ethernet-ip/goal/goal_media/goal_mi_mctc.c:1548:15:goal_miMctcNotify	32	static
C:/Users/dpesavento.EIL/Documents/GitHub/daniel-sandbox/rd-riop-EIP-demo/ethernet-ip/goal/goal_media/goal_mi_mctc.c:1577:15:goal_miMctcEthCfgMacAddr	56	static
