C:/Users/dpesavento.EIL/Documents/GitHub/daniel-sandbox/rd-riop-EIP-demo/ethernet-ip/goal/protos/opener/src/ports/goal/wrapper/ac/goal_eip_rpc_ac.c:162:15:goal_eipInit	16	static
C:/Users/dpesavento.EIL/Documents/GitHub/daniel-sandbox/rd-riop-EIP-demo/ethernet-ip/goal/protos/opener/src/ports/goal/wrapper/ac/goal_eip_rpc_ac.c:187:22:goal_eipRpcInit	16	static
C:/Users/dpesavento.EIL/Documents/GitHub/daniel-sandbox/rd-riop-EIP-demo/ethernet-ip/goal/protos/opener/src/ports/goal/wrapper/ac/goal_eip_rpc_ac.c:213:15:goal_eipNew	32	static
C:/Users/dpesavento.EIL/Documents/GitHub/daniel-sandbox/rd-riop-EIP-demo/ethernet-ip/goal/protos/opener/src/ports/goal/wrapper/ac/goal_eip_rpc_ac.c:231:15:goal_eipNewIfaceAssign	32	static
C:/Users/dpesavento.EIL/Documents/GitHub/daniel-sandbox/rd-riop-EIP-demo/ethernet-ip/goal/protos/opener/src/ports/goal/wrapper/ac/goal_eip_rpc_ac.c:251:22:goal_eipNewInternal	56	static
C:/Users/dpesavento.EIL/Documents/GitHub/daniel-sandbox/rd-riop-EIP-demo/ethernet-ip/goal/protos/opener/src/ports/goal/wrapper/ac/goal_eip_rpc_ac.c:357:22:goal_eipRpcPastInit	16	static
C:/Users/dpesavento.EIL/Documents/GitHub/daniel-sandbox/rd-riop-EIP-demo/ethernet-ip/goal/protos/opener/src/ports/goal/wrapper/ac/goal_eip_rpc_ac.c:390:22:goal_eipRpcRegisterServices	16	static
C:/Users/dpesavento.EIL/Documents/GitHub/daniel-sandbox/rd-riop-EIP-demo/ethernet-ip/goal/protos/opener/src/ports/goal/wrapper/ac/goal_eip_rpc_ac.c:415:22:goal_eipRpcSetupChannels	8	static
C:/Users/dpesavento.EIL/Documents/GitHub/daniel-sandbox/rd-riop-EIP-demo/ethernet-ip/goal/protos/opener/src/ports/goal/wrapper/ac/goal_eip_rpc_ac.c:438:22:goal_eipDmCb	40	static
C:/Users/dpesavento.EIL/Documents/GitHub/daniel-sandbox/rd-riop-EIP-demo/ethernet-ip/goal/protos/opener/src/ports/goal/wrapper/ac/goal_eip_rpc_ac.c:531:22:goal_eipRpcStoreAssemblyObject	40	static
C:/Users/dpesavento.EIL/Documents/GitHub/daniel-sandbox/rd-riop-EIP-demo/ethernet-ip/goal/protos/opener/src/ports/goal/wrapper/ac/goal_eip_rpc_ac.c:578:22:goal_eipRpcGetAssemblyObject	32	static
C:/Users/dpesavento.EIL/Documents/GitHub/daniel-sandbox/rd-riop-EIP-demo/ethernet-ip/goal/protos/opener/src/ports/goal/wrapper/ac/goal_eip_rpc_ac.c:611:22:goal_eipDmInput	72	static
C:/Users/dpesavento.EIL/Documents/GitHub/daniel-sandbox/rd-riop-EIP-demo/ethernet-ip/goal/protos/opener/src/ports/goal/wrapper/ac/goal_eip_rpc_ac.c:638:22:goal_eipDmOutput	72	static
C:/Users/dpesavento.EIL/Documents/GitHub/daniel-sandbox/rd-riop-EIP-demo/ethernet-ip/goal/protos/opener/src/ports/goal/wrapper/ac/goal_eip_rpc_ac.c:663:22:goal_eipDmLedEvent	72	static
C:/Users/dpesavento.EIL/Documents/GitHub/daniel-sandbox/rd-riop-EIP-demo/ethernet-ip/goal/protos/opener/src/ports/goal/wrapper/ac/goal_eip_rpc_ac.c:691:15:goal_eipGetVersion	48	static
C:/Users/dpesavento.EIL/Documents/GitHub/daniel-sandbox/rd-riop-EIP-demo/ethernet-ip/goal/protos/opener/src/ports/goal/wrapper/ac/goal_eip_rpc_ac.c:751:15:goal_eipCreateAssemblyObjectRpc	32	static
C:/Users/dpesavento.EIL/Documents/GitHub/daniel-sandbox/rd-riop-EIP-demo/ethernet-ip/goal/protos/opener/src/ports/goal/wrapper/ac/goal_eip_rpc_ac.c:779:15:goal_eipCreateAssemblyObjectDm	32	static
C:/Users/dpesavento.EIL/Documents/GitHub/daniel-sandbox/rd-riop-EIP-demo/ethernet-ip/goal/protos/opener/src/ports/goal/wrapper/ac/goal_eip_rpc_ac.c:810:22:goal_eipCreateAssemblyObjectInt	56	static
C:/Users/dpesavento.EIL/Documents/GitHub/daniel-sandbox/rd-riop-EIP-demo/ethernet-ip/goal/protos/opener/src/ports/goal/wrapper/ac/goal_eip_rpc_ac.c:852:15:goal_eipAssemblyObjectGet	40	static
C:/Users/dpesavento.EIL/Documents/GitHub/daniel-sandbox/rd-riop-EIP-demo/ethernet-ip/goal/protos/opener/src/ports/goal/wrapper/ac/goal_eip_rpc_ac.c:907:15:goal_eipAssemblyObjectWrite	40	static
C:/Users/dpesavento.EIL/Documents/GitHub/daniel-sandbox/rd-riop-EIP-demo/ethernet-ip/goal/protos/opener/src/ports/goal/wrapper/ac/goal_eip_rpc_ac.c:960:22:goal_eipAssemblyObjectWriteRpc	56	static
C:/Users/dpesavento.EIL/Documents/GitHub/daniel-sandbox/rd-riop-EIP-demo/ethernet-ip/goal/protos/opener/src/ports/goal/wrapper/ac/goal_eip_rpc_ac.c:1007:15:goal_eipAssemblyObjectRead	40	static
C:/Users/dpesavento.EIL/Documents/GitHub/daniel-sandbox/rd-riop-EIP-demo/ethernet-ip/goal/protos/opener/src/ports/goal/wrapper/ac/goal_eip_rpc_ac.c:1059:22:goal_eipAssemblyObjectReadRpc	56	static
C:/Users/dpesavento.EIL/Documents/GitHub/daniel-sandbox/rd-riop-EIP-demo/ethernet-ip/goal/protos/opener/src/ports/goal/wrapper/ac/goal_eip_rpc_ac.c:1106:15:goal_eipAddExclusiveOwnerConnection	32	static
C:/Users/dpesavento.EIL/Documents/GitHub/daniel-sandbox/rd-riop-EIP-demo/ethernet-ip/goal/protos/opener/src/ports/goal/wrapper/ac/goal_eip_rpc_ac.c:1125:15:goal_eipAddInputOnlyConnection	32	static
C:/Users/dpesavento.EIL/Documents/GitHub/daniel-sandbox/rd-riop-EIP-demo/ethernet-ip/goal/protos/opener/src/ports/goal/wrapper/ac/goal_eip_rpc_ac.c:1145:15:goal_eipAddListenOnlyConnection	32	static
C:/Users/dpesavento.EIL/Documents/GitHub/daniel-sandbox/rd-riop-EIP-demo/ethernet-ip/goal/protos/opener/src/ports/goal/wrapper/ac/goal_eip_rpc_ac.c:1165:22:goal_eipAddConnection	72	static
C:/Users/dpesavento.EIL/Documents/GitHub/daniel-sandbox/rd-riop-EIP-demo/ethernet-ip/goal/protos/opener/src/ports/goal/wrapper/ac/goal_eip_rpc_ac.c:1289:15:goal_eipIdentitySerialNumberSet	40	static
C:/Users/dpesavento.EIL/Documents/GitHub/daniel-sandbox/rd-riop-EIP-demo/ethernet-ip/goal/protos/opener/src/ports/goal/wrapper/ac/goal_eip_rpc_ac.c:1339:15:goal_eipDmAddConnection	88	static
C:/Users/dpesavento.EIL/Documents/GitHub/daniel-sandbox/rd-riop-EIP-demo/ethernet-ip/goal/protos/opener/src/ports/goal/wrapper/ac/goal_eip_rpc_ac.c:1443:15:goal_eipDmAssemblyAdd	64	static
C:/Users/dpesavento.EIL/Documents/GitHub/daniel-sandbox/rd-riop-EIP-demo/ethernet-ip/goal/protos/opener/src/ports/goal/wrapper/ac/goal_eip_rpc_ac.c:1522:15:goal_eipDmDpAdd	64	static
C:/Users/dpesavento.EIL/Documents/GitHub/daniel-sandbox/rd-riop-EIP-demo/ethernet-ip/goal/protos/opener/src/ports/goal/wrapper/ac/goal_eip_rpc_ac.c:1593:15:goal_eipCfgVendorIdSet	40	static
C:/Users/dpesavento.EIL/Documents/GitHub/daniel-sandbox/rd-riop-EIP-demo/ethernet-ip/goal/protos/opener/src/ports/goal/wrapper/ac/goal_eip_rpc_ac.c:1626:15:goal_eipCfgDeviceTypeSet	40	static
C:/Users/dpesavento.EIL/Documents/GitHub/daniel-sandbox/rd-riop-EIP-demo/ethernet-ip/goal/protos/opener/src/ports/goal/wrapper/ac/goal_eip_rpc_ac.c:1659:15:goal_eipCfgProductCodeSet	40	static
C:/Users/dpesavento.EIL/Documents/GitHub/daniel-sandbox/rd-riop-EIP-demo/ethernet-ip/goal/protos/opener/src/ports/goal/wrapper/ac/goal_eip_rpc_ac.c:1692:15:goal_eipCfgRevisionSet	40	static
C:/Users/dpesavento.EIL/Documents/GitHub/daniel-sandbox/rd-riop-EIP-demo/ethernet-ip/goal/protos/opener/src/ports/goal/wrapper/ac/goal_eip_rpc_ac.c:1728:15:goal_eipCfgSerialNumSet	40	static
C:/Users/dpesavento.EIL/Documents/GitHub/daniel-sandbox/rd-riop-EIP-demo/ethernet-ip/goal/protos/opener/src/ports/goal/wrapper/ac/goal_eip_rpc_ac.c:1761:22:goal_eipCfStringSet	48	static
C:/Users/dpesavento.EIL/Documents/GitHub/daniel-sandbox/rd-riop-EIP-demo/ethernet-ip/goal/protos/opener/src/ports/goal/wrapper/ac/goal_eip_rpc_ac.c:1801:15:goal_eipCfgProductNameSet	24	static
C:/Users/dpesavento.EIL/Documents/GitHub/daniel-sandbox/rd-riop-EIP-demo/ethernet-ip/goal/protos/opener/src/ports/goal/wrapper/ac/goal_eip_rpc_ac.c:1818:15:goal_eipCfgDomainNameSet	24	static
C:/Users/dpesavento.EIL/Documents/GitHub/daniel-sandbox/rd-riop-EIP-demo/ethernet-ip/goal/protos/opener/src/ports/goal/wrapper/ac/goal_eip_rpc_ac.c:1835:15:goal_eipCfgHostNameSet	24	static
C:/Users/dpesavento.EIL/Documents/GitHub/daniel-sandbox/rd-riop-EIP-demo/ethernet-ip/goal/protos/opener/src/ports/goal/wrapper/ac/goal_eip_rpc_ac.c:1852:15:goal_eipCfgNumExplicitConSet	40	static
C:/Users/dpesavento.EIL/Documents/GitHub/daniel-sandbox/rd-riop-EIP-demo/ethernet-ip/goal/protos/opener/src/ports/goal/wrapper/ac/goal_eip_rpc_ac.c:1884:15:goal_eipCfgNumImplicitConSet	40	static
C:/Users/dpesavento.EIL/Documents/GitHub/daniel-sandbox/rd-riop-EIP-demo/ethernet-ip/goal/protos/opener/src/ports/goal/wrapper/ac/goal_eip_rpc_ac.c:1916:15:goal_eipCfgEthLinkCountersOn	40	static
C:/Users/dpesavento.EIL/Documents/GitHub/daniel-sandbox/rd-riop-EIP-demo/ethernet-ip/goal/protos/opener/src/ports/goal/wrapper/ac/goal_eip_rpc_ac.c:1948:15:goal_eipCfgEthLinkControlOn	40	static
C:/Users/dpesavento.EIL/Documents/GitHub/daniel-sandbox/rd-riop-EIP-demo/ethernet-ip/goal/protos/opener/src/ports/goal/wrapper/ac/goal_eip_rpc_ac.c:1981:15:goal_eipCfgChangeEthAfterResetOn	40	static
C:/Users/dpesavento.EIL/Documents/GitHub/daniel-sandbox/rd-riop-EIP-demo/ethernet-ip/goal/protos/opener/src/ports/goal/wrapper/ac/goal_eip_rpc_ac.c:2014:15:goal_eipCfgChangeIpAfterResetOn	40	static
C:/Users/dpesavento.EIL/Documents/GitHub/daniel-sandbox/rd-riop-EIP-demo/ethernet-ip/goal/protos/opener/src/ports/goal/wrapper/ac/goal_eip_rpc_ac.c:2046:15:goal_eipCfgNumSessionsSet	40	static
C:/Users/dpesavento.EIL/Documents/GitHub/daniel-sandbox/rd-riop-EIP-demo/ethernet-ip/goal/protos/opener/src/ports/goal/wrapper/ac/goal_eip_rpc_ac.c:2078:15:goal_eipCfgTickSet	40	static
C:/Users/dpesavento.EIL/Documents/GitHub/daniel-sandbox/rd-riop-EIP-demo/ethernet-ip/goal/protos/opener/src/ports/goal/wrapper/ac/goal_eip_rpc_ac.c:2110:15:goal_eipCfgO2TRunIdleHeaderOn	40	static
C:/Users/dpesavento.EIL/Documents/GitHub/daniel-sandbox/rd-riop-EIP-demo/ethernet-ip/goal/protos/opener/src/ports/goal/wrapper/ac/goal_eip_rpc_ac.c:2142:15:goal_eipCfgT2ORunIdleHeaderOn	40	static
C:/Users/dpesavento.EIL/Documents/GitHub/daniel-sandbox/rd-riop-EIP-demo/ethernet-ip/goal/protos/opener/src/ports/goal/wrapper/ac/goal_eip_rpc_ac.c:2174:15:goal_eipCfgQoSOn	40	static
C:/Users/dpesavento.EIL/Documents/GitHub/daniel-sandbox/rd-riop-EIP-demo/ethernet-ip/goal/protos/opener/src/ports/goal/wrapper/ac/goal_eip_rpc_ac.c:2207:15:goal_eipCfgNumDelayedEncapMsgSet	40	static
C:/Users/dpesavento.EIL/Documents/GitHub/daniel-sandbox/rd-riop-EIP-demo/ethernet-ip/goal/protos/opener/src/ports/goal/wrapper/ac/goal_eip_rpc_ac.c:2239:15:goal_eipCfgDhcpOn	40	static
C:/Users/dpesavento.EIL/Documents/GitHub/daniel-sandbox/rd-riop-EIP-demo/ethernet-ip/goal/protos/opener/src/ports/goal/wrapper/ac/goal_eip_rpc_ac.c:2271:15:goal_eipCfgDlrOn	40	static
C:/Users/dpesavento.EIL/Documents/GitHub/daniel-sandbox/rd-riop-EIP-demo/ethernet-ip/goal/protos/opener/src/ports/goal/wrapper/ac/goal_eip_rpc_ac.c:2303:15:goal_eipCfgAcdOn	40	static
C:/Users/dpesavento.EIL/Documents/GitHub/daniel-sandbox/rd-riop-EIP-demo/ethernet-ip/goal/protos/opener/src/ports/goal/wrapper/ac/goal_eip_rpc_ac.c:2335:15:goal_eipCfgHwConfigOn	40	static
C:/Users/dpesavento.EIL/Documents/GitHub/daniel-sandbox/rd-riop-EIP-demo/ethernet-ip/goal/protos/opener/src/ports/goal/wrapper/ac/goal_eip_rpc_ac.c:2368:15:goal_eipCfgAcdConflictFallbackIp	56	static
C:/Users/dpesavento.EIL/Documents/GitHub/daniel-sandbox/rd-riop-EIP-demo/ethernet-ip/goal/protos/opener/src/ports/goal/wrapper/ac/goal_eip_rpc_ac.c:2405:15:goal_eipAcdLastConflictDetectedReset	40	static
C:/Users/dpesavento.EIL/Documents/GitHub/daniel-sandbox/rd-riop-EIP-demo/ethernet-ip/goal/protos/opener/src/ports/goal/wrapper/ac/goal_eip_rpc_ac.c:2438:15:goal_eipAcdLastConflictDetectedGet	80	static
C:/Users/dpesavento.EIL/Documents/GitHub/daniel-sandbox/rd-riop-EIP-demo/ethernet-ip/goal/protos/opener/src/ports/goal/wrapper/ac/goal_eip_rpc_ac.c:2487:15:goal_eipReset	40	static
C:/Users/dpesavento.EIL/Documents/GitHub/daniel-sandbox/rd-riop-EIP-demo/ethernet-ip/goal/protos/opener/src/ports/goal/wrapper/ac/goal_eip_rpc_ac.c:2526:22:goal_eipCbServer	104	static
C:/Users/dpesavento.EIL/Documents/GitHub/daniel-sandbox/rd-riop-EIP-demo/ethernet-ip/goal/protos/opener/src/ports/goal/wrapper/ac/goal_eip_rpc_ac.c:2574:15:goal_eipCipClassRegister	56	static
C:/Users/dpesavento.EIL/Documents/GitHub/daniel-sandbox/rd-riop-EIP-demo/ethernet-ip/goal/protos/opener/src/ports/goal/wrapper/ac/goal_eip_rpc_ac.c:2646:22:goal_eipParamClassHandlerCbServer	136	static
