C:/NXP_MCUxpresso_SDK/mcuxsdk/mcuxsdk/arch/arm/CMSIS/Core/Include/core_cm7.h:2013:22:__NVIC_EnableIRQ	16	static
C:/NXP_MCUxpresso_SDK/mcuxsdk/mcuxsdk/arch/arm/CMSIS/Core/Include/core_cm7.h:2104:22:__NVIC_ClearPendingIRQ	16	static
C:/NXP_MCUxpresso_SDK/mcuxsdk/mcuxsdk/devices/RT/RT1180/MIMXRT1189/drivers/fsl_clock.h:1581:20:CLOCK_ControlGate	16	static
C:/NXP_MCUxpresso_SDK/mcuxsdk/mcuxsdk/devices/RT/RT1180/MIMXRT1189/drivers/fsl_clock.h:1599:20:CLOCK_EnableClock	16	static
C:/NXP_MCUxpresso_SDK/mcuxsdk/mcuxsdk/devices/RT/RT1180/MIMXRT1189/drivers/fsl_clock.h:1609:20:CLOCK_DisableClock	16	static
C:/NXP_MCUxpresso_SDK/mcuxsdk/mcuxsdk/drivers/common/fsl_common_arm.h:714:24:EnableIRQ	24	static
C:/NXP_MCUxpresso_SDK/mcuxsdk/mcuxsdk/drivers/flexio/fsl_flexio.h:428:20:FLEXIO_Enable	16	static
C:/NXP_MCUxpresso_SDK/mcuxsdk/mcuxsdk/drivers/flexio/fsl_flexio.h:808:20:FLEXIO_ClearPortOutput	16	static
C:/NXP_MCUxpresso_SDK/mcuxsdk/mcuxsdk/drivers/flexio/fsl_flexio.h:819:20:FLEXIO_SetPortOutput	16	static
C:/NXP_MCUxpresso_SDK/mcuxsdk/mcuxsdk/drivers/flexio/fsl_flexio.h:844:20:FLEXIO_PinWrite	24	static
C:/NXP_MCUxpresso_SDK/mcuxsdk/mcuxsdk/drivers/flexio/fsl_flexio.h:862:20:FLEXIO_EnablePinOutput	16	static
C:/NXP_MCUxpresso_SDK/mcuxsdk/mcuxsdk/drivers/flexio/fsl_flexio.c:66:10:FLEXIO_GetInstance	24	static
C:/NXP_MCUxpresso_SDK/mcuxsdk/mcuxsdk/drivers/flexio/fsl_flexio.c:111:6:FLEXIO_Init	24	static
C:/NXP_MCUxpresso_SDK/mcuxsdk/mcuxsdk/drivers/flexio/fsl_flexio.c:150:6:FLEXIO_Deinit	16	static
C:/NXP_MCUxpresso_SDK/mcuxsdk/mcuxsdk/drivers/flexio/fsl_flexio.c:170:6:FLEXIO_GetDefaultConfig	16	static
C:/NXP_MCUxpresso_SDK/mcuxsdk/mcuxsdk/drivers/flexio/fsl_flexio.c:190:6:FLEXIO_Reset	16	static
C:/NXP_MCUxpresso_SDK/mcuxsdk/mcuxsdk/drivers/flexio/fsl_flexio.c:205:10:FLEXIO_GetShifterBufferAddress	24	static
C:/NXP_MCUxpresso_SDK/mcuxsdk/mcuxsdk/drivers/flexio/fsl_flexio.c:279:6:FLEXIO_SetShifterConfig	24	static
C:/NXP_MCUxpresso_SDK/mcuxsdk/mcuxsdk/drivers/flexio/fsl_flexio.c:324:6:FLEXIO_SetTimerConfig	24	static
C:/NXP_MCUxpresso_SDK/mcuxsdk/mcuxsdk/drivers/flexio/fsl_flexio.c:350:10:FLEXIO_RegisterHandleIRQ	32	static
C:/NXP_MCUxpresso_SDK/mcuxsdk/mcuxsdk/drivers/flexio/fsl_flexio.c:388:10:FLEXIO_UnregisterHandleIRQ	24	static
C:/NXP_MCUxpresso_SDK/mcuxsdk/mcuxsdk/drivers/flexio/fsl_flexio.c:417:13:FLEXIO_CommonIRQHandler	16	static
C:/NXP_MCUxpresso_SDK/mcuxsdk/mcuxsdk/drivers/flexio/fsl_flexio.c:459:6:FLEXIO_SetPinConfig	32	static
C:/NXP_MCUxpresso_SDK/mcuxsdk/mcuxsdk/drivers/flexio/fsl_flexio.c:503:6:FLEXIO_DriverIRQHandler	8	static
C:/NXP_MCUxpresso_SDK/mcuxsdk/mcuxsdk/drivers/flexio/fsl_flexio.c:517:6:FLEXIO0_DriverIRQHandler	8	static
C:/NXP_MCUxpresso_SDK/mcuxsdk/mcuxsdk/drivers/flexio/fsl_flexio.c:523:6:FLEXIO1_DriverIRQHandler	8	static
C:/NXP_MCUxpresso_SDK/mcuxsdk/mcuxsdk/drivers/flexio/fsl_flexio.c:529:6:UART2_FLEXIO_DriverIRQHandler	8	static
C:/NXP_MCUxpresso_SDK/mcuxsdk/mcuxsdk/drivers/flexio/fsl_flexio.c:535:6:FLEXIO2_DriverIRQHandler	8	static
C:/NXP_MCUxpresso_SDK/mcuxsdk/mcuxsdk/drivers/flexio/fsl_flexio.c:541:6:FLEXIO3_DriverIRQHandler	8	static
