C:/NXP_MCUxpresso_SDK/mcuxsdk/mcuxsdk/arch/arm/CMSIS/Core/Include/core_cm7.h:2013:22:__NVIC_EnableIRQ	16	static
C:/NXP_MCUxpresso_SDK/mcuxsdk/mcuxsdk/devices/RT/RT1180/MIMXRT1189/drivers/fsl_clock.h:1581:20:CLOCK_ControlGate	16	static
C:/NXP_MCUxpresso_SDK/mcuxsdk/mcuxsdk/devices/RT/RT1180/MIMXRT1189/drivers/fsl_clock.h:1599:20:CLOCK_EnableClock	16	static
C:/NXP_MCUxpresso_SDK/mcuxsdk/mcuxsdk/devices/RT/RT1180/MIMXRT1189/drivers/fsl_clock.h:1609:20:CLOCK_DisableClock	16	static
C:/NXP_MCUxpresso_SDK/mcuxsdk/mcuxsdk/drivers/common/fsl_common_arm.h:714:24:EnableIRQ	24	static
C:/NXP_MCUxpresso_SDK/mcuxsdk/mcuxsdk/drivers/lpspi/fsl_lpspi.h:533:20:LPSPI_Enable	16	static
C:/NXP_MCUxpresso_SDK/mcuxsdk/mcuxsdk/drivers/lpspi/fsl_lpspi.h:568:24:LPSPI_GetStatusFlags	16	static
C:/NXP_MCUxpresso_SDK/mcuxsdk/mcuxsdk/drivers/lpspi/fsl_lpspi.h:588:23:LPSPI_GetRxFifoSize	16	static
C:/NXP_MCUxpresso_SDK/mcuxsdk/mcuxsdk/drivers/lpspi/fsl_lpspi.h:598:24:LPSPI_GetTxFifoCount	16	static
C:/NXP_MCUxpresso_SDK/mcuxsdk/mcuxsdk/drivers/lpspi/fsl_lpspi.h:608:24:LPSPI_GetRxFifoCount	16	static
C:/NXP_MCUxpresso_SDK/mcuxsdk/mcuxsdk/drivers/lpspi/fsl_lpspi.h:626:20:LPSPI_ClearStatusFlags	16	static
C:/NXP_MCUxpresso_SDK/mcuxsdk/mcuxsdk/drivers/lpspi/fsl_lpspi.h:640:24:LPSPI_GetTcr	32	static
C:/NXP_MCUxpresso_SDK/mcuxsdk/mcuxsdk/drivers/lpspi/fsl_lpspi.h:681:20:LPSPI_EnableInterrupts	16	static
C:/NXP_MCUxpresso_SDK/mcuxsdk/mcuxsdk/drivers/lpspi/fsl_lpspi.h:696:20:LPSPI_DisableInterrupts	16	static
C:/NXP_MCUxpresso_SDK/mcuxsdk/mcuxsdk/drivers/lpspi/fsl_lpspi.h:799:20:LPSPI_SetMasterSlaveMode	16	static
C:/NXP_MCUxpresso_SDK/mcuxsdk/mcuxsdk/drivers/lpspi/fsl_lpspi.h:845:20:LPSPI_IsMaster	16	static
C:/NXP_MCUxpresso_SDK/mcuxsdk/mcuxsdk/drivers/lpspi/fsl_lpspi.h:857:20:LPSPI_FlushFifo	16	static
C:/NXP_MCUxpresso_SDK/mcuxsdk/mcuxsdk/drivers/lpspi/fsl_lpspi.h:906:20:LPSPI_SetFifoWatermarks	24	static
C:/NXP_MCUxpresso_SDK/mcuxsdk/mcuxsdk/drivers/lpspi/fsl_lpspi.h:1051:20:LPSPI_WriteData	16	static
C:/NXP_MCUxpresso_SDK/mcuxsdk/mcuxsdk/drivers/lpspi/fsl_lpspi.h:1065:24:LPSPI_ReadData	16	static
C:/NXP_MCUxpresso_SDK/mcuxsdk/mcuxsdk/drivers/lpspi/fsl_lpspi.c:240:10:LPSPI_GetInstance	24	static
C:/NXP_MCUxpresso_SDK/mcuxsdk/mcuxsdk/drivers/lpspi/fsl_lpspi.c:273:6:LPSPI_SetDummyData	24	static
C:/NXP_MCUxpresso_SDK/mcuxsdk/mcuxsdk/drivers/lpspi/fsl_lpspi.c:286:6:LPSPI_MasterInit	32	static
C:/NXP_MCUxpresso_SDK/mcuxsdk/mcuxsdk/drivers/lpspi/fsl_lpspi.c:368:6:LPSPI_MasterGetDefaultConfig	16	static
C:/NXP_MCUxpresso_SDK/mcuxsdk/mcuxsdk/drivers/lpspi/fsl_lpspi.c:403:6:LPSPI_SlaveInit	24	static
C:/NXP_MCUxpresso_SDK/mcuxsdk/mcuxsdk/drivers/lpspi/fsl_lpspi.c:459:6:LPSPI_SlaveGetDefaultConfig	16	static
C:/NXP_MCUxpresso_SDK/mcuxsdk/mcuxsdk/drivers/lpspi/fsl_lpspi.c:484:6:LPSPI_Reset	16	static
C:/NXP_MCUxpresso_SDK/mcuxsdk/mcuxsdk/drivers/lpspi/fsl_lpspi.c:500:6:LPSPI_Deinit	24	static
C:/NXP_MCUxpresso_SDK/mcuxsdk/mcuxsdk/drivers/lpspi/fsl_lpspi.c:518:13:LPSPI_SetOnePcsPolarity	24	static
C:/NXP_MCUxpresso_SDK/mcuxsdk/mcuxsdk/drivers/lpspi/fsl_lpspi.c:553:10:LPSPI_MasterSetBaudRate	64	static
C:/NXP_MCUxpresso_SDK/mcuxsdk/mcuxsdk/drivers/lpspi/fsl_lpspi.c:665:6:LPSPI_MasterSetDelayScaler	32	static
C:/NXP_MCUxpresso_SDK/mcuxsdk/mcuxsdk/drivers/lpspi/fsl_lpspi.c:738:10:LPSPI_MasterSetDelayTimes	192	static
C:/NXP_MCUxpresso_SDK/mcuxsdk/mcuxsdk/drivers/lpspi/fsl_lpspi.c:862:6:LPSPI_MasterTransferCreateHandle	24	static
C:/NXP_MCUxpresso_SDK/mcuxsdk/mcuxsdk/drivers/lpspi/fsl_lpspi.c:889:6:LPSPI_CheckTransferArgument	40	static
C:/NXP_MCUxpresso_SDK/mcuxsdk/mcuxsdk/drivers/lpspi/fsl_lpspi.c:955:13:LPSPI_MasterTransferWriteAllTxData	64	static
C:/NXP_MCUxpresso_SDK/mcuxsdk/mcuxsdk/drivers/lpspi/fsl_lpspi.c:1101:13:LPSPI_MasterTransferClearTCR	24	static
C:/NXP_MCUxpresso_SDK/mcuxsdk/mcuxsdk/drivers/lpspi/fsl_lpspi.c:1122:13:LPSPI_MasterTransferReadDataInFifo	32	static
C:/NXP_MCUxpresso_SDK/mcuxsdk/mcuxsdk/drivers/lpspi/fsl_lpspi.c:1160:13:LPSPI_MasterTransferReadDataInFifoNoBuf	16	static
C:/NXP_MCUxpresso_SDK/mcuxsdk/mcuxsdk/drivers/lpspi/fsl_lpspi.c:1195:10:LPSPI_MasterTransferBlocking	56	static
C:/NXP_MCUxpresso_SDK/mcuxsdk/mcuxsdk/drivers/lpspi/fsl_lpspi.c:1384:10:LPSPI_MasterTransferNonBlocking	48	static
C:/NXP_MCUxpresso_SDK/mcuxsdk/mcuxsdk/drivers/lpspi/fsl_lpspi.c:1597:13:LPSPI_MasterTransferFillUpTxFifo	40	static
C:/NXP_MCUxpresso_SDK/mcuxsdk/mcuxsdk/drivers/lpspi/fsl_lpspi.c:1665:13:LPSPI_MasterTransferComplete	24	static
C:/NXP_MCUxpresso_SDK/mcuxsdk/mcuxsdk/drivers/lpspi/fsl_lpspi.c:1690:10:LPSPI_MasterTransferGetCount	32	static
C:/NXP_MCUxpresso_SDK/mcuxsdk/mcuxsdk/drivers/lpspi/fsl_lpspi.c:1730:6:LPSPI_MasterTransferAbort	16	static
C:/NXP_MCUxpresso_SDK/mcuxsdk/mcuxsdk/drivers/lpspi/fsl_lpspi.c:1752:6:LPSPI_MasterTransferHandleIRQ	40	static
C:/NXP_MCUxpresso_SDK/mcuxsdk/mcuxsdk/drivers/lpspi/fsl_lpspi.c:1909:6:LPSPI_SlaveTransferCreateHandle	24	static
C:/NXP_MCUxpresso_SDK/mcuxsdk/mcuxsdk/drivers/lpspi/fsl_lpspi.c:1945:10:LPSPI_SlaveTransferNonBlocking	40	static
C:/NXP_MCUxpresso_SDK/mcuxsdk/mcuxsdk/drivers/lpspi/fsl_lpspi.c:2090:13:LPSPI_SlaveTransferFillUpTxFifo	32	static
C:/NXP_MCUxpresso_SDK/mcuxsdk/mcuxsdk/drivers/lpspi/fsl_lpspi.c:2122:13:LPSPI_SlaveTransferComplete	32	static
C:/NXP_MCUxpresso_SDK/mcuxsdk/mcuxsdk/drivers/lpspi/fsl_lpspi.c:2158:10:LPSPI_SlaveTransferGetCount	32	static
C:/NXP_MCUxpresso_SDK/mcuxsdk/mcuxsdk/drivers/lpspi/fsl_lpspi.c:2198:6:LPSPI_SlaveTransferAbort	16	static
C:/NXP_MCUxpresso_SDK/mcuxsdk/mcuxsdk/drivers/lpspi/fsl_lpspi.c:2220:6:LPSPI_SlaveTransferHandleIRQ	32	static
C:/NXP_MCUxpresso_SDK/mcuxsdk/mcuxsdk/drivers/lpspi/fsl_lpspi.c:2346:17:LPSPI_CombineWriteData	24	static
C:/NXP_MCUxpresso_SDK/mcuxsdk/mcuxsdk/drivers/lpspi/fsl_lpspi.c:2436:13:LPSPI_SeparateReadData	24	static
C:/NXP_MCUxpresso_SDK/mcuxsdk/mcuxsdk/drivers/lpspi/fsl_lpspi.c:2528:6:LPSPI_WaitTxFifoEmpty	16	static
C:/NXP_MCUxpresso_SDK/mcuxsdk/mcuxsdk/drivers/lpspi/fsl_lpspi.c:2547:13:LPSPI_CommonIRQHandler	16	static
C:/NXP_MCUxpresso_SDK/mcuxsdk/mcuxsdk/drivers/lpspi/fsl_lpspi.c:2564:6:LPSPI_DriverIRQHandler	16	static
C:/NXP_MCUxpresso_SDK/mcuxsdk/mcuxsdk/drivers/lpspi/fsl_lpspi.c:2587:6:LPSPI1_DriverIRQHandler	8	static
C:/NXP_MCUxpresso_SDK/mcuxsdk/mcuxsdk/drivers/lpspi/fsl_lpspi.c:2596:6:LPSPI2_DriverIRQHandler	8	static
C:/NXP_MCUxpresso_SDK/mcuxsdk/mcuxsdk/drivers/lpspi/fsl_lpspi.c:2605:6:LPSPI3_DriverIRQHandler	8	static
C:/NXP_MCUxpresso_SDK/mcuxsdk/mcuxsdk/drivers/lpspi/fsl_lpspi.c:2614:6:LPSPI4_DriverIRQHandler	8	static
C:/NXP_MCUxpresso_SDK/mcuxsdk/mcuxsdk/drivers/lpspi/fsl_lpspi.c:2623:6:LPSPI5_DriverIRQHandler	8	static
C:/NXP_MCUxpresso_SDK/mcuxsdk/mcuxsdk/drivers/lpspi/fsl_lpspi.c:2632:6:LPSPI6_DriverIRQHandler	8	static
