C:/NXP_MCUxpresso_SDK/mcuxsdk/mcuxsdk/arch/arm/CMSIS/Core/Include/core_cm33.h:2358:22:__NVIC_EnableIRQ	16	static
C:/NXP_MCUxpresso_SDK/mcuxsdk/mcuxsdk/devices/RT/RT1180/MIMXRT1189/drivers/fsl_clock.h:1581:20:CLOCK_ControlGate	16	static
C:/NXP_MCUxpresso_SDK/mcuxsdk/mcuxsdk/devices/RT/RT1180/MIMXRT1189/drivers/fsl_clock.h:1599:20:CLOCK_EnableClock	16	static
C:/NXP_MCUxpresso_SDK/mcuxsdk/mcuxsdk/devices/RT/RT1180/MIMXRT1189/drivers/fsl_clock.h:1609:20:CLOCK_DisableClock	16	static
C:/NXP_MCUxpresso_SDK/mcuxsdk/mcuxsdk/drivers/common/fsl_common_arm.h:714:24:EnableIRQ	24	static
C:/NXP_MCUxpresso_SDK/mcuxsdk/mcuxsdk/drivers/common/fsl_common_arm.h:944:24:DisableGlobalIRQ	16	static
C:/NXP_MCUxpresso_SDK/mcuxsdk/mcuxsdk/drivers/common/fsl_common_arm.h:970:20:EnableGlobalIRQ	24	static
C:/NXP_MCUxpresso_SDK/mcuxsdk/mcuxsdk/drivers/lpuart/fsl_lpuart.h:389:20:LPUART_SoftwareReset	16	static
C:/NXP_MCUxpresso_SDK/mcuxsdk/mcuxsdk/drivers/lpuart/fsl_lpuart.c:213:10:LPUART_GetInstance	24	static
C:/NXP_MCUxpresso_SDK/mcuxsdk/mcuxsdk/drivers/lpuart/fsl_lpuart.c:242:8:LPUART_TransferGetRxRingBufferLength	32	static
C:/NXP_MCUxpresso_SDK/mcuxsdk/mcuxsdk/drivers/lpuart/fsl_lpuart.c:263:13:LPUART_TransferIsRxRingBufferFull	24	static
C:/NXP_MCUxpresso_SDK/mcuxsdk/mcuxsdk/drivers/lpuart/fsl_lpuart.c:280:13:LPUART_WriteNonBlocking	32	static
C:/NXP_MCUxpresso_SDK/mcuxsdk/mcuxsdk/drivers/lpuart/fsl_lpuart.c:294:13:LPUART_WriteNonBlocking16bit	32	static
C:/NXP_MCUxpresso_SDK/mcuxsdk/mcuxsdk/drivers/lpuart/fsl_lpuart.c:308:13:LPUART_ReadNonBlocking	40	static
C:/NXP_MCUxpresso_SDK/mcuxsdk/mcuxsdk/drivers/lpuart/fsl_lpuart.c:338:13:LPUART_ReadNonBlocking16bit	32	static
C:/NXP_MCUxpresso_SDK/mcuxsdk/mcuxsdk/drivers/lpuart/fsl_lpuart.c:375:10:LPUART_Init	56	static
C:/NXP_MCUxpresso_SDK/mcuxsdk/mcuxsdk/drivers/lpuart/fsl_lpuart.c:645:10:LPUART_Deinit	24	static
C:/NXP_MCUxpresso_SDK/mcuxsdk/mcuxsdk/drivers/lpuart/fsl_lpuart.c:730:6:LPUART_GetDefaultConfig	16	static
C:/NXP_MCUxpresso_SDK/mcuxsdk/mcuxsdk/drivers/lpuart/fsl_lpuart.c:784:10:LPUART_SetBaudRate	56	static
C:/NXP_MCUxpresso_SDK/mcuxsdk/mcuxsdk/drivers/lpuart/fsl_lpuart.c:888:6:LPUART_Enable9bitMode	24	static
C:/NXP_MCUxpresso_SDK/mcuxsdk/mcuxsdk/drivers/lpuart/fsl_lpuart.c:922:6:LPUART_SendAddress	24	static
C:/NXP_MCUxpresso_SDK/mcuxsdk/mcuxsdk/drivers/lpuart/fsl_lpuart.c:944:6:LPUART_EnableInterrupts	24	static
C:/NXP_MCUxpresso_SDK/mcuxsdk/mcuxsdk/drivers/lpuart/fsl_lpuart.c:996:6:LPUART_DisableInterrupts	24	static
C:/NXP_MCUxpresso_SDK/mcuxsdk/mcuxsdk/drivers/lpuart/fsl_lpuart.c:1054:10:LPUART_GetEnabledInterrupts	24	static
C:/NXP_MCUxpresso_SDK/mcuxsdk/mcuxsdk/drivers/lpuart/fsl_lpuart.c:1092:10:LPUART_GetStatusFlags	24	static
C:/NXP_MCUxpresso_SDK/mcuxsdk/mcuxsdk/drivers/lpuart/fsl_lpuart.c:1125:10:LPUART_ClearStatusFlags	24	static
C:/NXP_MCUxpresso_SDK/mcuxsdk/mcuxsdk/drivers/lpuart/fsl_lpuart.c:1175:10:LPUART_WriteBlocking	32	static
C:/NXP_MCUxpresso_SDK/mcuxsdk/mcuxsdk/drivers/lpuart/fsl_lpuart.c:1236:10:LPUART_WriteBlocking16bit	32	static
C:/NXP_MCUxpresso_SDK/mcuxsdk/mcuxsdk/drivers/lpuart/fsl_lpuart.c:1285:17:LPUART_WaitForReadData	24	static
C:/NXP_MCUxpresso_SDK/mcuxsdk/mcuxsdk/drivers/lpuart/fsl_lpuart.c:1382:10:LPUART_ReadBlocking	40	static
C:/NXP_MCUxpresso_SDK/mcuxsdk/mcuxsdk/drivers/lpuart/fsl_lpuart.c:1442:10:LPUART_ReadBlocking16bit	32	static
C:/NXP_MCUxpresso_SDK/mcuxsdk/mcuxsdk/drivers/lpuart/fsl_lpuart.c:1486:6:LPUART_TransferCreateHandle	40	static
C:/NXP_MCUxpresso_SDK/mcuxsdk/mcuxsdk/drivers/lpuart/fsl_lpuart.c:1558:6:LPUART_TransferStartRingBuffer	32	static
C:/NXP_MCUxpresso_SDK/mcuxsdk/mcuxsdk/drivers/lpuart/fsl_lpuart.c:1594:6:LPUART_TransferStopRingBuffer	24	static
C:/NXP_MCUxpresso_SDK/mcuxsdk/mcuxsdk/drivers/lpuart/fsl_lpuart.c:1632:10:LPUART_TransferSendNonBlocking	32	static
C:/NXP_MCUxpresso_SDK/mcuxsdk/mcuxsdk/drivers/lpuart/fsl_lpuart.c:1682:6:LPUART_TransferAbortSend	24	static
C:/NXP_MCUxpresso_SDK/mcuxsdk/mcuxsdk/drivers/lpuart/fsl_lpuart.c:1707:10:LPUART_TransferGetSendCount	32	static
C:/NXP_MCUxpresso_SDK/mcuxsdk/mcuxsdk/drivers/lpuart/fsl_lpuart.c:1765:10:LPUART_TransferReceiveNonBlocking	56	static
C:/NXP_MCUxpresso_SDK/mcuxsdk/mcuxsdk/drivers/lpuart/fsl_lpuart.c:1926:6:LPUART_TransferAbortReceive	24	static
C:/NXP_MCUxpresso_SDK/mcuxsdk/mcuxsdk/drivers/lpuart/fsl_lpuart.c:1957:10:LPUART_TransferGetReceiveCount	32	static
C:/NXP_MCUxpresso_SDK/mcuxsdk/mcuxsdk/drivers/lpuart/fsl_lpuart.c:1977:13:LPUART_TransferHandleIDLEReady	32	static
C:/NXP_MCUxpresso_SDK/mcuxsdk/mcuxsdk/drivers/lpuart/fsl_lpuart.c:2037:13:LPUART_TransferHandleReceiveDataFull	40	static
C:/NXP_MCUxpresso_SDK/mcuxsdk/mcuxsdk/drivers/lpuart/fsl_lpuart.c:2173:13:LPUART_TransferHandleSendDataEmpty	24	static
C:/NXP_MCUxpresso_SDK/mcuxsdk/mcuxsdk/drivers/lpuart/fsl_lpuart.c:2222:13:LPUART_TransferHandleTransmissionComplete	32	static
C:/NXP_MCUxpresso_SDK/mcuxsdk/mcuxsdk/drivers/lpuart/fsl_lpuart.c:2250:6:LPUART_TransferHandleIRQ	40	static
C:/NXP_MCUxpresso_SDK/mcuxsdk/mcuxsdk/drivers/lpuart/fsl_lpuart.c:2308:6:LPUART_TransferHandleErrorIRQ	16	static
C:/NXP_MCUxpresso_SDK/mcuxsdk/mcuxsdk/drivers/lpuart/fsl_lpuart.c:2317:6:LPUART_DriverIRQHandler	16	static
C:/NXP_MCUxpresso_SDK/mcuxsdk/mcuxsdk/drivers/lpuart/fsl_lpuart.c:2424:6:LPUART1_DriverIRQHandler	8	static
C:/NXP_MCUxpresso_SDK/mcuxsdk/mcuxsdk/drivers/lpuart/fsl_lpuart.c:2449:6:LPUART2_DriverIRQHandler	8	static
C:/NXP_MCUxpresso_SDK/mcuxsdk/mcuxsdk/drivers/lpuart/fsl_lpuart.c:2473:6:LPUART3_DriverIRQHandler	8	static
C:/NXP_MCUxpresso_SDK/mcuxsdk/mcuxsdk/drivers/lpuart/fsl_lpuart.c:2497:6:LPUART4_DriverIRQHandler	8	static
C:/NXP_MCUxpresso_SDK/mcuxsdk/mcuxsdk/drivers/lpuart/fsl_lpuart.c:2521:6:LPUART5_DriverIRQHandler	8	static
C:/NXP_MCUxpresso_SDK/mcuxsdk/mcuxsdk/drivers/lpuart/fsl_lpuart.c:2545:6:LPUART6_DriverIRQHandler	8	static
C:/NXP_MCUxpresso_SDK/mcuxsdk/mcuxsdk/drivers/lpuart/fsl_lpuart.c:2569:6:LPUART7_DriverIRQHandler	8	static
C:/NXP_MCUxpresso_SDK/mcuxsdk/mcuxsdk/drivers/lpuart/fsl_lpuart.c:2593:6:LPUART8_DriverIRQHandler	8	static
C:/NXP_MCUxpresso_SDK/mcuxsdk/mcuxsdk/drivers/lpuart/fsl_lpuart.c:2617:6:LPUART9_DriverIRQHandler	8	static
C:/NXP_MCUxpresso_SDK/mcuxsdk/mcuxsdk/drivers/lpuart/fsl_lpuart.c:2641:6:LPUART10_DriverIRQHandler	8	static
C:/NXP_MCUxpresso_SDK/mcuxsdk/mcuxsdk/drivers/lpuart/fsl_lpuart.c:2665:6:LPUART11_DriverIRQHandler	8	static
C:/NXP_MCUxpresso_SDK/mcuxsdk/mcuxsdk/drivers/lpuart/fsl_lpuart.c:2689:6:LPUART12_DriverIRQHandler	8	static
