C:/Users/dpesavento.EIL/Documents/GitHub/daniel-sandbox/rd-riop-EIP-demo/ethernet-ip/goal/protos/lm_emit/goal_lm_emit.c:141:15:goal_lmEmitInitPre	8	static
C:/Users/dpesavento.EIL/Documents/GitHub/daniel-sandbox/rd-riop-EIP-demo/ethernet-ip/goal/protos/lm_emit/goal_lm_emit.c:158:15:goal_lmEmitInitPost	16	static
C:/Users/dpesavento.EIL/Documents/GitHub/daniel-sandbox/rd-riop-EIP-demo/ethernet-ip/goal/protos/lm_emit/goal_lm_emit.c:215:13:goal_lmEmitLoop	72	static
C:/Users/dpesavento.EIL/Documents/GitHub/daniel-sandbox/rd-riop-EIP-demo/ethernet-ip/goal/protos/lm_emit/goal_lm_emit.c:338:15:goal_lmEmitEmitterReg	32	static
C:/Users/dpesavento.EIL/Documents/GitHub/daniel-sandbox/rd-riop-EIP-demo/ethernet-ip/goal/protos/lm_emit/goal_lm_emit.c:390:22:goal_lmEmitParameter	160	static
C:/Users/dpesavento.EIL/Documents/GitHub/daniel-sandbox/rd-riop-EIP-demo/ethernet-ip/goal/protos/lm_emit/goal_lm_emit.c:565:23:goal_lmEmitReaderCb	16	static
C:/Users/dpesavento.EIL/Documents/GitHub/daniel-sandbox/rd-riop-EIP-demo/ethernet-ip/goal/protos/lm_emit/goal_lm_emit.c:583:22:goal_lmEmitAllIdle	16	static
C:/Users/dpesavento.EIL/Documents/GitHub/daniel-sandbox/rd-riop-EIP-demo/ethernet-ip/goal/protos/lm_emit/goal_lm_emit.c:610:6:goal_lmEmitLogDump	8	static
C:/Users/dpesavento.EIL/Documents/GitHub/daniel-sandbox/rd-riop-EIP-demo/ethernet-ip/goal/protos/lm_emit/goal_lm_emit.c:632:6:goal_lmEmitEmergencySet	16	static
C:/Users/dpesavento.EIL/Documents/GitHub/daniel-sandbox/rd-riop-EIP-demo/ethernet-ip/goal/protos/lm_emit/goal_lm_emit.c:647:6:goal_lmEmitEmergencyEnable	16	static
C:/Users/dpesavento.EIL/Documents/GitHub/daniel-sandbox/rd-riop-EIP-demo/ethernet-ip/goal/protos/lm_emit/goal_lm_emit.c:664:6:goal_lmEmitEarly	8	static
