C:/NXP_MCUxpresso_SDK/mcuxsdk/mcuxsdk/arch/arm/CMSIS/Core/Include/core_cm33.h:2358:22:__NVIC_EnableIRQ	16	static
C:/NXP_MCUxpresso_SDK/mcuxsdk/mcuxsdk/devices/RT/RT1180/MIMXRT1189/drivers/fsl_clock.h:1581:20:CLOCK_ControlGate	16	static
C:/NXP_MCUxpresso_SDK/mcuxsdk/mcuxsdk/devices/RT/RT1180/MIMXRT1189/drivers/fsl_clock.h:1599:20:CLOCK_EnableClock	16	static
C:/NXP_MCUxpresso_SDK/mcuxsdk/mcuxsdk/drivers/common/fsl_common_arm.h:714:24:EnableIRQ	24	static
C:/NXP_MCUxpresso_SDK/mcuxsdk/mcuxsdk/drivers/flexspi/fsl_flexspi.h:526:20:FLEXSPI_EnableInterrupts	16	static
C:/NXP_MCUxpresso_SDK/mcuxsdk/mcuxsdk/drivers/flexspi/fsl_flexspi.h:537:20:FLEXSPI_DisableInterrupts	16	static
C:/NXP_MCUxpresso_SDK/mcuxsdk/mcuxsdk/drivers/flexspi/fsl_flexspi.h:672:20:FLEXSPI_ClearInterruptStatusFlags	16	static
C:/NXP_MCUxpresso_SDK/mcuxsdk/mcuxsdk/drivers/flexspi/fsl_flexspi.h:743:20:FLEXSPI_GetBusIdleStatus	16	static
C:/NXP_MCUxpresso_SDK/mcuxsdk/mcuxsdk/drivers/flexspi/fsl_flexspi.c:127:13:FLEXSPI_Memset	32	static
C:/NXP_MCUxpresso_SDK/mcuxsdk/mcuxsdk/drivers/flexspi/fsl_flexspi.c:148:13:FLEXSPI_CheckInputLutLocation	80	static
C:/NXP_MCUxpresso_SDK/mcuxsdk/mcuxsdk/drivers/flexspi/fsl_flexspi.c:165:10:FLEXSPI_GetInstance	24	static
C:/NXP_MCUxpresso_SDK/mcuxsdk/mcuxsdk/drivers/flexspi/fsl_flexspi.c:183:17:FLEXSPI_CalculateDll	40	static
C:/NXP_MCUxpresso_SDK/mcuxsdk/mcuxsdk/drivers/flexspi/fsl_flexspi.c:248:10:FLEXSPI_CheckAndClearError	24	static
C:/NXP_MCUxpresso_SDK/mcuxsdk/mcuxsdk/drivers/flexspi/fsl_flexspi.c:290:6:FLEXSPI_Init	32	static
C:/NXP_MCUxpresso_SDK/mcuxsdk/mcuxsdk/drivers/flexspi/fsl_flexspi.c:425:6:FLEXSPI_GetDefaultConfig	24	static
C:/NXP_MCUxpresso_SDK/mcuxsdk/mcuxsdk/drivers/flexspi/fsl_flexspi.c:493:6:FLEXSPI_Deinit	16	static
C:/NXP_MCUxpresso_SDK/mcuxsdk/mcuxsdk/drivers/flexspi/fsl_flexspi.c:506:6:FLEXSPI_UpdateDllValue	40	static
C:/NXP_MCUxpresso_SDK/mcuxsdk/mcuxsdk/drivers/flexspi/fsl_flexspi.c:568:6:FLEXSPI_SetFlashConfig	32	static
C:/NXP_MCUxpresso_SDK/mcuxsdk/mcuxsdk/drivers/flexspi/fsl_flexspi.c:660:6:FLEXSPI_SoftwareReset	16	static
C:/NXP_MCUxpresso_SDK/mcuxsdk/mcuxsdk/drivers/flexspi/fsl_flexspi.c:701:6:FLEXSPI_UpdateAhbBuffersSettings	32	static
C:/NXP_MCUxpresso_SDK/mcuxsdk/mcuxsdk/drivers/flexspi/fsl_flexspi.c:742:6:FLEXSPI_UpdateLUT	32	static
C:/NXP_MCUxpresso_SDK/mcuxsdk/mcuxsdk/drivers/flexspi/fsl_flexspi.c:786:6:FLEXSPI_UpdateRxSampleClock	24	static
C:/NXP_MCUxpresso_SDK/mcuxsdk/mcuxsdk/drivers/flexspi/fsl_flexspi.c:815:10:FLEXSPI_WriteBlocking	48	static
C:/NXP_MCUxpresso_SDK/mcuxsdk/mcuxsdk/drivers/flexspi/fsl_flexspi.c:894:10:FLEXSPI_ReadBlocking	56	static
C:/NXP_MCUxpresso_SDK/mcuxsdk/mcuxsdk/drivers/flexspi/fsl_flexspi.c:1001:10:FLEXSPI_TransferBlocking	24	static
C:/NXP_MCUxpresso_SDK/mcuxsdk/mcuxsdk/drivers/flexspi/fsl_flexspi.c:1079:6:FLEXSPI_TransferCreateHandle	32	static
C:/NXP_MCUxpresso_SDK/mcuxsdk/mcuxsdk/drivers/flexspi/fsl_flexspi.c:1120:10:FLEXSPI_TransferNonBlocking	32	static
C:/NXP_MCUxpresso_SDK/mcuxsdk/mcuxsdk/drivers/flexspi/fsl_flexspi.c:1204:10:FLEXSPI_TransferGetCount	32	static
C:/NXP_MCUxpresso_SDK/mcuxsdk/mcuxsdk/drivers/flexspi/fsl_flexspi.c:1231:6:FLEXSPI_TransferAbort	16	static
C:/NXP_MCUxpresso_SDK/mcuxsdk/mcuxsdk/drivers/flexspi/fsl_flexspi.c:1245:6:FLEXSPI_TransferHandleIRQ	80	static
C:/NXP_MCUxpresso_SDK/mcuxsdk/mcuxsdk/drivers/flexspi/fsl_flexspi.c:1469:6:FLEXSPI1_DriverIRQHandler	8	static
C:/NXP_MCUxpresso_SDK/mcuxsdk/mcuxsdk/drivers/flexspi/fsl_flexspi.c:1477:6:FLEXSPI2_DriverIRQHandler	8	static
