C:/NXP_MCUxpresso_SDK/mcuxsdk/mcuxsdk/devices/RT/RT1180/MIMXRT1189/drivers/fsl_clock.h:1474:24:CLOCK_GetRootClockMux	16	static
C:/NXP_MCUxpresso_SDK/mcuxsdk/mcuxsdk/devices/RT/RT1180/MIMXRT1189/drivers/fsl_clock.h:1515:24:CLOCK_GetRootClockDiv	16	static
C:/NXP_MCUxpresso_SDK/mcuxsdk/mcuxsdk/devices/RT/RT1180/MIMXRT1189/drivers/fsl_clock.h:1634:24:CLOCK_GetRootClockFreq	32	static
C:/NXP_MCUxpresso_SDK/mcuxsdk/mcuxsdk/drivers/netc/fsl_netc_timer.h:358:20:NETC_TimerClearInterruptStatus	16	static
C:/NXP_MCUxpresso_SDK/mcuxsdk/mcuxsdk/drivers/msgintr/fsl_msgintr.h:61:24:MSGINTR_GetIntrSelectAddr	16	static
C:/Users/dpesavento.EIL/Documents/GitHub/daniel-sandbox/rd-riop-EIP-demo/ethernet-ip/goal/plat/drv/ptp/nxp/netc/goal_target_ptp.c:78:15:goal_targetPtpInit	80	static
C:/Users/dpesavento.EIL/Documents/GitHub/daniel-sandbox/rd-riop-EIP-demo/ethernet-ip/goal/plat/drv/ptp/nxp/netc/goal_target_ptp.c:136:15:goal_targetPtpUpdateFreq	16	static
C:/Users/dpesavento.EIL/Documents/GitHub/daniel-sandbox/rd-riop-EIP-demo/ethernet-ip/goal/plat/drv/ptp/nxp/netc/goal_target_ptp.c:161:15:goal_targetPtpUpdateTime	64	static
C:/Users/dpesavento.EIL/Documents/GitHub/daniel-sandbox/rd-riop-EIP-demo/ethernet-ip/goal/plat/drv/ptp/nxp/netc/goal_target_ptp.c:191:15:goal_targetPtpSetTime	80	static
C:/Users/dpesavento.EIL/Documents/GitHub/daniel-sandbox/rd-riop-EIP-demo/ethernet-ip/goal/plat/drv/ptp/nxp/netc/goal_target_ptp.c:221:15:goal_targetPtpGetTime	24	static
C:/Users/dpesavento.EIL/Documents/GitHub/daniel-sandbox/rd-riop-EIP-demo/ethernet-ip/goal/plat/drv/ptp/nxp/netc/goal_target_ptp.c:243:13:goal_targetPtpIsStable	4	static
C:/Users/dpesavento.EIL/Documents/GitHub/daniel-sandbox/rd-riop-EIP-demo/ethernet-ip/goal/plat/drv/ptp/nxp/netc/goal_target_ptp.c:260:15:goal_targetPtpCycleCallbackStart	48	static
C:/Users/dpesavento.EIL/Documents/GitHub/daniel-sandbox/rd-riop-EIP-demo/ethernet-ip/goal/plat/drv/ptp/nxp/netc/goal_target_ptp.c:322:15:goal_targetPtpCycleCallbackStop	8	static
C:/Users/dpesavento.EIL/Documents/GitHub/daniel-sandbox/rd-riop-EIP-demo/ethernet-ip/goal/plat/drv/ptp/nxp/netc/goal_target_ptp.c:342:13:goal_drvPtpMsiXCbExec	24	static
C:/Users/dpesavento.EIL/Documents/GitHub/daniel-sandbox/rd-riop-EIP-demo/ethernet-ip/goal/plat/drv/ptp/nxp/netc/goal_target_ptp.c:380:22:goal_drvPtpTask	24	static
C:/Users/dpesavento.EIL/Documents/GitHub/daniel-sandbox/rd-riop-EIP-demo/ethernet-ip/goal/plat/drv/ptp/nxp/netc/goal_target_ptp.c:408:13:goal_drvPtpIrqHandler	8	static
