C:/NXP_MCUxpresso_SDK/mcuxsdk/mcuxsdk/arch/arm/CMSIS/Core/Include/core_cm7.h:2013:22:__NVIC_EnableIRQ	16	static
C:/NXP_MCUxpresso_SDK/mcuxsdk/mcuxsdk/arch/arm/CMSIS/Core/Include/core_cm7.h:2051:22:__NVIC_DisableIRQ	16	static
C:/NXP_MCUxpresso_SDK/mcuxsdk/mcuxsdk/devices/RT/RT1180/MIMXRT1189/drivers/fsl_clock.h:1474:24:CLOCK_GetRootClockMux	16	static
C:/NXP_MCUxpresso_SDK/mcuxsdk/mcuxsdk/devices/RT/RT1180/MIMXRT1189/drivers/fsl_clock.h:1515:24:CLOCK_GetRootClockDiv	16	static
C:/NXP_MCUxpresso_SDK/mcuxsdk/mcuxsdk/devices/RT/RT1180/MIMXRT1189/drivers/fsl_clock.h:1634:24:CLOCK_GetRootClockFreq	32	static
C:/NXP_MCUxpresso_SDK/mcuxsdk/mcuxsdk/drivers/common/fsl_common_arm.h:714:24:EnableIRQ	24	static
C:/NXP_MCUxpresso_SDK/mcuxsdk/mcuxsdk/drivers/common/fsl_common_arm.h:764:24:DisableIRQ	24	static
C:/NXP_MCUxpresso_SDK/mcuxsdk/mcuxsdk/drivers/lpuart/fsl_lpuart.h:772:20:LPUART_EnableTx	16	static
C:/NXP_MCUxpresso_SDK/mcuxsdk/mcuxsdk/drivers/lpuart/fsl_lpuart.h:792:20:LPUART_EnableRx	16	static
C:/NXP_MCUxpresso_SDK/mcuxsdk/mcuxsdk/drivers/lpuart/fsl_lpuart.h:813:20:LPUART_WriteByte	16	static
C:/NXP_MCUxpresso_SDK/mcuxsdk/mcuxsdk/drivers/lpuart/fsl_lpuart.h:827:23:LPUART_ReadByte	32	static
C:/Users/dpesavento.EIL/Documents/GitHub/daniel-sandbox/rd-riop-EIP-demo/appl/ethernet-ip/riop/modbus/modbus_serial.c:37:6:LPUART10_IRQHandler	8	static
C:/Users/dpesavento.EIL/Documents/GitHub/daniel-sandbox/rd-riop-EIP-demo/appl/ethernet-ip/riop/modbus/modbus_serial.c:52:13:UartInit	40	static
C:/Users/dpesavento.EIL/Documents/GitHub/daniel-sandbox/rd-riop-EIP-demo/appl/ethernet-ip/riop/modbus/modbus_serial.c:111:1:vMBMasterPortSerialEnable	16	static
C:/Users/dpesavento.EIL/Documents/GitHub/daniel-sandbox/rd-riop-EIP-demo/appl/ethernet-ip/riop/modbus/modbus_serial.c:137:1:xMBMasterPortSerialInit	16	static
C:/Users/dpesavento.EIL/Documents/GitHub/daniel-sandbox/rd-riop-EIP-demo/appl/ethernet-ip/riop/modbus/modbus_serial.c:143:6:vMBMasterPortClose	8	static
C:/Users/dpesavento.EIL/Documents/GitHub/daniel-sandbox/rd-riop-EIP-demo/appl/ethernet-ip/riop/modbus/modbus_serial.c:155:1:xMBMasterPortSerialPutByte	16	static
C:/Users/dpesavento.EIL/Documents/GitHub/daniel-sandbox/rd-riop-EIP-demo/appl/ethernet-ip/riop/modbus/modbus_serial.c:162:1:xMBMasterPortSerialGetByte	16	static
C:/Users/dpesavento.EIL/Documents/GitHub/daniel-sandbox/rd-riop-EIP-demo/appl/ethernet-ip/riop/modbus/modbus_serial.c:168:13:prvvUARTTxReadyISR	8	static
C:/Users/dpesavento.EIL/Documents/GitHub/daniel-sandbox/rd-riop-EIP-demo/appl/ethernet-ip/riop/modbus/modbus_serial.c:173:13:prvvUARTRxISR	8	static
