C:/NXP_MCUxpresso_SDK/mcuxsdk/mcuxsdk/arch/arm/CMSIS/Core/Include/core_cm7.h:2013:22:__NVIC_EnableIRQ	16	static
C:/NXP_MCUxpresso_SDK/mcuxsdk/mcuxsdk/arch/arm/CMSIS/Core/Include/core_cm7.h:2051:22:__NVIC_DisableIRQ	16	static
C:/NXP_MCUxpresso_SDK/mcuxsdk/mcuxsdk/drivers/common/fsl_common_arm.h:714:24:EnableIRQ	24	static
C:/NXP_MCUxpresso_SDK/mcuxsdk/mcuxsdk/drivers/common/fsl_common_arm.h:764:24:DisableIRQ	24	static
C:/NXP_MCUxpresso_SDK/mcuxsdk/mcuxsdk/drivers/tpm/fsl_tpm.h:869:20:TPM_ClearStatusFlags	16	static
C:/NXP_MCUxpresso_SDK/mcuxsdk/mcuxsdk/drivers/tpm/fsl_tpm.h:919:24:TPM_SetTimerPeriod	16	static
C:/NXP_MCUxpresso_SDK/mcuxsdk/mcuxsdk/drivers/tpm/fsl_tpm.h:985:20:TPM_StartTimer	24	static
C:/NXP_MCUxpresso_SDK/mcuxsdk/mcuxsdk/drivers/tpm/fsl_tpm.h:1005:24:TPM_StopTimer	16	static
C:/Users/dpesavento.EIL/Documents/GitHub/daniel-sandbox/rd-riop-EIP-demo/appl/ethernet-ip/riop/modbus/modbus_timer.c:43:13:prvTpmArm	56	static
C:/Users/dpesavento.EIL/Documents/GitHub/daniel-sandbox/rd-riop-EIP-demo/appl/ethernet-ip/riop/modbus/modbus_timer.c:65:6:TPM6_IRQHandler	8	static
C:/Users/dpesavento.EIL/Documents/GitHub/daniel-sandbox/rd-riop-EIP-demo/appl/ethernet-ip/riop/modbus/modbus_timer.c:73:1:xMBMasterPortTimersInit	16	static
C:/Users/dpesavento.EIL/Documents/GitHub/daniel-sandbox/rd-riop-EIP-demo/appl/ethernet-ip/riop/modbus/modbus_timer.c:86:6:vMBMasterPortTimersConvertDelayEnable	8	static
C:/Users/dpesavento.EIL/Documents/GitHub/daniel-sandbox/rd-riop-EIP-demo/appl/ethernet-ip/riop/modbus/modbus_timer.c:92:6:vMBMasterPortTimersRespondTimeoutEnable	8	static
C:/Users/dpesavento.EIL/Documents/GitHub/daniel-sandbox/rd-riop-EIP-demo/appl/ethernet-ip/riop/modbus/modbus_timer.c:98:6:vMBMasterPortTimersT35Enable	8	static
C:/Users/dpesavento.EIL/Documents/GitHub/daniel-sandbox/rd-riop-EIP-demo/appl/ethernet-ip/riop/modbus/modbus_timer.c:104:6:vMBMasterPortTimersDisable	8	static
C:/Users/dpesavento.EIL/Documents/GitHub/daniel-sandbox/rd-riop-EIP-demo/appl/ethernet-ip/riop/modbus/modbus_timer.c:112:13:prvvTIMERExpiredISR	8	static
