C:/NXP_MCUxpresso_SDK/mcuxsdk/mcuxsdk/arch/arm/CMSIS/Core/Include/m-profile/armv7m_mpu.h:189:22:ARM_MPU_Enable	16	static
C:/NXP_MCUxpresso_SDK/mcuxsdk/mcuxsdk/arch/arm/CMSIS/Core/Include/m-profile/armv7m_mpu.h:202:22:ARM_MPU_Disable	4	static
C:/NXP_MCUxpresso_SDK/mcuxsdk/mcuxsdk/devices/RT/RT1180/MIMXRT1189/drivers/fsl_clock.h:1474:24:CLOCK_GetRootClockMux	16	static
C:/NXP_MCUxpresso_SDK/mcuxsdk/mcuxsdk/devices/RT/RT1180/MIMXRT1189/drivers/fsl_clock.h:1515:24:CLOCK_GetRootClockDiv	16	static
C:/NXP_MCUxpresso_SDK/mcuxsdk/mcuxsdk/devices/RT/RT1180/MIMXRT1189/drivers/fsl_clock.h:1560:20:CLOCK_SetRootClock	16	static
C:/NXP_MCUxpresso_SDK/mcuxsdk/mcuxsdk/devices/RT/RT1180/MIMXRT1189/drivers/fsl_clock.h:1634:24:CLOCK_GetRootClockFreq	32	static
C:/Users/dpesavento.EIL/Documents/GitHub/daniel-sandbox/rd-riop-EIP-demo/common/m7/board/board.c:570:6:BOARD_SetFlexspiClock	32	static
C:/Users/dpesavento.EIL/Documents/GitHub/daniel-sandbox/rd-riop-EIP-demo/common/m7/board/board.c:458:6:BOARD_DeinitFlash	16	static
C:/Users/dpesavento.EIL/Documents/GitHub/daniel-sandbox/rd-riop-EIP-demo/common/m7/board/board.c:495:6:BOARD_InitFlash	32	static
C:/NXP_MCUxpresso_SDK/mcuxsdk/mcuxsdk/drivers/cache/armv7-m7/fsl_cache.h:131:20:L1CACHE_EnableICache	4	static
C:/NXP_MCUxpresso_SDK/mcuxsdk/mcuxsdk/drivers/cache/armv7-m7/fsl_cache.h:140:20:L1CACHE_DisableICache	4	static
C:/NXP_MCUxpresso_SDK/mcuxsdk/mcuxsdk/drivers/cache/armv7-m7/fsl_cache.h:173:20:L1CACHE_EnableDCache	24	static
C:/NXP_MCUxpresso_SDK/mcuxsdk/mcuxsdk/drivers/cache/armv7-m7/fsl_cache.h:182:20:L1CACHE_DisableDCache	48	static
C:/NXP_MCUxpresso_SDK/mcuxsdk/mcuxsdk/devices/RT/RT1180/MIMXRT1189/drivers/fsl_dcdc.h:406:20:DCDC_SetVDD1P0BuckModeTargetVoltage	16	static
C:/Users/dpesavento.EIL/Documents/GitHub/daniel-sandbox/rd-riop-EIP-demo/common/m7/board/board.c:30:10:BOARD_DebugConsoleSrcFreq	8	static
C:/Users/dpesavento.EIL/Documents/GitHub/daniel-sandbox/rd-riop-EIP-demo/common/m7/board/board.c:36:6:BOARD_InitDebugConsole	16	static
C:/Users/dpesavento.EIL/Documents/GitHub/daniel-sandbox/rd-riop-EIP-demo/common/m7/board/board.c:46:6:BOARD_ConfigMPU	32	static
C:/Users/dpesavento.EIL/Documents/GitHub/daniel-sandbox/rd-riop-EIP-demo/common/m7/board/board.c:450:6:BOARD_SD_Pin_Config	16	static
C:/Users/dpesavento.EIL/Documents/GitHub/daniel-sandbox/rd-riop-EIP-demo/common/m7/board/board.c:454:6:BOARD_MMC_Pin_Config	16	static
C:/Users/dpesavento.EIL/Documents/GitHub/daniel-sandbox/rd-riop-EIP-demo/common/m7/board/board.c:626:6:BOARD_FlexspiClockSafeConfig	8	static
C:/Users/dpesavento.EIL/Documents/GitHub/daniel-sandbox/rd-riop-EIP-demo/common/m7/board/board.c:633:6:EdgeLock_SetClock	32	static
C:/Users/dpesavento.EIL/Documents/GitHub/daniel-sandbox/rd-riop-EIP-demo/common/m7/board/board.c:663:6:DCDC_SetVoltage	16	static
