Archive member included to satisfy reference by file (symbol)

C:/Users/dpesavento.EIL/.mcuxpressotools/arm-gnu-toolchain-14.2.rel1-mingw-w64-x86_64-arm-none-eabi/bin/../lib/gcc/arm-none-eabi/14.2.1/thumb/v7e-m+dp/hard\libm.a(libm_a-w_sqrt.o)
                              CMakeFiles/riop_EIP_M7FOLLOWER_cm7.dir/ec6318de0af1864c49e3543e8deb49f8/common/m7/source/api_afe.c.obj (sqrt)
C:/Users/dpesavento.EIL/.mcuxpressotools/arm-gnu-toolchain-14.2.rel1-mingw-w64-x86_64-arm-none-eabi/bin/../lib/gcc/arm-none-eabi/14.2.1/thumb/v7e-m+dp/hard\libm.a(libm_a-sinf.o)
                              CMakeFiles/riop_EIP_M7FOLLOWER_cm7.dir/6c19b28528fade620a6c3f68ff08a48c/m7/source/SIGGEN_task/SIGGEN_task.c.obj (sinf)
C:/Users/dpesavento.EIL/.mcuxpressotools/arm-gnu-toolchain-14.2.rel1-mingw-w64-x86_64-arm-none-eabi/bin/../lib/gcc/arm-none-eabi/14.2.1/thumb/v7e-m+dp/hard\libm.a(libm_a-sincosf_data.o)
                              C:/Users/dpesavento.EIL/.mcuxpressotools/arm-gnu-toolchain-14.2.rel1-mingw-w64-x86_64-arm-none-eabi/bin/../lib/gcc/arm-none-eabi/14.2.1/thumb/v7e-m+dp/hard\libm.a(libm_a-sinf.o) (__inv_pio4)
C:/Users/dpesavento.EIL/.mcuxpressotools/arm-gnu-toolchain-14.2.rel1-mingw-w64-x86_64-arm-none-eabi/bin/../lib/gcc/arm-none-eabi/14.2.1/thumb/v7e-m+dp/hard\libm.a(libm_a-math_errf.o)
                              C:/Users/dpesavento.EIL/.mcuxpressotools/arm-gnu-toolchain-14.2.rel1-mingw-w64-x86_64-arm-none-eabi/bin/../lib/gcc/arm-none-eabi/14.2.1/thumb/v7e-m+dp/hard\libm.a(libm_a-sinf.o) (__math_invalidf)
C:/Users/dpesavento.EIL/.mcuxpressotools/arm-gnu-toolchain-14.2.rel1-mingw-w64-x86_64-arm-none-eabi/bin/../lib/gcc/arm-none-eabi/14.2.1/thumb/v7e-m+dp/hard\libm.a(libm_a-e_sqrt.o)
                              C:/Users/dpesavento.EIL/.mcuxpressotools/arm-gnu-toolchain-14.2.rel1-mingw-w64-x86_64-arm-none-eabi/bin/../lib/gcc/arm-none-eabi/14.2.1/thumb/v7e-m+dp/hard\libm.a(libm_a-w_sqrt.o) (__ieee754_sqrt)
C:/Users/dpesavento.EIL/.mcuxpressotools/arm-gnu-toolchain-14.2.rel1-mingw-w64-x86_64-arm-none-eabi/bin/../lib/gcc/arm-none-eabi/14.2.1/thumb/v7e-m+dp/hard\libc_nano.a(libc_a-exit.o)
                              C:/Users/dpesavento.EIL/.mcuxpressotools/arm-gnu-toolchain-14.2.rel1-mingw-w64-x86_64-arm-none-eabi/bin/../lib/gcc/arm-none-eabi/14.2.1/thumb/v7e-m+dp/hard/crt0.o (exit)
C:/Users/dpesavento.EIL/.mcuxpressotools/arm-gnu-toolchain-14.2.rel1-mingw-w64-x86_64-arm-none-eabi/bin/../lib/gcc/arm-none-eabi/14.2.1/thumb/v7e-m+dp/hard\libc_nano.a(libc_a-malloc.o)
                              CMakeFiles/riop_EIP_M7FOLLOWER_cm7.dir/C_/NXP_MCUxpresso_SDK/mcuxsdk/mcuxsdk/drivers/common/fsl_common.c.obj (malloc)
C:/Users/dpesavento.EIL/.mcuxpressotools/arm-gnu-toolchain-14.2.rel1-mingw-w64-x86_64-arm-none-eabi/bin/../lib/gcc/arm-none-eabi/14.2.1/thumb/v7e-m+dp/hard\libc_nano.a(libc_a-mallocr.o)
                              C:/Users/dpesavento.EIL/.mcuxpressotools/arm-gnu-toolchain-14.2.rel1-mingw-w64-x86_64-arm-none-eabi/bin/../lib/gcc/arm-none-eabi/14.2.1/thumb/v7e-m+dp/hard\libc_nano.a(libc_a-malloc.o) (_malloc_r)
C:/Users/dpesavento.EIL/.mcuxpressotools/arm-gnu-toolchain-14.2.rel1-mingw-w64-x86_64-arm-none-eabi/bin/../lib/gcc/arm-none-eabi/14.2.1/thumb/v7e-m+dp/hard\libc_nano.a(libc_a-mlock.o)
                              C:/Users/dpesavento.EIL/.mcuxpressotools/arm-gnu-toolchain-14.2.rel1-mingw-w64-x86_64-arm-none-eabi/bin/../lib/gcc/arm-none-eabi/14.2.1/thumb/v7e-m+dp/hard\libc_nano.a(libc_a-mallocr.o) (__malloc_lock)
C:/Users/dpesavento.EIL/.mcuxpressotools/arm-gnu-toolchain-14.2.rel1-mingw-w64-x86_64-arm-none-eabi/bin/../lib/gcc/arm-none-eabi/14.2.1/thumb/v7e-m+dp/hard\libc_nano.a(libc_a-strtoul.o)
                              CMakeFiles/riop_EIP_M7FOLLOWER_cm7.dir/C_/NXP_MCUxpresso_SDK/mcuxsdk/mcuxsdk/components/str/fsl_str.c.obj (strtoul)
C:/Users/dpesavento.EIL/.mcuxpressotools/arm-gnu-toolchain-14.2.rel1-mingw-w64-x86_64-arm-none-eabi/bin/../lib/gcc/arm-none-eabi/14.2.1/thumb/v7e-m+dp/hard\libc_nano.a(libc_a-ctype_.o)
                              C:/Users/dpesavento.EIL/.mcuxpressotools/arm-gnu-toolchain-14.2.rel1-mingw-w64-x86_64-arm-none-eabi/bin/../lib/gcc/arm-none-eabi/14.2.1/thumb/v7e-m+dp/hard\libc_nano.a(libc_a-strtoul.o) (_ctype_)
C:/Users/dpesavento.EIL/.mcuxpressotools/arm-gnu-toolchain-14.2.rel1-mingw-w64-x86_64-arm-none-eabi/bin/../lib/gcc/arm-none-eabi/14.2.1/thumb/v7e-m+dp/hard\libc_nano.a(libc_a-findfp.o)
                              C:/Users/dpesavento.EIL/.mcuxpressotools/arm-gnu-toolchain-14.2.rel1-mingw-w64-x86_64-arm-none-eabi/bin/../lib/gcc/arm-none-eabi/14.2.1/thumb/v7e-m+dp/hard\libc_nano.a(libc_a-exit.o) (__stdio_exit_handler)
C:/Users/dpesavento.EIL/.mcuxpressotools/arm-gnu-toolchain-14.2.rel1-mingw-w64-x86_64-arm-none-eabi/bin/../lib/gcc/arm-none-eabi/14.2.1/thumb/v7e-m+dp/hard\libc_nano.a(libc_a-fwalk.o)
[...]
Memory Configuration

Name             Origin             Length             Attributes
m_interrupts_ram 0x00000000         0x00000000         xr
m_interrupts     0x00000000         0x00000400         xr
m_text           0x00000400         0x0003fc00         xr
m_data           0x20000000         0x00040000         rw
m_heap           0x20500000         0x00000400         rw
m_qacode         0x00000000         0x00040000         xr
m_qadata         0x20000000         0x00040000         rw
m_rpmsg          0x204fe000         0x00002000         rw
*default*        0x00000000         0xffffffff

Linker script and memory map

LOAD C:/Users/dpesavento.EIL/.mcuxpressotools/arm-gnu-toolchain-14.2.rel1-mingw-w64-x86_64-arm-none-eabi/bin/../lib/gcc/arm-none-eabi/14.2.1/thumb/v7e-m+dp/hard/crti.o
LOAD C:/Users/dpesavento.EIL/.mcuxpressotools/arm-gnu-toolchain-14.2.rel1-mingw-w64-x86_64-arm-none-eabi/bin/../lib/gcc/arm-none-eabi/14.2.1/thumb/v7e-m+dp/hard/crtbegin.o
LOAD C:/Users/dpesavento.EIL/.mcuxpressotools/arm-gnu-toolchain-14.2.rel1-mingw-w64-x86_64-arm-none-eabi/bin/../lib/gcc/arm-none-eabi/14.2.1/thumb/v7e-m+dp/hard/crt0.o
                0x00000001                        __use_shmem__ = 0x1
                0x00000001                        __multicore__ = 0x1
LOAD CMakeFiles/riop_EIP_M7FOLLOWER_cm7.dir/0d566bf757e0d7ee746b989f8ae441cd/MIMXRT1189/system_MIMXRT1189_cm7.c.obj
LOAD CMakeFiles/riop_EIP_M7FOLLOWER_cm7.dir/b227f8ffbb0b9723488f30f1ad37786a/gcc/startup_MIMXRT1189_cm7.S.obj
LOAD CMakeFiles/riop_EIP_M7FOLLOWER_cm7.dir/117cfca67256a17129d7e17fbdfae861/RT1180/MIMXRT1189/drivers/fsl_pmu.c.obj
LOAD CMakeFiles/riop_EIP_M7FOLLOWER_cm7.dir/117cfca67256a17129d7e17fbdfae861/RT1180/MIMXRT1189/drivers/fsl_clock.c.obj
LOAD CMakeFiles/riop_EIP_M7FOLLOWER_cm7.dir/117cfca67256a17129d7e17fbdfae861/RT1180/MIMXRT1189/drivers/fsl_dcdc.c.obj
LOAD CMakeFiles/riop_EIP_M7FOLLOWER_cm7.dir/0d566bf757e0d7ee746b989f8ae441cd/MIMXRT1189/drivers/fsl_edma_soc.c.obj
LOAD CMakeFiles/riop_EIP_M7FOLLOWER_cm7.dir/0d566bf757e0d7ee746b989f8ae441cd/MIMXRT1189/drivers/fsl_ele_base_api.c.obj
LOAD CMakeFiles/riop_EIP_M7FOLLOWER_cm7.dir/117cfca67256a17129d7e17fbdfae861/RT1180/MIMXRT1189/drivers/fsl_gpc.c.obj
LOAD CMakeFiles/riop_EIP_M7FOLLOWER_cm7.dir/0d566bf757e0d7ee746b989f8ae441cd/MIMXRT1189/drivers/fsl_memory.c.obj
LOAD CMakeFiles/riop_EIP_M7FOLLOWER_cm7.dir/0d566bf757e0d7ee746b989f8ae441cd/MIMXRT1189/drivers/fsl_soc_src.c.obj
LOAD CMakeFiles/riop_EIP_M7FOLLOWER_cm7.dir/C_/NXP_MCUxpresso_SDK/mcuxsdk/mcuxsdk/drivers/common/fsl_common.c.obj
LOAD CMakeFiles/riop_EIP_M7FOLLOWER_cm7.dir/C_/NXP_MCUxpresso_SDK/mcuxsdk/mcuxsdk/drivers/common/fsl_common_arm.c.obj
LOAD CMakeFiles/riop_EIP_M7FOLLOWER_cm7.dir/C_/NXP_MCUxpresso_SDK/mcuxsdk/mcuxsdk/drivers/edma4/fsl_edma.c.obj
LOAD CMakeFiles/riop_EIP_M7FOLLOWER_cm7.dir/C_/NXP_MCUxpresso_SDK/mcuxsdk/mcuxsdk/drivers/flexio/fsl_flexio.c.obj
LOAD CMakeFiles/riop_EIP_M7FOLLOWER_cm7.dir/C_/NXP_MCUxpresso_SDK/mcuxsdk/mcuxsdk/drivers/flexspi/fsl_flexspi.c.obj
LOAD CMakeFiles/riop_EIP_M7FOLLOWER_cm7.dir/C_/NXP_MCUxpresso_SDK/mcuxsdk/mcuxsdk/drivers/gpt/fsl_gpt.c.obj
LOAD CMakeFiles/riop_EIP_M7FOLLOWER_cm7.dir/C_/NXP_MCUxpresso_SDK/mcuxsdk/mcuxsdk/drivers/lpit/fsl_lpit.c.obj
LOAD CMakeFiles/riop_EIP_M7FOLLOWER_cm7.dir/C_/NXP_MCUxpresso_SDK/mcuxsdk/mcuxsdk/drivers/lpspi/fsl_lpspi.c.obj
LOAD CMakeFiles/riop_EIP_M7FOLLOWER_cm7.dir/C_/NXP_MCUxpresso_SDK/mcuxsdk/mcuxsdk/drivers/lpuart/fsl_lpuart.c.obj
LOAD CMakeFiles/riop_EIP_M7FOLLOWER_cm7.dir/C_/NXP_MCUxpresso_SDK/mcuxsdk/mcuxsdk/drivers/mu1/fsl_mu.c.obj
LOAD CMakeFiles/riop_EIP_M7FOLLOWER_cm7.dir/C_/NXP_MCUxpresso_SDK/mcuxsdk/mcuxsdk/drivers/pwm/fsl_pwm.c.obj
LOAD CMakeFiles/riop_EIP_M7FOLLOWER_cm7.dir/C_/NXP_MCUxpresso_SDK/mcuxsdk/mcuxsdk/drivers/rgpio/fsl_rgpio.c.obj
LOAD CMakeFiles/riop_EIP_M7FOLLOWER_cm7.dir/C_/NXP_MCUxpresso_SDK/mcuxsdk/mcuxsdk/drivers/s3mu/fsl_s3mu.c.obj
LOAD CMakeFiles/riop_EIP_M7FOLLOWER_cm7.dir/C_/NXP_MCUxpresso_SDK/mcuxsdk/mcuxsdk/drivers/sema42/fsl_sema42.c.obj
LOAD CMakeFiles/riop_EIP_M7FOLLOWER_cm7.dir/C_/NXP_MCUxpresso_SDK/mcuxsdk/mcuxsdk/drivers/tpm/fsl_tpm.c.obj
LOAD CMakeFiles/riop_EIP_M7FOLLOWER_cm7.dir/C_/NXP_MCUxpresso_SDK/mcuxsdk/mcuxsdk/drivers/trdc/fsl_trdc.c.obj
LOAD CMakeFiles/riop_EIP_M7FOLLOWER_cm7.dir/C_/NXP_MCUxpresso_SDK/mcuxsdk/mcuxsdk/drivers/xbar_1/fsl_xbar.c.obj
LOAD CMakeFiles/riop_EIP_M7FOLLOWER_cm7.dir/a33e93b446d1c389b285005a93f11471/drivers/cache/armv7-m7/fsl_cache.c.obj
LOAD CMakeFiles/riop_EIP_M7FOLLOWER_cm7.dir/C_/NXP_MCUxpresso_SDK/mcuxsdk/mcuxsdk/components/assert/fsl_assert.c.obj
LOAD CMakeFiles/riop_EIP_M7FOLLOWER_cm7.dir/e001a53748e144f6279b23da3cf6518f/fsl_debug_console.c.obj
LOAD CMakeFiles/riop_EIP_M7FOLLOWER_cm7.dir/039ac5d27b8e0fa8939530150fafe01d/nor/flexspi/fsl_flexspi_nor_flash.c.obj
LOAD CMakeFiles/riop_EIP_M7FOLLOWER_cm7.dir/513e8ac5a0c0aa391b08d53aae1a9b8f/misc_utilities/fsl_syscall_stub.c.obj
LOAD CMakeFiles/riop_EIP_M7FOLLOWER_cm7.dir/a33e93b446d1c389b285005a93f11471/components/misc_utilities/fsl_sbrk.c.obj
LOAD CMakeFiles/riop_EIP_M7FOLLOWER_cm7.dir/513e8ac5a0c0aa391b08d53aae1a9b8f/misc_utilities/fsl_memcpy.S.obj
LOAD CMakeFiles/riop_EIP_M7FOLLOWER_cm7.dir/C_/NXP_MCUxpresso_SDK/mcuxsdk/mcuxsdk/components/str/fsl_str.c.obj
LOAD CMakeFiles/riop_EIP_M7FOLLOWER_cm7.dir/a33e93b446d1c389b285005a93f11471/components/uart/fsl_adapter_lpuart.c.obj
LOAD CMakeFiles/riop_EIP_M7FOLLOWER_cm7.dir/a33e93b446d1c389b285005a93f11471/components/ele_crypto/ele_crypto.c.obj
LOAD CMakeFiles/riop_EIP_M7FOLLOWER_cm7.dir/513e8ac5a0c0aa391b08d53aae1a9b8f/silicon_id/fsl_silicon_id.c.obj
LOAD CMakeFiles/riop_EIP_M7FOLLOWER_cm7.dir/afc1ca5c2411a56cd225e7d0b8fd4ea8/socs/imxrt1180/fsl_silicon_id_soc.c.obj
LOAD CMakeFiles/riop_EIP_M7FOLLOWER_cm7.dir/65e11a5a564d4d27ed19d85f4fff7814/freertos/freertos-kernel/croutine.c.obj
LOAD CMakeFiles/riop_EIP_M7FOLLOWER_cm7.dir/71cc76f3be6ab0e44afd00f0642682f9/freertos-kernel/event_groups.c.obj
LOAD CMakeFiles/riop_EIP_M7FOLLOWER_cm7.dir/a33e93b446d1c389b285005a93f11471/rtos/freertos/freertos-kernel/list.c.obj
LOAD CMakeFiles/riop_EIP_M7FOLLOWER_cm7.dir/a33e93b446d1c389b285005a93f11471/rtos/freertos/freertos-kernel/queue.c.obj
LOAD CMakeFiles/riop_EIP_M7FOLLOWER_cm7.dir/71cc76f3be6ab0e44afd00f0642682f9/freertos-kernel/stream_buffer.c.obj
LOAD CMakeFiles/riop_EIP_M7FOLLOWER_cm7.dir/a33e93b446d1c389b285005a93f11471/rtos/freertos/freertos-kernel/tasks.c.obj
LOAD CMakeFiles/riop_EIP_M7FOLLOWER_cm7.dir/65e11a5a564d4d27ed19d85f4fff7814/freertos/freertos-kernel/timers.c.obj
LOAD CMakeFiles/riop_EIP_M7FOLLOWER_cm7.dir/205afdcd4c1867db8067b55baa2042a1/portable/GCC/ARM_CM4F/port.c.obj
LOAD CMakeFiles/riop_EIP_M7FOLLOWER_cm7.dir/205afdcd4c1867db8067b55baa2042a1/portable/MemMang/heap_4.c.obj
LOAD CMakeFiles/riop_EIP_M7FOLLOWER_cm7.dir/5042fb0c3852d09549b9e8551cb09f94/multicore/mcmgr/src/mcmgr.c.obj
LOAD CMakeFiles/riop_EIP_M7FOLLOWER_cm7.dir/3308be14ce13861702b43203c133cfb6/mcmgr_internal_core_api_imxrt1180.c.obj
LOAD CMakeFiles/riop_EIP_M7FOLLOWER_cm7.dir/a886c9ea4b2efde8fee15f967aa974dd/mcmgr/src/mcmgr_mu_internal.c.obj
LOAD CMakeFiles/riop_EIP_M7FOLLOWER_cm7.dir/ec6318de0af1864c49e3543e8deb49f8/common/m7/board/board.c.obj
LOAD CMakeFiles/riop_EIP_M7FOLLOWER_cm7.dir/ec6318de0af1864c49e3543e8deb49f8/common/m7/board/pin_mux.c.obj
LOAD CMakeFiles/riop_EIP_M7FOLLOWER_cm7.dir/ec6318de0af1864c49e3543e8deb49f8/common/m7/board/clock_config.c.obj
LOAD CMakeFiles/riop_EIP_M7FOLLOWER_cm7.dir/ec6318de0af1864c49e3543e8deb49f8/common/m7/source/afe_task/afe_task.c.obj
LOAD CMakeFiles/riop_EIP_M7FOLLOWER_cm7.dir/ec6318de0af1864c49e3543e8deb49f8/common/m7/source/api_icc.c.obj
LOAD CMakeFiles/riop_EIP_M7FOLLOWER_cm7.dir/ec6318de0af1864c49e3543e8deb49f8/common/m7/source/api_afe.c.obj
LOAD CMakeFiles/riop_EIP_M7FOLLOWER_cm7.dir/ec6318de0af1864c49e3543e8deb49f8/common/m7/source/api_riop.c.obj
LOAD CMakeFiles/riop_EIP_M7FOLLOWER_cm7.dir/ec6318de0af1864c49e3543e8deb49f8/common/m7/source/api_siggen.c.obj
LOAD CMakeFiles/riop_EIP_M7FOLLOWER_cm7.dir/ec6318de0af1864c49e3543e8deb49f8/common/m7/source/digital_io.c.obj
LOAD CMakeFiles/riop_EIP_M7FOLLOWER_cm7.dir/6c19b28528fade620a6c3f68ff08a48c/m7/source/gpio_task/gpio_task.c.obj
LOAD CMakeFiles/riop_EIP_M7FOLLOWER_cm7.dir/ec6318de0af1864c49e3543e8deb49f8/common/m7/source/icc_task/icc_task.c.obj
LOAD CMakeFiles/riop_EIP_M7FOLLOWER_cm7.dir/ec6318de0af1864c49e3543e8deb49f8/common/m7/source/init.c.obj
LOAD CMakeFiles/riop_EIP_M7FOLLOWER_cm7.dir/6c19b28528fade620a6c3f68ff08a48c/m7/source/SIGGEN_task/SIGGEN_task.c.obj
LOAD CMakeFiles/riop_EIP_M7FOLLOWER_cm7.dir/ec6318de0af1864c49e3543e8deb49f8/common/m7/NAFE_hw/edma_permission.c.obj
LOAD CMakeFiles/riop_EIP_M7FOLLOWER_cm7.dir/ec6318de0af1864c49e3543e8deb49f8/common/m7/NAFE_hw/nafe13388.c.obj
LOAD CMakeFiles/riop_EIP_M7FOLLOWER_cm7.dir/ec6318de0af1864c49e3543e8deb49f8/common/m7/NAFE_hw/nafe_hal.c.obj
LOAD CMakeFiles/riop_EIP_M7FOLLOWER_cm7.dir/ec6318de0af1864c49e3543e8deb49f8/appl/ethernet-ip/riop/goal_appl.c.obj
LOAD CMakeFiles/riop_EIP_M7FOLLOWER_cm7.dir/a33e93b446d1c389b285005a93f11471/middleware/freemodbus/modbus/mb_m.c.obj
LOAD CMakeFiles/riop_EIP_M7FOLLOWER_cm7.dir/5042fb0c3852d09549b9e8551cb09f94/freemodbus/modbus/rtu/mbrtu_m.c.obj
LOAD CMakeFiles/riop_EIP_M7FOLLOWER_cm7.dir/5042fb0c3852d09549b9e8551cb09f94/freemodbus/modbus/rtu/mbcrc.c.obj
LOAD CMakeFiles/riop_EIP_M7FOLLOWER_cm7.dir/728dd0969b60531f4375527078653e8f/modbus/functions/mbfuncholding_m.c.obj
LOAD CMakeFiles/riop_EIP_M7FOLLOWER_cm7.dir/5042fb0c3852d09549b9e8551cb09f94/freemodbus/modbus/functions/mbutils.c.obj
LOAD CMakeFiles/riop_EIP_M7FOLLOWER_cm7.dir/d0d6a3132881f2a57ff1a9f537d98ba6/riop/modbus/modbus_serial.c.obj
LOAD CMakeFiles/riop_EIP_M7FOLLOWER_cm7.dir/d0d6a3132881f2a57ff1a9f537d98ba6/riop/modbus/modbus_timer.c.obj
LOAD CMakeFiles/riop_EIP_M7FOLLOWER_cm7.dir/1d92f6c294692074e949f70cc1b3d566/ethernet-ip/riop/modbus/modbus_cb.c.obj
LOAD CMakeFiles/riop_EIP_M7FOLLOWER_cm7.dir/1d92f6c294692074e949f70cc1b3d566/ethernet-ip/riop/modbus/modbus_port.c.obj
LOAD CMakeFiles/riop_EIP_M7FOLLOWER_cm7.dir/1d92f6c294692074e949f70cc1b3d566/ethernet-ip/riop/modbus/portevent.c.obj
LOAD CMakeFiles/riop_EIP_M7FOLLOWER_cm7.dir/ec6318de0af1864c49e3543e8deb49f8/appl/ethernet-ip/riop/dce_task.c.obj
LOAD CMakeFiles/riop_EIP_M7FOLLOWER_cm7.dir/537a118a18a649f88738e2ad7c9d18e8/goal/ext/psnprintf/psnprintf.c.obj
LOAD CMakeFiles/riop_EIP_M7FOLLOWER_cm7.dir/ec6318de0af1864c49e3543e8deb49f8/ethernet-ip/goal/goal/cm/goal_cm_cm.c.obj
LOAD CMakeFiles/riop_EIP_M7FOLLOWER_cm7.dir/537a118a18a649f88738e2ad7c9d18e8/goal/goal/cm/goal_eth_cm.c.obj
LOAD CMakeFiles/riop_EIP_M7FOLLOWER_cm7.dir/ec6318de0af1864c49e3543e8deb49f8/ethernet-ip/goal/goal/cm/goal_lm_cm.c.obj
LOAD CMakeFiles/riop_EIP_M7FOLLOWER_cm7.dir/537a118a18a649f88738e2ad7c9d18e8/goal/goal/cm/goal_queue_cm.c.obj
LOAD CMakeFiles/riop_EIP_M7FOLLOWER_cm7.dir/ec6318de0af1864c49e3543e8deb49f8/ethernet-ip/goal/goal/goal_alloc.c.obj
LOAD CMakeFiles/riop_EIP_M7FOLLOWER_cm7.dir/ec6318de0af1864c49e3543e8deb49f8/ethernet-ip/goal/goal/goal_bm.c.obj
LOAD CMakeFiles/riop_EIP_M7FOLLOWER_cm7.dir/ec6318de0af1864c49e3543e8deb49f8/ethernet-ip/goal/goal/goal_cm.c.obj
LOAD CMakeFiles/riop_EIP_M7FOLLOWER_cm7.dir/ec6318de0af1864c49e3543e8deb49f8/ethernet-ip/goal/goal/goal_inst.c.obj
LOAD CMakeFiles/riop_EIP_M7FOLLOWER_cm7.dir/ec6318de0af1864c49e3543e8deb49f8/ethernet-ip/goal/goal/goal_lm.c.obj
LOAD CMakeFiles/riop_EIP_M7FOLLOWER_cm7.dir/ec6318de0af1864c49e3543e8deb49f8/ethernet-ip/goal/goal/goal_lock.c.obj
LOAD CMakeFiles/riop_EIP_M7FOLLOWER_cm7.dir/ec6318de0af1864c49e3543e8deb49f8/ethernet-ip/goal/goal/goal_log.c.obj
LOAD CMakeFiles/riop_EIP_M7FOLLOWER_cm7.dir/ec6318de0af1864c49e3543e8deb49f8/ethernet-ip/goal/goal/goal_main.c.obj
LOAD CMakeFiles/riop_EIP_M7FOLLOWER_cm7.dir/ec6318de0af1864c49e3543e8deb49f8/ethernet-ip/goal/goal/goal_mbox.c.obj
LOAD CMakeFiles/riop_EIP_M7FOLLOWER_cm7.dir/ec6318de0af1864c49e3543e8deb49f8/ethernet-ip/goal/goal/goal_queue.c.obj
LOAD CMakeFiles/riop_EIP_M7FOLLOWER_cm7.dir/ec6318de0af1864c49e3543e8deb49f8/ethernet-ip/goal/goal/goal_rb.c.obj
LOAD CMakeFiles/riop_EIP_M7FOLLOWER_cm7.dir/ec6318de0af1864c49e3543e8deb49f8/ethernet-ip/goal/goal/goal_reg.c.obj
LOAD CMakeFiles/riop_EIP_M7FOLLOWER_cm7.dir/ec6318de0af1864c49e3543e8deb49f8/ethernet-ip/goal/goal/goal_stat.c.obj
LOAD CMakeFiles/riop_EIP_M7FOLLOWER_cm7.dir/ec6318de0af1864c49e3543e8deb49f8/ethernet-ip/goal/goal/goal_task.c.obj
LOAD CMakeFiles/riop_EIP_M7FOLLOWER_cm7.dir/ec6318de0af1864c49e3543e8deb49f8/ethernet-ip/goal/goal/goal_timer.c.obj
LOAD CMakeFiles/riop_EIP_M7FOLLOWER_cm7.dir/ec6318de0af1864c49e3543e8deb49f8/ethernet-ip/goal/goal/goal_util.c.obj
LOAD CMakeFiles/riop_EIP_M7FOLLOWER_cm7.dir/537a118a18a649f88738e2ad7c9d18e8/goal/goal_media/cm/goal_mi_mctc_cm.c.obj
LOAD CMakeFiles/riop_EIP_M7FOLLOWER_cm7.dir/537a118a18a649f88738e2ad7c9d18e8/goal/goal_media/goal_ma_heap.c.obj
LOAD CMakeFiles/riop_EIP_M7FOLLOWER_cm7.dir/537a118a18a649f88738e2ad7c9d18e8/goal/goal_media/goal_mi_dm.c.obj
LOAD CMakeFiles/riop_EIP_M7FOLLOWER_cm7.dir/537a118a18a649f88738e2ad7c9d18e8/goal/goal_media/goal_mi_mctc.c.obj
LOAD CMakeFiles/riop_EIP_M7FOLLOWER_cm7.dir/537a118a18a649f88738e2ad7c9d18e8/goal/goal_media/goal_mi_mctc_ram.c.obj
LOAD CMakeFiles/riop_EIP_M7FOLLOWER_cm7.dir/537a118a18a649f88738e2ad7c9d18e8/goal/plat/arch/freertos/goal_target.c.obj
LOAD CMakeFiles/riop_EIP_M7FOLLOWER_cm7.dir/9c355a79c1108f1209dbd17a4c1fe446/plat/arch/rt1180/goal_target_common.c.obj
LOAD CMakeFiles/riop_EIP_M7FOLLOWER_cm7.dir/ba6142ca185151c6e17533f8f277ea35/nxp/evkmimxrt1180/goal_target_board.c.obj
LOAD CMakeFiles/riop_EIP_M7FOLLOWER_cm7.dir/f6ca55ce48fac8b7cf0f2d7cee65772e/mem/heap/freertos/mem_heap_freertos.c.obj
LOAD CMakeFiles/riop_EIP_M7FOLLOWER_cm7.dir/537a118a18a649f88738e2ad7c9d18e8/goal/protos/dd/rpc/goal_dd_rpc_ac.c.obj
LOAD CMakeFiles/riop_EIP_M7FOLLOWER_cm7.dir/537a118a18a649f88738e2ad7c9d18e8/goal/protos/goal_mctc/src/goal_mctc.c.obj
LOAD CMakeFiles/riop_EIP_M7FOLLOWER_cm7.dir/9c355a79c1108f1209dbd17a4c1fe446/protos/goal_mctc/src/goal_mctc_rb.c.obj
LOAD CMakeFiles/riop_EIP_M7FOLLOWER_cm7.dir/537a118a18a649f88738e2ad7c9d18e8/goal/protos/lm_emit/goal_lm_emit.c.obj
LOAD CMakeFiles/riop_EIP_M7FOLLOWER_cm7.dir/9c355a79c1108f1209dbd17a4c1fe446/protos/lm_emit/goal_lm_emit_raw.c.obj
LOAD CMakeFiles/riop_EIP_M7FOLLOWER_cm7.dir/1ab7f7c080fd5f81ed56d127e4a786bd/goal/wrapper/ac/goal_eip_rpc_ac.c.obj
START GROUP
LOAD C:/Users/dpesavento.EIL/.mcuxpressotools/arm-gnu-toolchain-14.2.rel1-mingw-w64-x86_64-arm-none-eabi/bin/../lib/gcc/arm-none-eabi/14.2.1/thumb/v7e-m+dp/hard\libm.a
LOAD C:/Users/dpesavento.EIL/.mcuxpressotools/arm-gnu-toolchain-14.2.rel1-mingw-w64-x86_64-arm-none-eabi/bin/../lib/gcc/arm-none-eabi/14.2.1/thumb/v7e-m+dp/hard\libc_nano.a
LOAD C:/Users/dpesavento.EIL/.mcuxpressotools/arm-gnu-toolchain-14.2.rel1-mingw-w64-x86_64-arm-none-eabi/bin/../lib/gcc/arm-none-eabi/14.2.1/thumb/v7e-m+dp/hard\libgcc.a
LOAD C:/Users/dpesavento.EIL/.mcuxpressotools/arm-gnu-toolchain-14.2.rel1-mingw-w64-x86_64-arm-none-eabi/bin/../lib/gcc/arm-none-eabi/14.2.1/thumb/v7e-m+dp/hard\libnosys.a
END GROUP
START GROUP
LOAD C:/Users/dpesavento.EIL/.mcuxpressotools/arm-gnu-toolchain-14.2.rel1-mingw-w64-x86_64-arm-none-eabi/bin/../lib/gcc/arm-none-eabi/14.2.1/thumb/v7e-m+dp/hard\libgcc.a
LOAD C:/Users/dpesavento.EIL/.mcuxpressotools/arm-gnu-toolchain-14.2.rel1-mingw-w64-x86_64-arm-none-eabi/bin/../lib/gcc/arm-none-eabi/14.2.1/thumb/v7e-m+dp/hard\libg_nano.a
LOAD C:/Users/dpesavento.EIL/.mcuxpressotools/arm-gnu-toolchain-14.2.rel1-mingw-w64-x86_64-arm-none-eabi/bin/../lib/gcc/arm-none-eabi/14.2.1/thumb/v7e-m+dp/hard\libc_nano.a
END GROUP
START GROUP
LOAD C:/Users/dpesavento.EIL/.mcuxpressotools/arm-gnu-toolchain-14.2.rel1-mingw-w64-x86_64-arm-none-eabi/bin/../lib/gcc/arm-none-eabi/14.2.1/thumb/v7e-m+dp/hard\libgcc.a
LOAD C:/Users/dpesavento.EIL/.mcuxpressotools/arm-gnu-toolchain-14.2.rel1-mingw-w64-x86_64-arm-none-eabi/bin/../lib/gcc/arm-none-eabi/14.2.1/thumb/v7e-m+dp/hard\libc_nano.a
LOAD C:/Users/dpesavento.EIL/.mcuxpressotools/arm-gnu-toolchain-14.2.rel1-mingw-w64-x86_64-arm-none-eabi/bin/../lib/gcc/arm-none-eabi/14.2.1/thumb/v7e-m+dp/hard\libnosys.a
END GROUP
START GROUP
LOAD C:/Users/dpesavento.EIL/.mcuxpressotools/arm-gnu-toolchain-14.2.rel1-mingw-w64-x86_64-arm-none-eabi/bin/../lib/gcc/arm-none-eabi/14.2.1/thumb/v7e-m+dp/hard\libgcc.a
LOAD C:/Users/dpesavento.EIL/.mcuxpressotools/arm-gnu-toolchain-14.2.rel1-mingw-w64-x86_64-arm-none-eabi/bin/../lib/gcc/arm-none-eabi/14.2.1/thumb/v7e-m+dp/hard\libc_nano.a
LOAD C:/Users/dpesavento.EIL/.mcuxpressotools/arm-gnu-toolchain-14.2.rel1-mingw-w64-x86_64-arm-none-eabi/bin/../lib/gcc/arm-none-eabi/14.2.1/thumb/v7e-m+dp/hard\libnosys.a
END GROUP
LOAD C:/Users/dpesavento.EIL/.mcuxpressotools/arm-gnu-toolchain-14.2.rel1-mingw-w64-x86_64-arm-none-eabi/bin/../lib/gcc/arm-none-eabi/14.2.1/thumb/v7e-m+dp/hard/crtend.o
LOAD C:/Users/dpesavento.EIL/.mcuxpressotools/arm-gnu-toolchain-14.2.rel1-mingw-w64-x86_64-arm-none-eabi/bin/../lib/gcc/arm-none-eabi/14.2.1/thumb/v7e-m+dp/hard/crtn.o
                0x00000000                        m_itcm_start = 0x0
                0x00040000                        m_itcm_size = 0x40000
                0x20000000                        m_dtcm_start = 0x20000000
                0x00040000                        m_dtcm_size = 0x40000
                0x20484000                        m_ocram1_start = 0x20484000
                0x0007c000                        m_ocram1_size = 0x7c000
                0x20500000                        m_ocram2_start = 0x20500000
                0x00040000                        m_ocram2_size = 0x40000
                0x80000000                        m_sdram_start = 0x80000000
                0x01e00000                        m_sdram_size = 0x1e00000
                0x04000000                        m_hyperram_start = 0x4000000
                0x00600000                        m_hyperram_size = 0x600000
                0x28000000                        m_flash_start = 0x28000000
                0x01000000                        m_flash_size = 0x1000000
                0x0000b000                        app_image_offset = 0xb000
                0x00000400                        vector_table_size = 0x400
                0x00000000                        m_qacode_start = (m_itcm_start + DEFINED (__ram_vector_table__)?vector_table_size:0x0)
                0x0003ffff                        m_qacode_end = ((m_itcm_start + m_dtcm_size) - 0x1)
                0x20000000                        m_qadata_start = m_dtcm_start
                0x2003ffff                        m_qadata_end = ((m_dtcm_start + m_dtcm_size) - 0x1)
                0x00000000                        m_ram_vector_table_start = m_itcm_start
                0x00000400                        m_stack_size = DEFINED (__stack_size__)?__stack_size__:0x400
                0x00000400                        m_heap_size = DEFINED (__heap_size__)?__heap_size__:0x400
                0x0003fc00                        m_code_size = (m_itcm_size - vector_table_size)
                0x00040000                        m_data_size = m_dtcm_size
                0x00002000                        m_shmem_size = DEFINED (__multicore__)?0x2000:0x0
                0x00000000                        m_ram_vector_table_size = DEFINED (__ram_vector_table__)?0x0:0x0
                0x00000000                        m_interrupts_start = m_itcm_start
                0x000003ff                        m_interrupts_end = ((m_interrupts_start + vector_table_size) - 0x1)
                0x00000400                        m_text_start = (m_interrupts_end + 0x1)
                0x0003ffff                        m_text_end = ((m_text_start + m_code_size) - 0x1)
                0x20000000                        m_data_start = m_dtcm_start
                0x2003ffff                        m_data_end = ((m_data_start + m_data_size) - 0x1)
                0x20500000                        m_heap_start = m_ocram2_start
                0x205003ff                        m_heap_end = ((m_heap_start + m_heap_size) - 0x1)
                0x204fe000                        m_rpmsg_sh_mem_start = ((m_ocram1_start + m_ocram1_size) - m_shmem_size)
                0x204fffff                        m_rpmsg_sh_mem_end = ((m_rpmsg_sh_mem_start + m_shmem_size) - 0x1)
                0x00000000                        __VECTOR_TABLE = m_interrupts_start
                0x00000000                        __VECTOR_RAM = m_ram_vector_table_start
                0x00000000                        __RAM_VECTOR_TABLE_SIZE_BYTES = m_ram_vector_table_size
                0x00000000                        __NCACHE_REGION_START = 0x0
                0x00000000                        __NCACHE_REGION_SIZE = 0x0
                0x204fe000                        __RPMSG_SH_MEM_START = DEFINED (__use_shmem__)?m_rpmsg_sh_mem_start:0x0
                0x00002000                        __RPMSG_SH_MEM_SIZE = DEFINED (__use_shmem__)?((m_rpmsg_sh_mem_end - m_rpmsg_sh_mem_start) + 0x1):0x0

.interrupts     0x00000000      0x400
                0x00000000                        . = ALIGN (0x4)
                0x00000000                        __Vectors = .
 *(.isr_vector)
 .isr_vector    0x00000000      0x400 CMakeFiles/riop_EIP_M7FOLLOWER_cm7.dir/b227f8ffbb0b9723488f30f1ad37786a/gcc/startup_MIMXRT1189_cm7.S.obj
                0x00000000                __isr_vector
                0x00000400                        . = ALIGN (0x4)

.interrupts_ram
                0x00000000        0x0
                0x00000000                        . = ALIGN (0x4)
                0x00000000                        . = (. + __RAM_VECTOR_TABLE_SIZE_BYTES)
                0x00000000                        . = ALIGN (0x4)

.text           0x00000400    0x33b5c
                0x00000400                        . = ALIGN (0x4)
 *(.text)
 .text          0x00000400       0x7c C:/Users/dpesavento.EIL/.mcuxpressotools/arm-gnu-toolchain-14.2.rel1-mingw-w64-x86_64-arm-none-eabi/bin/../lib/gcc/arm-none-eabi/14.2.1/thumb/v7e-m+dp/hard/crt0.o
                0x00000400                _stack_init
                0x00000408                _start
                0x00000408                _mainCRTStartup
 .text          0x0000047c      0x44c CMakeFiles/riop_EIP_M7FOLLOWER_cm7.dir/b227f8ffbb0b9723488f30f1ad37786a/gcc/startup_MIMXRT1189_cm7.S.obj
                0x0000047c                Reset_Handler
                0x00000584                EQDC4_IRQHandler
                0x00000584                USBPHY2_IRQHandler
                0x00000584                PWM1_3_IRQHandler
                0x00000584                DebugMon_Handler
                0x00000584                TMR6_IRQHandler
                0x00000584                Reserved88_IRQHandler
                0x00000584                PWM3_FAULT_IRQHandler
                0x00000584                TMR1_IRQHandler
                0x00000584                CAN1_DriverIRQHandler
                0x00000584                PWM4_0_IRQHandler
                0x00000584                LDO_AON_DIG_IRQHandler
                0x00000584                LPTMR1_IRQHandler
                0x00000584                GPIO3_1_IRQHandler
                0x00000584                DMA_ERROR_DriverIRQHandler
                0x00000584                FLEXSPI_SLV_DriverIRQHandler
                0x00000584                LPI2C2_DriverIRQHandler
                0x00000584                PDM_HWVAD_EVENT_DriverIRQHandler
                0x00000584                SPDIF_DriverIRQHandler
                0x00000584                LDO_AON_ANA_IRQHandler
                0x00000584                MSGINTR6_IRQHandler
                0x00000584                LPI2C5_DriverIRQHandler
                0x00000584                PWM2_2_IRQHandler
                0x00000584                RTWDOG5_IRQHandler
                0x00000584                LPIT2_IRQHandler
                0x00000584                MSGINTR2_IRQHandler
                0x00000584                PDM_HWVAD_ERROR_DriverIRQHandler
                0x00000584                PWM4_FAULT_IRQHandler
                0x00000584                GPIO5_IRQHandler
                0x00000584                BusFault_Handler
                0x00000584                MSGINTR3_IRQHandler
                0x00000584                ACMP1_IRQHandler
                0x00000584                CAN3_DriverIRQHandler
                0x00000584                EDGELOCK_APPS_CORE_MUA_TX_EMPTY_IRQHandler
                0x00000584                LPTMR2_IRQHandler
                0x00000584                MU2_IRQHandler
                0x00000584                TPM5_IRQHandler
                0x00000584                SINC1_CH3_IRQHandler
                0x00000584                EDGELOCK_NONSECURE_IRQHandler
                0x00000584                ASRC_DriverIRQHandler
                0x00000584                EQDC2_IRQHandler
                0x00000584                I3C1_DriverIRQHandler
                0x00000584                M7_SYSRESET_REQ_IRQHandler
                0x00000584                PWM1_0_IRQHandler
                0x00000584                LPI2C3_DriverIRQHandler
                0x00000584                SFA_IRQHandler
                0x00000584                GPIO1_1_IRQHandler
                0x00000584                ACMP2_IRQHandler
                0x00000584                XBAR1_CH2_CH3_IRQHandler
                0x00000584                TRDC_MGR_MEGA_IRQHandler
                0x00000584                M7_CTI_TRIGGER_OUTPUT_IRQHandler
                0x00000584                CAN1_ERROR_DriverIRQHandler
                0x00000584                LPTMR3_IRQHandler
                0x00000584                M33_SYSRESET_REQ_IRQHandler
                0x00000584                PWM2_0_IRQHandler
                0x00000584                SINC1_CH2_IRQHandler
                0x00000584                DAC_IRQHandler
                0x00000584                TRDC_MGR_WKUP_IRQHandler
                0x00000584                SYS_CTR1_IRQHandler
                0x00000584                TPM1_IRQHandler
                0x00000584                NETC_IRQHandler
                0x00000584                RTWDOG4_IRQHandler
                0x00000584                PWM2_1_IRQHandler
                0x00000584                EDGELOCK_TRUST_MUA_RX_FULL_IRQHandler
                0x00000584                SINC3_CH0_CH1_CH2_CH3_IRQHandler
                0x00000584                MSGINTR5_IRQHandler
                0x00000584                PWM2_FAULT_IRQHandler
                0x00000584                EDGELOCK_TRUST_MUA_TX_EMPTY_IRQHandler
                0x00000584                RTWDOG2_IRQHandler
                0x00000584                TRDC_MGR_AON_IRQHandler
                0x00000584                UsageFault_Handler
                0x00000584                EQDC1_IRQHandler
                0x00000584                MECC2_IRQHandler
                0x00000584                BBNSM_IRQHandler
                0x00000584                GPIO6_IRQHandler
                0x00000584                DAP_IRQHandler
                0x00000584                GPT1_IRQHandler
                0x00000584                SAFETY_CLK_MON_IRQHandler
                0x00000584                PWM4_1_IRQHandler
                0x00000584                GPIO1_0_IRQHandler
                0x00000584                USB_OTG2_IRQHandler
                0x00000584                ACMP4_IRQHandler
                0x00000584                SEMC_IRQHandler
                0x00000584                DefaultISR
                0x00000584                I3C2_DriverIRQHandler
                0x00000584                TMR3_IRQHandler
                0x00000584                XBAR1_CH0_CH1_IRQHandler
                0x00000584                GPIO2_1_IRQHandler
                0x00000584                PWM1_1_IRQHandler
                0x00000584                LPI2C4_DriverIRQHandler
                0x00000584                EDGELOCK_REALTIME_CORE_MUA_TX_EMPTY_IRQHandler
                0x00000584                TMR8_IRQHandler
                0x00000584                PWM3_0_IRQHandler
                0x00000584                SINC2_CH3_IRQHandler
                0x00000584                SINC2_CH0_IRQHandler
                0x00000584                EDGELOCK_REQ3_IRQHandler
                0x00000584                CM33_PS_IRQHandler
                0x00000584                USDHC1_DriverIRQHandler
                0x00000584                PWM3_3_IRQHandler
                0x00000584                DMA4_ERROR_DriverIRQHandler
                0x00000584                RTWDOG1_IRQHandler
                0x00000584                LPIT3_IRQHandler
                0x00000584                TPM4_IRQHandler
                0x00000584                TMPSNS_INT_IRQHandler
                0x00000584                PWM1_FAULT_IRQHandler
                0x00000584                ADC1_IRQHandler
                0x00000584                CM7_TCM_ERROR_IRQHandler
                0x00000584                LPI2C6_DriverIRQHandler
                0x00000584                EDGELOCK_SECURE_IRQHandler
                0x00000584                TPM2_IRQHandler
                0x00000584                TMR4_IRQHandler
                0x00000584                ACMP3_IRQHandler
                0x00000584                EDGELOCK_APPS_CORE_MUA_RX_FULL_IRQHandler
                0x00000584                M33_LOCKUP_IRQHandler
                0x00000584                SAI1_DriverIRQHandler
                0x00000584                BBSM_IRQHandler
                0x00000584                GPIO2_0_IRQHandler
                0x00000584                EWM_IRQHandler
                0x00000584                USBPHY1_IRQHandler
                0x00000584                TPM3_IRQHandler
                0x00000584                EDGELOCK_REQ1_IRQHandler
                0x00000584                PWM3_1_IRQHandler
                0x00000584                SINC2_CH2_IRQHandler
                0x00000584                INTG_BOOTROM_DEBUG_CTRL_IRQHandler
                0x00000584                PWM2_3_IRQHandler
                0x00000584                CAN3_ERROR_DriverIRQHandler
                0x00000584                SAI4_DriverIRQHandler
                0x00000584                CM7_PS_IRQHandler
                0x00000584                ECAT_RST_OUT_IRQHandler
                0x00000584                ECAT_INT_IRQHandler
                0x00000584                TMR7_IRQHandler
                0x00000584                PWM1_2_IRQHandler
                0x00000584                GPIO3_0_IRQHandler
                0x00000584                DCDC_IRQHandler
                0x00000584                PWM4_3_IRQHandler
                0x00000584                PDM_ERROR_DriverIRQHandler
                0x00000584                CM33_TCM_ECC_IRQHandler
                0x00000584                CM33_TCM_ERROR_IRQHandler
                0x00000584                MSGINTR4_IRQHandler
                0x00000584                SINC1_CH1_IRQHandler
                0x00000584                LPI2C1_DriverIRQHandler
                0x00000584                MECC1_IRQHandler
                0x00000584                EQDC3_IRQHandler
                0x00000584                TMR5_IRQHandler
                0x00000584                USB_OTG1_IRQHandler
                0x00000584                CAN2_DriverIRQHandler
                0x00000584                CAN2_ERROR_DriverIRQHandler
                0x00000584                EDGELOCK_REQ2_IRQHandler
                0x00000584                TMR2_IRQHandler
                0x00000584                M7_LOCKUP_IRQHandler
                0x00000584                PWM4_2_IRQHandler
                0x00000584                CM7_TCM_ECC_IRQHandler
                0x00000584                PWM3_2_IRQHandler
                0x00000584                CM7_MCM_IRQHandler
                0x00000584                DBG_TRACE_IRQHandler
                0x00000584                CM33_MCM_IRQHandler
                0x00000584                SAI3_DriverIRQHandler
                0x00000584                JTAGC_IRQHandler
                0x00000584                M33_CTI_TRIGGER_OUTPUT_IRQHandler
                0x00000584                RTWDOG3_IRQHandler
                0x00000584                SINC1_CH0_IRQHandler
                0x00000584                PDM_EVENT_DriverIRQHandler
                0x00000584                SINC2_CH1_IRQHandler
                0x00000584                KPP_IRQHandler
                0x00000584                ADC2_IRQHandler
                0x00000584                USDHC2_DriverIRQHandler
                0x00000584                MemManage_Handler
                0x00000584                SAI2_DriverIRQHandler
                0x00000584                MSGINTR1_IRQHandler
                0x00000584                EDGELOCK_REALTIME_CORE_MUA_RX_FULL_IRQHandler
                0x00000588                NMI_Handler
                0x0000058c                HardFault_Handler
                0x0000059c                CAN1_IRQHandler
                0x000005a0                CAN1_ERROR_IRQHandler
                0x000005a4                I3C1_IRQHandler
                0x000005a8                LPI2C1_IRQHandler
                0x000005ac                LPI2C2_IRQHandler
                0x000005b4                LPSPI2_IRQHandler
                0x000005b8                LPUART1_IRQHandler
                0x000005bc                LPUART2_IRQHandler
                0x000005c0                PDM_HWVAD_EVENT_IRQHandler
                0x000005c4                PDM_HWVAD_ERROR_IRQHandler
                0x000005c8                PDM_EVENT_IRQHandler
                0x000005cc                PDM_ERROR_IRQHandler
                0x000005d0                SAI1_IRQHandler
                0x000005d4                CAN2_IRQHandler
                0x000005d8                CAN2_ERROR_IRQHandler
                0x000005dc                FLEXIO1_IRQHandler
                0x000005e0                FLEXIO2_IRQHandler
                0x000005e4                FLEXSPI1_IRQHandler
                0x000005e8                FLEXSPI2_IRQHandler
                0x000005ec                I3C2_IRQHandler
                0x000005f0                LPI2C3_IRQHandler
                0x000005f4                LPI2C4_IRQHandler
                0x000005f8                LPSPI3_IRQHandler
                0x000005fc                LPSPI4_IRQHandler
                0x00000600                LPUART3_IRQHandler
                0x00000604                LPUART4_IRQHandler
                0x00000608                LPUART5_IRQHandler
                0x0000060c                LPUART6_IRQHandler
                0x00000610                USDHC1_IRQHandler
                0x00000614                USDHC2_IRQHandler
                0x00000618                DMA_ERROR_IRQHandler
                0x0000061c                DMA3_CH0_IRQHandler
                0x00000620                DMA3_CH1_IRQHandler
                0x00000624                DMA3_CH2_IRQHandler
                0x00000628                DMA3_CH3_IRQHandler
                0x0000062c                DMA3_CH4_IRQHandler
                0x00000630                DMA3_CH5_IRQHandler
                0x00000634                DMA3_CH6_IRQHandler
                0x00000638                DMA3_CH7_IRQHandler
                0x0000063c                DMA3_CH8_IRQHandler
                0x00000640                DMA3_CH9_IRQHandler
                0x00000644                DMA3_CH10_IRQHandler
                0x00000648                DMA3_CH11_IRQHandler
                0x0000064c                DMA3_CH12_IRQHandler
                0x00000650                DMA3_CH13_IRQHandler
                0x00000654                DMA3_CH14_IRQHandler
                0x00000658                DMA3_CH15_IRQHandler
                0x0000065c                DMA3_CH16_IRQHandler
                0x00000660                DMA3_CH17_IRQHandler
                0x00000664                DMA3_CH18_IRQHandler
                0x00000668                DMA3_CH19_IRQHandler
                0x0000066c                DMA3_CH20_IRQHandler
                0x00000670                DMA3_CH21_IRQHandler
                0x00000674                DMA3_CH22_IRQHandler
                0x00000678                DMA3_CH23_IRQHandler
                0x0000067c                DMA3_CH24_IRQHandler
                0x00000680                DMA3_CH25_IRQHandler
                0x00000684                DMA3_CH26_IRQHandler
                0x00000688                DMA3_CH27_IRQHandler
                0x0000068c                DMA3_CH28_IRQHandler
                0x00000690                DMA3_CH29_IRQHandler
                0x00000694                DMA3_CH30_IRQHandler
                0x00000698                DMA3_CH31_IRQHandler
                0x0000069c                DMA4_ERROR_IRQHandler
                0x000006a0                DMA4_CH0_CH1_CH32_CH33_IRQHandler
                0x000006a4                DMA4_CH2_CH3_CH34_CH35_IRQHandler
                0x000006a8                DMA4_CH4_CH5_CH36_CH37_IRQHandler
                0x000006ac                DMA4_CH6_CH7_CH38_CH39_IRQHandler
                0x000006b0                DMA4_CH8_CH9_CH40_CH41_IRQHandler
                0x000006b4                DMA4_CH10_CH11_CH42_CH43_IRQHandler
                0x000006b8                DMA4_CH12_CH13_CH44_CH45_IRQHandler
                0x000006bc                DMA4_CH14_CH15_CH46_CH47_IRQHandler
                0x000006c0                DMA4_CH16_CH17_CH48_CH49_IRQHandler
                0x000006c4                DMA4_CH18_CH19_CH50_CH51_IRQHandler
                0x000006c8                DMA4_CH20_CH21_CH52_CH53_IRQHandler
                0x000006cc                DMA4_CH22_CH23_CH54_CH55_IRQHandler
                0x000006d0                DMA4_CH24_CH25_CH56_CH57_IRQHandler
                0x000006d4                DMA4_CH26_CH27_CH58_CH59_IRQHandler
                0x000006d8                DMA4_CH28_CH29_CH60_CH61_IRQHandler
                0x000006dc                DMA4_CH30_CH31_CH62_CH63_IRQHandler
                0x000006e0                LPI2C5_IRQHandler
                0x000006e4                LPI2C6_IRQHandler
                0x000006e8                SAI4_IRQHandler
                0x000006ec                SPDIF_IRQHandler
                0x000006f0                LPUART9_IRQHandler
                0x000006f8                LPUART11_IRQHandler
                0x000006fc                LPUART12_IRQHandler
                0x00000700                CAN3_IRQHandler
                0x00000704                CAN3_ERROR_IRQHandler
                0x00000708                LPSPI5_IRQHandler
                0x0000070c                LPSPI6_IRQHandler
                0x00000710                LPUART7_IRQHandler
                0x00000714                LPUART8_IRQHandler
                0x00000718                SAI2_IRQHandler
                0x0000071c                SAI3_IRQHandler
                0x00000720                FLEXSPI_SLV_IRQHandler
                0x00000724                ASRC_IRQHandler
 .text          0x000008c8       0xa0 CMakeFiles/riop_EIP_M7FOLLOWER_cm7.dir/513e8ac5a0c0aa391b08d53aae1a9b8f/misc_utilities/fsl_memcpy.S.obj
                0x000008c8                memcpy
 .text          0x00000968       0x14 C:/Users/dpesavento.EIL/.mcuxpressotools/arm-gnu-toolchain-14.2.rel1-mingw-w64-x86_64-arm-none-eabi/bin/../lib/gcc/arm-none-eabi/14.2.1/thumb/v7e-m+dp/hard\libc_nano.a(libc_a-strcmp.o)
                0x00000968                strcmp
 .text          0x0000097c       0x10 C:/Users/dpesavento.EIL/.mcuxpressotools/arm-gnu-toolchain-14.2.rel1-mingw-w64-x86_64-arm-none-eabi/bin/../lib/gcc/arm-none-eabi/14.2.1/thumb/v7e-m+dp/hard\libc_nano.a(libc_a-strlen.o)
                0x0000097c                strlen
 .text          0x0000098c      0x378 C:/Users/dpesavento.EIL/.mcuxpressotools/arm-gnu-toolchain-14.2.rel1-mingw-w64-x86_64-arm-none-eabi/bin/../lib/gcc/arm-none-eabi/14.2.1/thumb/v7e-m+dp/hard\libgcc.a(_arm_addsubdf3.o)
                0x0000098c                __aeabi_drsub
                0x00000994                __aeabi_dsub
                0x00000994                __subdf3
                0x00000998                __aeabi_dadd
                0x00000998                __adddf3
                0x00000c10                __floatunsidf
                0x00000c10                __aeabi_ui2d
                0x00000c30                __floatsidf
                0x00000c30                __aeabi_i2d
                0x00000c54                __aeabi_f2d
                0x00000c54                __extendsfdf2
                0x00000c98                __floatundidf
                0x00000c98                __aeabi_ul2d
                0x00000ca8                __floatdidf
                0x00000ca8                __aeabi_l2d
 .text          0x00000d04      0x424 C:/Users/dpesavento.EIL/.mcuxpressotools/arm-gnu-toolchain-14.2.rel1-mingw-w64-x86_64-arm-none-eabi/bin/../lib/gcc/arm-none-eabi/14.2.1/thumb/v7e-m+dp/hard\libgcc.a(_arm_muldivdf3.o)
                0x00000d04                __aeabi_dmul
                0x00000d04                __muldf3
                0x00000f58                __divdf3
                0x00000f58                __aeabi_ddiv
 .text          0x00001128       0x50 C:/Users/dpesavento.EIL/.mcuxpressotools/arm-gnu-toolchain-14.2.rel1-mingw-w64-x86_64-arm-none-eabi/bin/../lib/gcc/arm-none-eabi/14.2.1/thumb/v7e-m+dp/hard\libgcc.a(_arm_fixdfsi.o)
                0x00001128                __aeabi_d2iz
                0x00001128                __fixdfsi
 .text          0x00001178       0x40 C:/Users/dpesavento.EIL/.mcuxpressotools/arm-gnu-toolchain-14.2.rel1-mingw-w64-x86_64-arm-none-eabi/bin/../lib/gcc/arm-none-eabi/14.2.1/thumb/v7e-m+dp/hard\libgcc.a(_arm_fixunsdfsi.o)
                0x00001178                __aeabi_d2uiz
                0x00001178                __fixunsdfsi
 .text          0x000011b8       0xa0 C:/Users/dpesavento.EIL/.mcuxpressotools/arm-gnu-toolchain-14.2.rel1-mingw-w64-x86_64-arm-none-eabi/bin/../lib/gcc/arm-none-eabi/14.2.1/thumb/v7e-m+dp/hard\libgcc.a(_arm_truncdfsf2.o)
                0x000011b8                __truncdfsf2
                0x000011b8                __aeabi_d2f
 .text          0x00001258       0xa0 C:/Users/dpesavento.EIL/.mcuxpressotools/arm-gnu-toolchain-14.2.rel1-mingw-w64-x86_64-arm-none-eabi/bin/../lib/gcc/arm-none-eabi/14.2.1/thumb/v7e-m+dp/hard\libgcc.a(_aeabi_ldivmod.o)
                0x00001258                __aeabi_ldivmod
 .text          0x000012f8       0x30 C:/Users/dpesavento.EIL/.mcuxpressotools/arm-gnu-toolchain-14.2.rel1-mingw-w64-x86_64-arm-none-eabi/bin/../lib/gcc/arm-none-eabi/14.2.1/thumb/v7e-m+dp/hard\libgcc.a(_aeabi_uldivmod.o)
                0x000012f8                __aeabi_uldivmod
 .text          0x00001328        0x4 C:/Users/dpesavento.EIL/.mcuxpressotools/arm-gnu-toolchain-14.2.rel1-mingw-w64-x86_64-arm-none-eabi/bin/../lib/gcc/arm-none-eabi/14.2.1/thumb/v7e-m+dp/hard\libgcc.a(_dvmd_tls.o)
                0x00001328                __aeabi_idiv0
                0x00001328                __aeabi_ldiv0
 *(.text*)
 .text.deregister_tm_clones
                0x0000132c       0x1c C:/Users/dpesavento.EIL/.mcuxpressotools/arm-gnu-toolchain-14.2.rel1-mingw-w64-x86_64-arm-none-eabi/bin/../lib/gcc/arm-none-eabi/14.2.1/thumb/v7e-m+dp/hard/crtbegin.o
 .text.register_tm_clones
                0x00001348       0x24 C:/Users/dpesavento.EIL/.mcuxpressotools/arm-gnu-toolchain-14.2.rel1-mingw-w64-x86_64-arm-none-eabi/bin/../lib/gcc/arm-none-eabi/14.2.1/thumb/v7e-m+dp/hard/crtbegin.o
 .text.__do_global_dtors_aux
                0x0000136c       0x28 C:/Users/dpesavento.EIL/.mcuxpressotools/arm-gnu-toolchain-14.2.rel1-mingw-w64-x86_64-arm-none-eabi/bin/../lib/gcc/arm-none-eabi/14.2.1/thumb/v7e-m+dp/hard/crtbegin.o
 .text.frame_dummy
                0x00001394       0x24 C:/Users/dpesavento.EIL/.mcuxpressotools/arm-gnu-toolchain-14.2.rel1-mingw-w64-x86_64-arm-none-eabi/bin/../lib/gcc/arm-none-eabi/14.2.1/thumb/v7e-m+dp/hard/crtbegin.o
 .text.SystemInit
                0x000013b8      0x1ec CMakeFiles/riop_EIP_M7FOLLOWER_cm7.dir/0d566bf757e0d7ee746b989f8ae441cd/MIMXRT1189/system_MIMXRT1189_cm7.c.obj
                0x000013b8                SystemInit
 .text.CLOCK_GetRootClockMux
                0x000015a4       0x2c CMakeFiles/riop_EIP_M7FOLLOWER_cm7.dir/117cfca67256a17129d7e17fbdfae861/RT1180/MIMXRT1189/drivers/fsl_clock.c.obj
 .text.CLOCK_GetRootClockDiv
                0x000015d0       0x28 CMakeFiles/riop_EIP_M7FOLLOWER_cm7.dir/117cfca67256a17129d7e17fbdfae861/RT1180/MIMXRT1189/drivers/fsl_clock.c.obj
 .text.CLOCK_GetPfdFreq
                0x000015f8       0xc4 CMakeFiles/riop_EIP_M7FOLLOWER_cm7.dir/117cfca67256a17129d7e17fbdfae861/RT1180/MIMXRT1189/drivers/fsl_clock.c.obj
                0x000015f8                CLOCK_GetPfdFreq
 *fill*         0x000016bc        0x4 
 .text.CLOCK_GetAudioPllFreq
                0x000016c0       0xc4 CMakeFiles/riop_EIP_M7FOLLOWER_cm7.dir/117cfca67256a17129d7e17fbdfae861/RT1180/MIMXRT1189/drivers/fsl_clock.c.obj
 .text.CLOCK_GetPllFreq
                0x00001784       0xac CMakeFiles/riop_EIP_M7FOLLOWER_cm7.dir/117cfca67256a17129d7e17fbdfae861/RT1180/MIMXRT1189/drivers/fsl_clock.c.obj
                0x00001784                CLOCK_GetPllFreq
 .text.CLOCK_GetFreq
                0x00001830      0x17c CMakeFiles/riop_EIP_M7FOLLOWER_cm7.dir/117cfca67256a17129d7e17fbdfae861/RT1180/MIMXRT1189/drivers/fsl_clock.c.obj
                0x00001830                CLOCK_GetFreq
 .text.CLOCK_GetM7Freq
                0x000019ac       0xa4 CMakeFiles/riop_EIP_M7FOLLOWER_cm7.dir/117cfca67256a17129d7e17fbdfae861/RT1180/MIMXRT1189/drivers/fsl_clock.c.obj
                0x000019ac                CLOCK_GetM7Freq
 .text.DMA4_CH0_CH1_CH32_CH33_DriverIRQHandler
                0x00001a50       0x28 CMakeFiles/riop_EIP_M7FOLLOWER_cm7.dir/0d566bf757e0d7ee746b989f8ae441cd/MIMXRT1189/drivers/fsl_edma_soc.c.obj
                0x00001a50                DMA4_CH0_CH1_CH32_CH33_DriverIRQHandler
 .text.DMA4_CH2_CH3_CH34_CH35_DriverIRQHandler
                0x00001a78       0x28 CMakeFiles/riop_EIP_M7FOLLOWER_cm7.dir/0d566bf757e0d7ee746b989f8ae441cd/MIMXRT1189/drivers/fsl_edma_soc.c.obj
                0x00001a78                DMA4_CH2_CH3_CH34_CH35_DriverIRQHandler
 .text.DMA4_CH4_CH5_CH36_CH37_DriverIRQHandler
                0x00001aa0       0x28 CMakeFiles/riop_EIP_M7FOLLOWER_cm7.dir/0d566bf757e0d7ee746b989f8ae441cd/MIMXRT1189/drivers/fsl_edma_soc.c.obj
                0x00001aa0                DMA4_CH4_CH5_CH36_CH37_DriverIRQHandler
 .text.DMA4_CH6_CH7_CH38_CH39_DriverIRQHandler
                0x00001ac8       0x28 CMakeFiles/riop_EIP_M7FOLLOWER_cm7.dir/0d566bf757e0d7ee746b989f8ae441cd/MIMXRT1189/drivers/fsl_edma_soc.c.obj
                0x00001ac8                DMA4_CH6_CH7_CH38_CH39_DriverIRQHandler
 .text.DMA4_CH8_CH9_CH40_CH41_DriverIRQHandler
                0x00001af0       0x28 CMakeFiles/riop_EIP_M7FOLLOWER_cm7.dir/0d566bf757e0d7ee746b989f8ae441cd/MIMXRT1189/drivers/fsl_edma_soc.c.obj
                0x00001af0                DMA4_CH8_CH9_CH40_CH41_DriverIRQHandler
 .text.DMA4_CH10_CH11_CH42_CH43_DriverIRQHandler
                0x00001b18       0x28 CMakeFiles/riop_EIP_M7FOLLOWER_cm7.dir/0d566bf757e0d7ee746b989f8ae441cd/MIMXRT1189/drivers/fsl_edma_soc.c.obj
                0x00001b18                DMA4_CH10_CH11_CH42_CH43_DriverIRQHandler
 .text.DMA4_CH12_CH13_CH44_CH45_DriverIRQHandler
                0x00001b40       0x28 CMakeFiles/riop_EIP_M7FOLLOWER_cm7.dir/0d566bf757e0d7ee746b989f8ae441cd/MIMXRT1189/drivers/fsl_edma_soc.c.obj
                0x00001b40                DMA4_CH12_CH13_CH44_CH45_DriverIRQHandler
 .text.DMA4_CH14_CH15_CH46_CH47_DriverIRQHandler
                0x00001b68       0x28 CMakeFiles/riop_EIP_M7FOLLOWER_cm7.dir/0d566bf757e0d7ee746b989f8ae441cd/MIMXRT1189/drivers/fsl_edma_soc.c.obj
                0x00001b68                DMA4_CH14_CH15_CH46_CH47_DriverIRQHandler
 .text.DMA4_CH16_CH17_CH48_CH49_DriverIRQHandler
                0x00001b90       0x28 CMakeFiles/riop_EIP_M7FOLLOWER_cm7.dir/0d566bf757e0d7ee746b989f8ae441cd/MIMXRT1189/drivers/fsl_edma_soc.c.obj
                0x00001b90                DMA4_CH16_CH17_CH48_CH49_DriverIRQHandler
 .text.DMA4_CH18_CH19_CH50_CH51_DriverIRQHandler
                0x00001bb8       0x28 CMakeFiles/riop_EIP_M7FOLLOWER_cm7.dir/0d566bf757e0d7ee746b989f8ae441cd/MIMXRT1189/drivers/fsl_edma_soc.c.obj
                0x00001bb8                DMA4_CH18_CH19_CH50_CH51_DriverIRQHandler
 .text.DMA4_CH20_CH21_CH52_CH53_DriverIRQHandler
                0x00001be0       0x28 CMakeFiles/riop_EIP_M7FOLLOWER_cm7.dir/0d566bf757e0d7ee746b989f8ae441cd/MIMXRT1189/drivers/fsl_edma_soc.c.obj
                0x00001be0                DMA4_CH20_CH21_CH52_CH53_DriverIRQHandler
 .text.DMA4_CH22_CH23_CH54_CH55_DriverIRQHandler
                0x00001c08       0x28 CMakeFiles/riop_EIP_M7FOLLOWER_cm7.dir/0d566bf757e0d7ee746b989f8ae441cd/MIMXRT1189/drivers/fsl_edma_soc.c.obj
                0x00001c08                DMA4_CH22_CH23_CH54_CH55_DriverIRQHandler
 .text.DMA4_CH24_CH25_CH56_CH57_DriverIRQHandler
                0x00001c30       0x28 CMakeFiles/riop_EIP_M7FOLLOWER_cm7.dir/0d566bf757e0d7ee746b989f8ae441cd/MIMXRT1189/drivers/fsl_edma_soc.c.obj
                0x00001c30                DMA4_CH24_CH25_CH56_CH57_DriverIRQHandler
 .text.DMA4_CH26_CH27_CH58_CH59_DriverIRQHandler
                0x00001c58       0x28 CMakeFiles/riop_EIP_M7FOLLOWER_cm7.dir/0d566bf757e0d7ee746b989f8ae441cd/MIMXRT1189/drivers/fsl_edma_soc.c.obj
                0x00001c58                DMA4_CH26_CH27_CH58_CH59_DriverIRQHandler
 .text.DMA4_CH28_CH29_CH60_CH61_DriverIRQHandler
                0x00001c80       0x28 CMakeFiles/riop_EIP_M7FOLLOWER_cm7.dir/0d566bf757e0d7ee746b989f8ae441cd/MIMXRT1189/drivers/fsl_edma_soc.c.obj
                0x00001c80                DMA4_CH28_CH29_CH60_CH61_DriverIRQHandler
 .text.DMA4_CH30_CH31_CH62_CH63_DriverIRQHandler
                0x00001ca8       0x28 CMakeFiles/riop_EIP_M7FOLLOWER_cm7.dir/0d566bf757e0d7ee746b989f8ae441cd/MIMXRT1189/drivers/fsl_edma_soc.c.obj
                0x00001ca8                DMA4_CH30_CH31_CH62_CH63_DriverIRQHandler
 .text.DMA3_CH0_DriverIRQHandler
                0x00001cd0       0x10 CMakeFiles/riop_EIP_M7FOLLOWER_cm7.dir/0d566bf757e0d7ee746b989f8ae441cd/MIMXRT1189/drivers/fsl_edma_soc.c.obj
                0x00001cd0                DMA3_CH0_DriverIRQHandler
 .text.DMA3_CH1_DriverIRQHandler
                0x00001ce0       0x10 CMakeFiles/riop_EIP_M7FOLLOWER_cm7.dir/0d566bf757e0d7ee746b989f8ae441cd/MIMXRT1189/drivers/fsl_edma_soc.c.obj
                0x00001ce0                DMA3_CH1_DriverIRQHandler
 .text.DMA3_CH2_DriverIRQHandler
                0x00001cf0       0x10 CMakeFiles/riop_EIP_M7FOLLOWER_cm7.dir/0d566bf757e0d7ee746b989f8ae441cd/MIMXRT1189/drivers/fsl_edma_soc.c.obj
                0x00001cf0                DMA3_CH2_DriverIRQHandler
 .text.DMA3_CH3_DriverIRQHandler
                0x00001d00       0x10 CMakeFiles/riop_EIP_M7FOLLOWER_cm7.dir/0d566bf757e0d7ee746b989f8ae441cd/MIMXRT1189/drivers/fsl_edma_soc.c.obj
                0x00001d00                DMA3_CH3_DriverIRQHandler
 .text.DMA3_CH4_DriverIRQHandler
                0x00001d10       0x10 CMakeFiles/riop_EIP_M7FOLLOWER_cm7.dir/0d566bf757e0d7ee746b989f8ae441cd/MIMXRT1189/drivers/fsl_edma_soc.c.obj
                0x00001d10                DMA3_CH4_DriverIRQHandler
 .text.DMA3_CH5_DriverIRQHandler
                0x00001d20       0x10 CMakeFiles/riop_EIP_M7FOLLOWER_cm7.dir/0d566bf757e0d7ee746b989f8ae441cd/MIMXRT1189/drivers/fsl_edma_soc.c.obj
                0x00001d20                DMA3_CH5_DriverIRQHandler
 .text.DMA3_CH6_DriverIRQHandler
                0x00001d30       0x10 CMakeFiles/riop_EIP_M7FOLLOWER_cm7.dir/0d566bf757e0d7ee746b989f8ae441cd/MIMXRT1189/drivers/fsl_edma_soc.c.obj
                0x00001d30                DMA3_CH6_DriverIRQHandler
 .text.DMA3_CH7_DriverIRQHandler
                0x00001d40       0x10 CMakeFiles/riop_EIP_M7FOLLOWER_cm7.dir/0d566bf757e0d7ee746b989f8ae441cd/MIMXRT1189/drivers/fsl_edma_soc.c.obj
                0x00001d40                DMA3_CH7_DriverIRQHandler
 .text.DMA3_CH8_DriverIRQHandler
                0x00001d50       0x10 CMakeFiles/riop_EIP_M7FOLLOWER_cm7.dir/0d566bf757e0d7ee746b989f8ae441cd/MIMXRT1189/drivers/fsl_edma_soc.c.obj
                0x00001d50                DMA3_CH8_DriverIRQHandler
 .text.DMA3_CH9_DriverIRQHandler
                0x00001d60       0x10 CMakeFiles/riop_EIP_M7FOLLOWER_cm7.dir/0d566bf757e0d7ee746b989f8ae441cd/MIMXRT1189/drivers/fsl_edma_soc.c.obj
                0x00001d60                DMA3_CH9_DriverIRQHandler
 .text.DMA3_CH10_DriverIRQHandler
                0x00001d70       0x10 CMakeFiles/riop_EIP_M7FOLLOWER_cm7.dir/0d566bf757e0d7ee746b989f8ae441cd/MIMXRT1189/drivers/fsl_edma_soc.c.obj
                0x00001d70                DMA3_CH10_DriverIRQHandler
 .text.DMA3_CH11_DriverIRQHandler
                0x00001d80       0x10 CMakeFiles/riop_EIP_M7FOLLOWER_cm7.dir/0d566bf757e0d7ee746b989f8ae441cd/MIMXRT1189/drivers/fsl_edma_soc.c.obj
                0x00001d80                DMA3_CH11_DriverIRQHandler
 .text.DMA3_CH12_DriverIRQHandler
                0x00001d90       0x10 CMakeFiles/riop_EIP_M7FOLLOWER_cm7.dir/0d566bf757e0d7ee746b989f8ae441cd/MIMXRT1189/drivers/fsl_edma_soc.c.obj
                0x00001d90                DMA3_CH12_DriverIRQHandler
 .text.DMA3_CH13_DriverIRQHandler
                0x00001da0       0x10 CMakeFiles/riop_EIP_M7FOLLOWER_cm7.dir/0d566bf757e0d7ee746b989f8ae441cd/MIMXRT1189/drivers/fsl_edma_soc.c.obj
                0x00001da0                DMA3_CH13_DriverIRQHandler
 .text.DMA3_CH14_DriverIRQHandler
                0x00001db0       0x10 CMakeFiles/riop_EIP_M7FOLLOWER_cm7.dir/0d566bf757e0d7ee746b989f8ae441cd/MIMXRT1189/drivers/fsl_edma_soc.c.obj
                0x00001db0                DMA3_CH14_DriverIRQHandler
 .text.DMA3_CH15_DriverIRQHandler
                0x00001dc0       0x10 CMakeFiles/riop_EIP_M7FOLLOWER_cm7.dir/0d566bf757e0d7ee746b989f8ae441cd/MIMXRT1189/drivers/fsl_edma_soc.c.obj
                0x00001dc0                DMA3_CH15_DriverIRQHandler
 .text.DMA3_CH16_DriverIRQHandler
                0x00001dd0       0x10 CMakeFiles/riop_EIP_M7FOLLOWER_cm7.dir/0d566bf757e0d7ee746b989f8ae441cd/MIMXRT1189/drivers/fsl_edma_soc.c.obj
                0x00001dd0                DMA3_CH16_DriverIRQHandler
 .text.DMA3_CH17_DriverIRQHandler
                0x00001de0       0x10 CMakeFiles/riop_EIP_M7FOLLOWER_cm7.dir/0d566bf757e0d7ee746b989f8ae441cd/MIMXRT1189/drivers/fsl_edma_soc.c.obj
                0x00001de0                DMA3_CH17_DriverIRQHandler
 .text.DMA3_CH18_DriverIRQHandler
                0x00001df0       0x10 CMakeFiles/riop_EIP_M7FOLLOWER_cm7.dir/0d566bf757e0d7ee746b989f8ae441cd/MIMXRT1189/drivers/fsl_edma_soc.c.obj
                0x00001df0                DMA3_CH18_DriverIRQHandler
 .text.DMA3_CH19_DriverIRQHandler
                0x00001e00       0x10 CMakeFiles/riop_EIP_M7FOLLOWER_cm7.dir/0d566bf757e0d7ee746b989f8ae441cd/MIMXRT1189/drivers/fsl_edma_soc.c.obj
                0x00001e00                DMA3_CH19_DriverIRQHandler
 .text.DMA3_CH20_DriverIRQHandler
                0x00001e10       0x10 CMakeFiles/riop_EIP_M7FOLLOWER_cm7.dir/0d566bf757e0d7ee746b989f8ae441cd/MIMXRT1189/drivers/fsl_edma_soc.c.obj
                0x00001e10                DMA3_CH20_DriverIRQHandler
 .text.DMA3_CH21_DriverIRQHandler
                0x00001e20       0x10 CMakeFiles/riop_EIP_M7FOLLOWER_cm7.dir/0d566bf757e0d7ee746b989f8ae441cd/MIMXRT1189/drivers/fsl_edma_soc.c.obj
                0x00001e20                DMA3_CH21_DriverIRQHandler
 .text.DMA3_CH22_DriverIRQHandler
                0x00001e30       0x10 CMakeFiles/riop_EIP_M7FOLLOWER_cm7.dir/0d566bf757e0d7ee746b989f8ae441cd/MIMXRT1189/drivers/fsl_edma_soc.c.obj
                0x00001e30                DMA3_CH22_DriverIRQHandler
 .text.DMA3_CH23_DriverIRQHandler
                0x00001e40       0x10 CMakeFiles/riop_EIP_M7FOLLOWER_cm7.dir/0d566bf757e0d7ee746b989f8ae441cd/MIMXRT1189/drivers/fsl_edma_soc.c.obj
                0x00001e40                DMA3_CH23_DriverIRQHandler
 .text.DMA3_CH24_DriverIRQHandler
                0x00001e50       0x10 CMakeFiles/riop_EIP_M7FOLLOWER_cm7.dir/0d566bf757e0d7ee746b989f8ae441cd/MIMXRT1189/drivers/fsl_edma_soc.c.obj
                0x00001e50                DMA3_CH24_DriverIRQHandler
 .text.DMA3_CH25_DriverIRQHandler
                0x00001e60       0x10 CMakeFiles/riop_EIP_M7FOLLOWER_cm7.dir/0d566bf757e0d7ee746b989f8ae441cd/MIMXRT1189/drivers/fsl_edma_soc.c.obj
                0x00001e60                DMA3_CH25_DriverIRQHandler
 .text.DMA3_CH26_DriverIRQHandler
                0x00001e70       0x10 CMakeFiles/riop_EIP_M7FOLLOWER_cm7.dir/0d566bf757e0d7ee746b989f8ae441cd/MIMXRT1189/drivers/fsl_edma_soc.c.obj
                0x00001e70                DMA3_CH26_DriverIRQHandler
 .text.DMA3_CH27_DriverIRQHandler
                0x00001e80       0x10 CMakeFiles/riop_EIP_M7FOLLOWER_cm7.dir/0d566bf757e0d7ee746b989f8ae441cd/MIMXRT1189/drivers/fsl_edma_soc.c.obj
                0x00001e80                DMA3_CH27_DriverIRQHandler
 .text.DMA3_CH28_DriverIRQHandler
                0x00001e90       0x10 CMakeFiles/riop_EIP_M7FOLLOWER_cm7.dir/0d566bf757e0d7ee746b989f8ae441cd/MIMXRT1189/drivers/fsl_edma_soc.c.obj
                0x00001e90                DMA3_CH28_DriverIRQHandler
 .text.DMA3_CH29_DriverIRQHandler
                0x00001ea0       0x10 CMakeFiles/riop_EIP_M7FOLLOWER_cm7.dir/0d566bf757e0d7ee746b989f8ae441cd/MIMXRT1189/drivers/fsl_edma_soc.c.obj
                0x00001ea0                DMA3_CH29_DriverIRQHandler
 .text.DMA3_CH30_DriverIRQHandler
                0x00001eb0       0x10 CMakeFiles/riop_EIP_M7FOLLOWER_cm7.dir/0d566bf757e0d7ee746b989f8ae441cd/MIMXRT1189/drivers/fsl_edma_soc.c.obj
                0x00001eb0                DMA3_CH30_DriverIRQHandler
 .text.DMA3_CH31_DriverIRQHandler
                0x00001ec0       0x10 CMakeFiles/riop_EIP_M7FOLLOWER_cm7.dir/0d566bf757e0d7ee746b989f8ae441cd/MIMXRT1189/drivers/fsl_edma_soc.c.obj
                0x00001ec0                DMA3_CH31_DriverIRQHandler
 .text.get_memory_address
                0x00001ed0      0x3c8 CMakeFiles/riop_EIP_M7FOLLOWER_cm7.dir/0d566bf757e0d7ee746b989f8ae441cd/MIMXRT1189/drivers/fsl_memory.c.obj
                0x00001ed0                get_memory_address
 .text.MEMORY_ConvertMemoryMapAddress
                0x00002298      0x164 CMakeFiles/riop_EIP_M7FOLLOWER_cm7.dir/0d566bf757e0d7ee746b989f8ae441cd/MIMXRT1189/drivers/fsl_memory.c.obj
                0x00002298                MEMORY_ConvertMemoryMapAddress
 .text.DelayLoop
                0x000023fc       0x20 CMakeFiles/riop_EIP_M7FOLLOWER_cm7.dir/C_/NXP_MCUxpresso_SDK/mcuxsdk/mcuxsdk/drivers/common/fsl_common_arm.c.obj
 .text.SDK_DelayAtLeastUs
                0x0000241c       0x80 CMakeFiles/riop_EIP_M7FOLLOWER_cm7.dir/C_/NXP_MCUxpresso_SDK/mcuxsdk/mcuxsdk/drivers/common/fsl_common_arm.c.obj
                0x0000241c                SDK_DelayAtLeastUs
 .text.CLOCK_ControlGate
                0x0000249c       0x60 CMakeFiles/riop_EIP_M7FOLLOWER_cm7.dir/C_/NXP_MCUxpresso_SDK/mcuxsdk/mcuxsdk/drivers/edma4/fsl_edma.c.obj
 .text.CLOCK_EnableClock
                0x000024fc       0x1c CMakeFiles/riop_EIP_M7FOLLOWER_cm7.dir/C_/NXP_MCUxpresso_SDK/mcuxsdk/mcuxsdk/drivers/edma4/fsl_edma.c.obj
 .text.EDMA_SetChannelMemoryAttribute
                0x00002518       0x6e CMakeFiles/riop_EIP_M7FOLLOWER_cm7.dir/C_/NXP_MCUxpresso_SDK/mcuxsdk/mcuxsdk/drivers/edma4/fsl_edma.c.obj
 .text.EDMA_SetChannelSignExtension
                0x00002586       0x78 CMakeFiles/riop_EIP_M7FOLLOWER_cm7.dir/C_/NXP_MCUxpresso_SDK/mcuxsdk/mcuxsdk/drivers/edma4/fsl_edma.c.obj
 .text.EDMA_SetChannelSwapSize
                0x000025fe       0x78 CMakeFiles/riop_EIP_M7FOLLOWER_cm7.dir/C_/NXP_MCUxpresso_SDK/mcuxsdk/mcuxsdk/drivers/edma4/fsl_edma.c.obj
 .text.EDMA_SetChannelAccessType
                0x00002676       0x78 CMakeFiles/riop_EIP_M7FOLLOWER_cm7.dir/C_/NXP_MCUxpresso_SDK/mcuxsdk/mcuxsdk/drivers/edma4/fsl_edma.c.obj
 .text.EDMA_SetChannelMux
                0x000026ee       0x66 CMakeFiles/riop_EIP_M7FOLLOWER_cm7.dir/C_/NXP_MCUxpresso_SDK/mcuxsdk/mcuxsdk/drivers/edma4/fsl_edma.c.obj
 .text.EDMA_EnableChannelMasterIDReplication
                0x00002754       0xb2 CMakeFiles/riop_EIP_M7FOLLOWER_cm7.dir/C_/NXP_MCUxpresso_SDK/mcuxsdk/mcuxsdk/drivers/edma4/fsl_edma.c.obj
 .text.EDMA_SetChannelSecurityLevel
                0x00002806       0xb2 CMakeFiles/riop_EIP_M7FOLLOWER_cm7.dir/C_/NXP_MCUxpresso_SDK/mcuxsdk/mcuxsdk/drivers/edma4/fsl_edma.c.obj
 .text.EDMA_SetChannelProtectionLevel
                0x000028b8       0xb2 CMakeFiles/riop_EIP_M7FOLLOWER_cm7.dir/C_/NXP_MCUxpresso_SDK/mcuxsdk/mcuxsdk/drivers/edma4/fsl_edma.c.obj
 *fill*         0x0000296a        0x2 
 .text.EDMA_GetInstance
                0x0000296c       0x40 CMakeFiles/riop_EIP_M7FOLLOWER_cm7.dir/C_/NXP_MCUxpresso_SDK/mcuxsdk/mcuxsdk/drivers/edma4/fsl_edma.c.obj
 .text.EDMA_CheckErrata
                0x000029ac       0x1c CMakeFiles/riop_EIP_M7FOLLOWER_cm7.dir/C_/NXP_MCUxpresso_SDK/mcuxsdk/mcuxsdk/drivers/edma4/fsl_edma.c.obj
 .text.EDMA_InstallTCD
                0x000029c8      0x100 CMakeFiles/riop_EIP_M7FOLLOWER_cm7.dir/C_/NXP_MCUxpresso_SDK/mcuxsdk/mcuxsdk/drivers/edma4/fsl_edma.c.obj
                0x000029c8                EDMA_InstallTCD
 .text.EDMA_Init
                0x00002ac8       0xe4 CMakeFiles/riop_EIP_M7FOLLOWER_cm7.dir/C_/NXP_MCUxpresso_SDK/mcuxsdk/mcuxsdk/drivers/edma4/fsl_edma.c.obj
                0x00002ac8                EDMA_Init
 .text.EDMA_InitChannel
                0x00002bac       0x9a CMakeFiles/riop_EIP_M7FOLLOWER_cm7.dir/C_/NXP_MCUxpresso_SDK/mcuxsdk/mcuxsdk/drivers/edma4/fsl_edma.c.obj
                0x00002bac                EDMA_InitChannel
 .text.EDMA_GetDefaultConfig
                0x00002c46       0x3a CMakeFiles/riop_EIP_M7FOLLOWER_cm7.dir/C_/NXP_MCUxpresso_SDK/mcuxsdk/mcuxsdk/drivers/edma4/fsl_edma.c.obj
                0x00002c46                EDMA_GetDefaultConfig
 .text.EDMA_SetChannelPreemptionConfig
                0x00002c80       0x72 CMakeFiles/riop_EIP_M7FOLLOWER_cm7.dir/C_/NXP_MCUxpresso_SDK/mcuxsdk/mcuxsdk/drivers/edma4/fsl_edma.c.obj
                0x00002c80                EDMA_SetChannelPreemptionConfig
 *fill*         0x00002cf2        0x2 
 .text.EDMA_SetChannelLink
                0x00002cf4       0x48 CMakeFiles/riop_EIP_M7FOLLOWER_cm7.dir/C_/NXP_MCUxpresso_SDK/mcuxsdk/mcuxsdk/drivers/edma4/fsl_edma.c.obj
                0x00002cf4                EDMA_SetChannelLink
 .text.EDMA_TcdSetChannelLinkExt
                0x00002d3c      0x100 CMakeFiles/riop_EIP_M7FOLLOWER_cm7.dir/C_/NXP_MCUxpresso_SDK/mcuxsdk/mcuxsdk/drivers/edma4/fsl_edma.c.obj
                0x00002d3c                EDMA_TcdSetChannelLinkExt
 .text.EDMA_ClearChannelStatusFlags
                0x00002e3c       0xec CMakeFiles/riop_EIP_M7FOLLOWER_cm7.dir/C_/NXP_MCUxpresso_SDK/mcuxsdk/mcuxsdk/drivers/edma4/fsl_edma.c.obj
                0x00002e3c                EDMA_ClearChannelStatusFlags
 .text.EDMA_HandleIRQ
                0x00002f28      0x196 CMakeFiles/riop_EIP_M7FOLLOWER_cm7.dir/C_/NXP_MCUxpresso_SDK/mcuxsdk/mcuxsdk/drivers/edma4/fsl_edma.c.obj
                0x00002f28                EDMA_HandleIRQ
 *fill*         0x000030be        0x2 
 .text.EDMA_DriverIRQHandler
                0x000030c0       0x6c CMakeFiles/riop_EIP_M7FOLLOWER_cm7.dir/C_/NXP_MCUxpresso_SDK/mcuxsdk/mcuxsdk/drivers/edma4/fsl_edma.c.obj
                0x000030c0                EDMA_DriverIRQHandler
 .text.CLOCK_ControlGate
                0x0000312c       0x60 CMakeFiles/riop_EIP_M7FOLLOWER_cm7.dir/C_/NXP_MCUxpresso_SDK/mcuxsdk/mcuxsdk/drivers/flexio/fsl_flexio.c.obj
 .text.CLOCK_EnableClock
                0x0000318c       0x1c CMakeFiles/riop_EIP_M7FOLLOWER_cm7.dir/C_/NXP_MCUxpresso_SDK/mcuxsdk/mcuxsdk/drivers/flexio/fsl_flexio.c.obj
 .text.FLEXIO_GetInstance
                0x000031a8       0x40 CMakeFiles/riop_EIP_M7FOLLOWER_cm7.dir/C_/NXP_MCUxpresso_SDK/mcuxsdk/mcuxsdk/drivers/flexio/fsl_flexio.c.obj
                0x000031a8                FLEXIO_GetInstance
 .text.FLEXIO_Init
                0x000031e8       0x98 CMakeFiles/riop_EIP_M7FOLLOWER_cm7.dir/C_/NXP_MCUxpresso_SDK/mcuxsdk/mcuxsdk/drivers/flexio/fsl_flexio.c.obj
                0x000031e8                FLEXIO_Init
 .text.FLEXIO_GetDefaultConfig
                0x00003280       0x32 CMakeFiles/riop_EIP_M7FOLLOWER_cm7.dir/C_/NXP_MCUxpresso_SDK/mcuxsdk/mcuxsdk/drivers/flexio/fsl_flexio.c.obj
                0x00003280                FLEXIO_GetDefaultConfig
 .text.FLEXIO_Reset
                0x000032b2       0x26 CMakeFiles/riop_EIP_M7FOLLOWER_cm7.dir/C_/NXP_MCUxpresso_SDK/mcuxsdk/mcuxsdk/drivers/flexio/fsl_flexio.c.obj
                0x000032b2                FLEXIO_Reset
 .text.FLEXIO_SetShifterConfig
                0x000032d8       0xa0 CMakeFiles/riop_EIP_M7FOLLOWER_cm7.dir/C_/NXP_MCUxpresso_SDK/mcuxsdk/mcuxsdk/drivers/flexio/fsl_flexio.c.obj
                0x000032d8                FLEXIO_SetShifterConfig
 .text.FLEXIO_SetTimerConfig
                0x00003378       0xe8 CMakeFiles/riop_EIP_M7FOLLOWER_cm7.dir/C_/NXP_MCUxpresso_SDK/mcuxsdk/mcuxsdk/drivers/flexio/fsl_flexio.c.obj
                0x00003378                FLEXIO_SetTimerConfig
 .text.FLEXIO_CommonIRQHandler
                0x00003460       0x5c CMakeFiles/riop_EIP_M7FOLLOWER_cm7.dir/C_/NXP_MCUxpresso_SDK/mcuxsdk/mcuxsdk/drivers/flexio/fsl_flexio.c.obj
 .text.FLEXIO1_DriverIRQHandler
                0x000034bc        0xc CMakeFiles/riop_EIP_M7FOLLOWER_cm7.dir/C_/NXP_MCUxpresso_SDK/mcuxsdk/mcuxsdk/drivers/flexio/fsl_flexio.c.obj
                0x000034bc                FLEXIO1_DriverIRQHandler
 .text.FLEXIO2_DriverIRQHandler
                0x000034c8        0xc CMakeFiles/riop_EIP_M7FOLLOWER_cm7.dir/C_/NXP_MCUxpresso_SDK/mcuxsdk/mcuxsdk/drivers/flexio/fsl_flexio.c.obj
                0x000034c8                FLEXIO2_DriverIRQHandler
 .text.FLEXSPI1_DriverIRQHandler
                0x000034d4       0x28 CMakeFiles/riop_EIP_M7FOLLOWER_cm7.dir/C_/NXP_MCUxpresso_SDK/mcuxsdk/mcuxsdk/drivers/flexspi/fsl_flexspi.c.obj
                0x000034d4                FLEXSPI1_DriverIRQHandler
 .text.FLEXSPI2_DriverIRQHandler
                0x000034fc       0x28 CMakeFiles/riop_EIP_M7FOLLOWER_cm7.dir/C_/NXP_MCUxpresso_SDK/mcuxsdk/mcuxsdk/drivers/flexspi/fsl_flexspi.c.obj
                0x000034fc                FLEXSPI2_DriverIRQHandler
 .text.CLOCK_ControlGate
                0x00003524       0x60 CMakeFiles/riop_EIP_M7FOLLOWER_cm7.dir/C_/NXP_MCUxpresso_SDK/mcuxsdk/mcuxsdk/drivers/gpt/fsl_gpt.c.obj
 .text.CLOCK_EnableClock
                0x00003584       0x1c CMakeFiles/riop_EIP_M7FOLLOWER_cm7.dir/C_/NXP_MCUxpresso_SDK/mcuxsdk/mcuxsdk/drivers/gpt/fsl_gpt.c.obj
 .text.GPT_SoftwareReset
                0x000035a0       0x32 CMakeFiles/riop_EIP_M7FOLLOWER_cm7.dir/C_/NXP_MCUxpresso_SDK/mcuxsdk/mcuxsdk/drivers/gpt/fsl_gpt.c.obj
 *fill*         0x000035d2        0x2 
 .text.GPT_SetClockDivider
                0x000035d4       0x30 CMakeFiles/riop_EIP_M7FOLLOWER_cm7.dir/C_/NXP_MCUxpresso_SDK/mcuxsdk/mcuxsdk/drivers/gpt/fsl_gpt.c.obj
 .text.GPT_GetInstance
                0x00003604       0x40 CMakeFiles/riop_EIP_M7FOLLOWER_cm7.dir/C_/NXP_MCUxpresso_SDK/mcuxsdk/mcuxsdk/drivers/gpt/fsl_gpt.c.obj
 .text.GPT_Init
                0x00003644       0xe4 CMakeFiles/riop_EIP_M7FOLLOWER_cm7.dir/C_/NXP_MCUxpresso_SDK/mcuxsdk/mcuxsdk/drivers/gpt/fsl_gpt.c.obj
                0x00003644                GPT_Init
 .text.GPT_GetDefaultConfig
                0x00003728       0x4a CMakeFiles/riop_EIP_M7FOLLOWER_cm7.dir/C_/NXP_MCUxpresso_SDK/mcuxsdk/mcuxsdk/drivers/gpt/fsl_gpt.c.obj
                0x00003728                GPT_GetDefaultConfig
 *fill*         0x00003772        0x2 
 .text.CLOCK_ControlGate
                0x00003774       0x60 CMakeFiles/riop_EIP_M7FOLLOWER_cm7.dir/C_/NXP_MCUxpresso_SDK/mcuxsdk/mcuxsdk/drivers/lpit/fsl_lpit.c.obj
 .text.CLOCK_EnableClock
                0x000037d4       0x1c CMakeFiles/riop_EIP_M7FOLLOWER_cm7.dir/C_/NXP_MCUxpresso_SDK/mcuxsdk/mcuxsdk/drivers/lpit/fsl_lpit.c.obj
 .text.LPIT_ResetStateDelay
                0x000037f0       0x1a CMakeFiles/riop_EIP_M7FOLLOWER_cm7.dir/C_/NXP_MCUxpresso_SDK/mcuxsdk/mcuxsdk/drivers/lpit/fsl_lpit.c.obj
 .text.LPIT_Reset
                0x0000380a       0x2c CMakeFiles/riop_EIP_M7FOLLOWER_cm7.dir/C_/NXP_MCUxpresso_SDK/mcuxsdk/mcuxsdk/drivers/lpit/fsl_lpit.c.obj
 *fill*         0x00003836        0x2 
 .text.LPIT_GetInstance
                0x00003838       0x40 CMakeFiles/riop_EIP_M7FOLLOWER_cm7.dir/C_/NXP_MCUxpresso_SDK/mcuxsdk/mcuxsdk/drivers/lpit/fsl_lpit.c.obj
                0x00003838                LPIT_GetInstance
 .text.LPIT_Init
                0x00003878       0x58 CMakeFiles/riop_EIP_M7FOLLOWER_cm7.dir/C_/NXP_MCUxpresso_SDK/mcuxsdk/mcuxsdk/drivers/lpit/fsl_lpit.c.obj
                0x00003878                LPIT_Init
 .text.LPIT_GetDefaultConfig
                0x000038d0       0x26 CMakeFiles/riop_EIP_M7FOLLOWER_cm7.dir/C_/NXP_MCUxpresso_SDK/mcuxsdk/mcuxsdk/drivers/lpit/fsl_lpit.c.obj
                0x000038d0                LPIT_GetDefaultConfig
 .text.LPIT_SetupChannel
                0x000038f6       0xb0 CMakeFiles/riop_EIP_M7FOLLOWER_cm7.dir/C_/NXP_MCUxpresso_SDK/mcuxsdk/mcuxsdk/drivers/lpit/fsl_lpit.c.obj
                0x000038f6                LPIT_SetupChannel
 *fill*         0x000039a6        0x2 
 .text.CLOCK_ControlGate
                0x000039a8       0x60 CMakeFiles/riop_EIP_M7FOLLOWER_cm7.dir/C_/NXP_MCUxpresso_SDK/mcuxsdk/mcuxsdk/drivers/lpspi/fsl_lpspi.c.obj
 .text.CLOCK_EnableClock
                0x00003a08       0x1c CMakeFiles/riop_EIP_M7FOLLOWER_cm7.dir/C_/NXP_MCUxpresso_SDK/mcuxsdk/mcuxsdk/drivers/lpspi/fsl_lpspi.c.obj
 .text.LPSPI_Enable
                0x00003a24       0x38 CMakeFiles/riop_EIP_M7FOLLOWER_cm7.dir/C_/NXP_MCUxpresso_SDK/mcuxsdk/mcuxsdk/drivers/lpspi/fsl_lpspi.c.obj
 .text.LPSPI_GetTcr
                0x00003a5c       0x46 CMakeFiles/riop_EIP_M7FOLLOWER_cm7.dir/C_/NXP_MCUxpresso_SDK/mcuxsdk/mcuxsdk/drivers/lpspi/fsl_lpspi.c.obj
 .text.LPSPI_SetMasterSlaveMode
                0x00003aa2       0x2c CMakeFiles/riop_EIP_M7FOLLOWER_cm7.dir/C_/NXP_MCUxpresso_SDK/mcuxsdk/mcuxsdk/drivers/lpspi/fsl_lpspi.c.obj
 .text.LPSPI_IsMaster
                0x00003ace       0x26 CMakeFiles/riop_EIP_M7FOLLOWER_cm7.dir/C_/NXP_MCUxpresso_SDK/mcuxsdk/mcuxsdk/drivers/lpspi/fsl_lpspi.c.obj
 .text.LPSPI_SetFifoWatermarks
                0x00003af4       0x2c CMakeFiles/riop_EIP_M7FOLLOWER_cm7.dir/C_/NXP_MCUxpresso_SDK/mcuxsdk/mcuxsdk/drivers/lpspi/fsl_lpspi.c.obj
 .text.LPSPI_GetInstance
                0x00003b20       0x44 CMakeFiles/riop_EIP_M7FOLLOWER_cm7.dir/C_/NXP_MCUxpresso_SDK/mcuxsdk/mcuxsdk/drivers/lpspi/fsl_lpspi.c.obj
                0x00003b20                LPSPI_GetInstance
 .text.LPSPI_SetDummyData
                0x00003b64       0x2c CMakeFiles/riop_EIP_M7FOLLOWER_cm7.dir/C_/NXP_MCUxpresso_SDK/mcuxsdk/mcuxsdk/drivers/lpspi/fsl_lpspi.c.obj
                0x00003b64                LPSPI_SetDummyData
 .text.LPSPI_MasterInit
                0x00003b90      0x164 CMakeFiles/riop_EIP_M7FOLLOWER_cm7.dir/C_/NXP_MCUxpresso_SDK/mcuxsdk/mcuxsdk/drivers/lpspi/fsl_lpspi.c.obj
                0x00003b90                LPSPI_MasterInit
 .text.LPSPI_MasterGetDefaultConfig
                0x00003cf4       0x90 CMakeFiles/riop_EIP_M7FOLLOWER_cm7.dir/C_/NXP_MCUxpresso_SDK/mcuxsdk/mcuxsdk/drivers/lpspi/fsl_lpspi.c.obj
                0x00003cf4                LPSPI_MasterGetDefaultConfig
 .text.LPSPI_SetOnePcsPolarity
                0x00003d84       0x44 CMakeFiles/riop_EIP_M7FOLLOWER_cm7.dir/C_/NXP_MCUxpresso_SDK/mcuxsdk/mcuxsdk/drivers/lpspi/fsl_lpspi.c.obj
 .text.LPSPI_MasterSetBaudRate
                0x00003dc8       0xf0 CMakeFiles/riop_EIP_M7FOLLOWER_cm7.dir/C_/NXP_MCUxpresso_SDK/mcuxsdk/mcuxsdk/drivers/lpspi/fsl_lpspi.c.obj
                0x00003dc8                LPSPI_MasterSetBaudRate
 .text.LPSPI_MasterSetDelayScaler
                0x00003eb8       0xb0 CMakeFiles/riop_EIP_M7FOLLOWER_cm7.dir/C_/NXP_MCUxpresso_SDK/mcuxsdk/mcuxsdk/drivers/lpspi/fsl_lpspi.c.obj
                0x00003eb8                LPSPI_MasterSetDelayScaler
 .text.LPSPI_MasterSetDelayTimes
                0x00003f68      0x28c CMakeFiles/riop_EIP_M7FOLLOWER_cm7.dir/C_/NXP_MCUxpresso_SDK/mcuxsdk/mcuxsdk/drivers/lpspi/fsl_lpspi.c.obj
                0x00003f68                LPSPI_MasterSetDelayTimes
 .text.LPSPI_CommonIRQHandler
                0x000041f4       0x44 CMakeFiles/riop_EIP_M7FOLLOWER_cm7.dir/C_/NXP_MCUxpresso_SDK/mcuxsdk/mcuxsdk/drivers/lpspi/fsl_lpspi.c.obj
 .text.LPSPI1_DriverIRQHandler
                0x00004238       0x1c CMakeFiles/riop_EIP_M7FOLLOWER_cm7.dir/C_/NXP_MCUxpresso_SDK/mcuxsdk/mcuxsdk/drivers/lpspi/fsl_lpspi.c.obj
                0x00004238                LPSPI1_DriverIRQHandler
 .text.LPSPI2_DriverIRQHandler
                0x00004254       0x1c CMakeFiles/riop_EIP_M7FOLLOWER_cm7.dir/C_/NXP_MCUxpresso_SDK/mcuxsdk/mcuxsdk/drivers/lpspi/fsl_lpspi.c.obj
                0x00004254                LPSPI2_DriverIRQHandler
 .text.LPSPI3_DriverIRQHandler
                0x00004270       0x1c CMakeFiles/riop_EIP_M7FOLLOWER_cm7.dir/C_/NXP_MCUxpresso_SDK/mcuxsdk/mcuxsdk/drivers/lpspi/fsl_lpspi.c.obj
                0x00004270                LPSPI3_DriverIRQHandler
 .text.LPSPI4_DriverIRQHandler
                0x0000428c       0x1c CMakeFiles/riop_EIP_M7FOLLOWER_cm7.dir/C_/NXP_MCUxpresso_SDK/mcuxsdk/mcuxsdk/drivers/lpspi/fsl_lpspi.c.obj
                0x0000428c                LPSPI4_DriverIRQHandler
 .text.LPSPI5_DriverIRQHandler
                0x000042a8       0x1c CMakeFiles/riop_EIP_M7FOLLOWER_cm7.dir/C_/NXP_MCUxpresso_SDK/mcuxsdk/mcuxsdk/drivers/lpspi/fsl_lpspi.c.obj
                0x000042a8                LPSPI5_DriverIRQHandler
 .text.LPSPI6_DriverIRQHandler
                0x000042c4       0x1c CMakeFiles/riop_EIP_M7FOLLOWER_cm7.dir/C_/NXP_MCUxpresso_SDK/mcuxsdk/mcuxsdk/drivers/lpspi/fsl_lpspi.c.obj
                0x000042c4                LPSPI6_DriverIRQHandler
 .text.LPUART_GetStatusFlags
                0x000042e0       0x38 CMakeFiles/riop_EIP_M7FOLLOWER_cm7.dir/C_/NXP_MCUxpresso_SDK/mcuxsdk/mcuxsdk/drivers/lpuart/fsl_lpuart.c.obj
                0x000042e0                LPUART_GetStatusFlags
 .text.LPUART_ClearStatusFlags
                0x00004318       0x7c CMakeFiles/riop_EIP_M7FOLLOWER_cm7.dir/C_/NXP_MCUxpresso_SDK/mcuxsdk/mcuxsdk/drivers/lpuart/fsl_lpuart.c.obj
                0x00004318                LPUART_ClearStatusFlags
 .text.LPUART1_DriverIRQHandler
                0x00004394       0x28 CMakeFiles/riop_EIP_M7FOLLOWER_cm7.dir/C_/NXP_MCUxpresso_SDK/mcuxsdk/mcuxsdk/drivers/lpuart/fsl_lpuart.c.obj
                0x00004394                LPUART1_DriverIRQHandler
 .text.LPUART2_DriverIRQHandler
                0x000043bc       0x28 CMakeFiles/riop_EIP_M7FOLLOWER_cm7.dir/C_/NXP_MCUxpresso_SDK/mcuxsdk/mcuxsdk/drivers/lpuart/fsl_lpuart.c.obj
                0x000043bc                LPUART2_DriverIRQHandler
 .text.LPUART3_DriverIRQHandler
                0x000043e4       0x28 CMakeFiles/riop_EIP_M7FOLLOWER_cm7.dir/C_/NXP_MCUxpresso_SDK/mcuxsdk/mcuxsdk/drivers/lpuart/fsl_lpuart.c.obj
                0x000043e4                LPUART3_DriverIRQHandler
 .text.LPUART4_DriverIRQHandler
                0x0000440c       0x28 CMakeFiles/riop_EIP_M7FOLLOWER_cm7.dir/C_/NXP_MCUxpresso_SDK/mcuxsdk/mcuxsdk/drivers/lpuart/fsl_lpuart.c.obj
                0x0000440c                LPUART4_DriverIRQHandler
 .text.LPUART5_DriverIRQHandler
                0x00004434       0x28 CMakeFiles/riop_EIP_M7FOLLOWER_cm7.dir/C_/NXP_MCUxpresso_SDK/mcuxsdk/mcuxsdk/drivers/lpuart/fsl_lpuart.c.obj
                0x00004434                LPUART5_DriverIRQHandler
 .text.LPUART6_DriverIRQHandler
                0x0000445c       0x28 CMakeFiles/riop_EIP_M7FOLLOWER_cm7.dir/C_/NXP_MCUxpresso_SDK/mcuxsdk/mcuxsdk/drivers/lpuart/fsl_lpuart.c.obj
                0x0000445c                LPUART6_DriverIRQHandler
 .text.LPUART7_DriverIRQHandler
                0x00004484       0x28 CMakeFiles/riop_EIP_M7FOLLOWER_cm7.dir/C_/NXP_MCUxpresso_SDK/mcuxsdk/mcuxsdk/drivers/lpuart/fsl_lpuart.c.obj
                0x00004484                LPUART7_DriverIRQHandler
 .text.LPUART8_DriverIRQHandler
                0x000044ac       0x28 CMakeFiles/riop_EIP_M7FOLLOWER_cm7.dir/C_/NXP_MCUxpresso_SDK/mcuxsdk/mcuxsdk/drivers/lpuart/fsl_lpuart.c.obj
                0x000044ac                LPUART8_DriverIRQHandler
 .text.LPUART9_DriverIRQHandler
                0x000044d4       0x28 CMakeFiles/riop_EIP_M7FOLLOWER_cm7.dir/C_/NXP_MCUxpresso_SDK/mcuxsdk/mcuxsdk/drivers/lpuart/fsl_lpuart.c.obj
                0x000044d4                LPUART9_DriverIRQHandler
 .text.LPUART10_DriverIRQHandler
                0x000044fc       0x28 CMakeFiles/riop_EIP_M7FOLLOWER_cm7.dir/C_/NXP_MCUxpresso_SDK/mcuxsdk/mcuxsdk/drivers/lpuart/fsl_lpuart.c.obj
                0x000044fc                LPUART10_DriverIRQHandler
 .text.LPUART11_DriverIRQHandler
                0x00004524       0x28 CMakeFiles/riop_EIP_M7FOLLOWER_cm7.dir/C_/NXP_MCUxpresso_SDK/mcuxsdk/mcuxsdk/drivers/lpuart/fsl_lpuart.c.obj
                0x00004524                LPUART11_DriverIRQHandler
 .text.LPUART12_DriverIRQHandler
                0x0000454c       0x28 CMakeFiles/riop_EIP_M7FOLLOWER_cm7.dir/C_/NXP_MCUxpresso_SDK/mcuxsdk/mcuxsdk/drivers/lpuart/fsl_lpuart.c.obj
                0x0000454c                LPUART12_DriverIRQHandler
 .text.CLOCK_ControlGate
                0x00004574       0x60 CMakeFiles/riop_EIP_M7FOLLOWER_cm7.dir/C_/NXP_MCUxpresso_SDK/mcuxsdk/mcuxsdk/drivers/mu1/fsl_mu.c.obj
 .text.CLOCK_EnableClock
                0x000045d4       0x1c CMakeFiles/riop_EIP_M7FOLLOWER_cm7.dir/C_/NXP_MCUxpresso_SDK/mcuxsdk/mcuxsdk/drivers/mu1/fsl_mu.c.obj
 .text.MU_GetInstance
                0x000045f0       0x40 CMakeFiles/riop_EIP_M7FOLLOWER_cm7.dir/C_/NXP_MCUxpresso_SDK/mcuxsdk/mcuxsdk/drivers/mu1/fsl_mu.c.obj
 .text.MU_Init  0x00004630       0x2c CMakeFiles/riop_EIP_M7FOLLOWER_cm7.dir/C_/NXP_MCUxpresso_SDK/mcuxsdk/mcuxsdk/drivers/mu1/fsl_mu.c.obj
                0x00004630                MU_Init
 .text.MU_SendMsg
                0x0000465c       0x3c CMakeFiles/riop_EIP_M7FOLLOWER_cm7.dir/C_/NXP_MCUxpresso_SDK/mcuxsdk/mcuxsdk/drivers/mu1/fsl_mu.c.obj
                0x0000465c                MU_SendMsg
 .text.MU_GetStatusFlags
                0x00004698       0x50 CMakeFiles/riop_EIP_M7FOLLOWER_cm7.dir/C_/NXP_MCUxpresso_SDK/mcuxsdk/mcuxsdk/drivers/mu1/fsl_mu.c.obj
                0x00004698                MU_GetStatusFlags
 .text.CLOCK_ControlGate
                0x000046e8       0x60 CMakeFiles/riop_EIP_M7FOLLOWER_cm7.dir/C_/NXP_MCUxpresso_SDK/mcuxsdk/mcuxsdk/drivers/pwm/fsl_pwm.c.obj
 .text.CLOCK_EnableClock
                0x00004748       0x1c CMakeFiles/riop_EIP_M7FOLLOWER_cm7.dir/C_/NXP_MCUxpresso_SDK/mcuxsdk/mcuxsdk/drivers/pwm/fsl_pwm.c.obj
 .text.PWM_GetComplementU16
                0x00004764       0x1c CMakeFiles/riop_EIP_M7FOLLOWER_cm7.dir/C_/NXP_MCUxpresso_SDK/mcuxsdk/mcuxsdk/drivers/pwm/fsl_pwm.c.obj
 .text.PWM_GetInstance
                0x00004780       0x40 CMakeFiles/riop_EIP_M7FOLLOWER_cm7.dir/C_/NXP_MCUxpresso_SDK/mcuxsdk/mcuxsdk/drivers/pwm/fsl_pwm.c.obj
 .text.PWM_SetPeriodRegister
                0x000047c0      0x188 CMakeFiles/riop_EIP_M7FOLLOWER_cm7.dir/C_/NXP_MCUxpresso_SDK/mcuxsdk/mcuxsdk/drivers/pwm/fsl_pwm.c.obj
 .text.PWM_SetDutycycleRegister
                0x00004948      0x2a8 CMakeFiles/riop_EIP_M7FOLLOWER_cm7.dir/C_/NXP_MCUxpresso_SDK/mcuxsdk/mcuxsdk/drivers/pwm/fsl_pwm.c.obj
 .text.PWM_Init
                0x00004bf0      0x294 CMakeFiles/riop_EIP_M7FOLLOWER_cm7.dir/C_/NXP_MCUxpresso_SDK/mcuxsdk/mcuxsdk/drivers/pwm/fsl_pwm.c.obj
                0x00004bf0                PWM_Init
 .text.PWM_GetDefaultConfig
                0x00004e84       0x56 CMakeFiles/riop_EIP_M7FOLLOWER_cm7.dir/C_/NXP_MCUxpresso_SDK/mcuxsdk/mcuxsdk/drivers/pwm/fsl_pwm.c.obj
                0x00004e84                PWM_GetDefaultConfig
 *fill*         0x00004eda        0x2 
 .text.PWM_SetupPwm
                0x00004edc      0x3a8 CMakeFiles/riop_EIP_M7FOLLOWER_cm7.dir/C_/NXP_MCUxpresso_SDK/mcuxsdk/mcuxsdk/drivers/pwm/fsl_pwm.c.obj
                0x00004edc                PWM_SetupPwm
 .text.PWM_UpdatePwmDutycycleHighAccuracy
                0x00005284       0xd4 CMakeFiles/riop_EIP_M7FOLLOWER_cm7.dir/C_/NXP_MCUxpresso_SDK/mcuxsdk/mcuxsdk/drivers/pwm/fsl_pwm.c.obj
                0x00005284                PWM_UpdatePwmDutycycleHighAccuracy
 .text.PWM_SetupFaults
                0x00005358       0x22 CMakeFiles/riop_EIP_M7FOLLOWER_cm7.dir/C_/NXP_MCUxpresso_SDK/mcuxsdk/mcuxsdk/drivers/pwm/fsl_pwm.c.obj
                0x00005358                PWM_SetupFaults
 *fill*         0x0000537a        0x2 
 .text.PWM_SetupFaultsExt
                0x0000537c      0x1a4 CMakeFiles/riop_EIP_M7FOLLOWER_cm7.dir/C_/NXP_MCUxpresso_SDK/mcuxsdk/mcuxsdk/drivers/pwm/fsl_pwm.c.obj
                0x0000537c                PWM_SetupFaultsExt
 .text.PWM_FaultDefaultConfig
                0x00005520       0x32 CMakeFiles/riop_EIP_M7FOLLOWER_cm7.dir/C_/NXP_MCUxpresso_SDK/mcuxsdk/mcuxsdk/drivers/pwm/fsl_pwm.c.obj
                0x00005520                PWM_FaultDefaultConfig
 .text.S3MU_SendMessage
                0x00005552       0x66 CMakeFiles/riop_EIP_M7FOLLOWER_cm7.dir/C_/NXP_MCUxpresso_SDK/mcuxsdk/mcuxsdk/drivers/s3mu/fsl_s3mu.c.obj
                0x00005552                S3MU_SendMessage
 .text.s3mu_hal_send_data
                0x000055b8       0x40 CMakeFiles/riop_EIP_M7FOLLOWER_cm7.dir/C_/NXP_MCUxpresso_SDK/mcuxsdk/mcuxsdk/drivers/s3mu/fsl_s3mu.c.obj
 .text.S3MU_GetResponse
                0x000055f8       0x2e CMakeFiles/riop_EIP_M7FOLLOWER_cm7.dir/C_/NXP_MCUxpresso_SDK/mcuxsdk/mcuxsdk/drivers/s3mu/fsl_s3mu.c.obj
                0x000055f8                S3MU_GetResponse
 .text.S3MU_ReadMessage
                0x00005626       0xa0 CMakeFiles/riop_EIP_M7FOLLOWER_cm7.dir/C_/NXP_MCUxpresso_SDK/mcuxsdk/mcuxsdk/drivers/s3mu/fsl_s3mu.c.obj
                0x00005626                S3MU_ReadMessage
 .text.s3mu_hal_receive_data
                0x000056c6       0x40 CMakeFiles/riop_EIP_M7FOLLOWER_cm7.dir/C_/NXP_MCUxpresso_SDK/mcuxsdk/mcuxsdk/drivers/s3mu/fsl_s3mu.c.obj
 .text.SEMA42_TryLock
                0x00005706       0x62 CMakeFiles/riop_EIP_M7FOLLOWER_cm7.dir/C_/NXP_MCUxpresso_SDK/mcuxsdk/mcuxsdk/drivers/sema42/fsl_sema42.c.obj
                0x00005706                SEMA42_TryLock
 .text.SEMA42_Lock
                0x00005768       0x2e CMakeFiles/riop_EIP_M7FOLLOWER_cm7.dir/C_/NXP_MCUxpresso_SDK/mcuxsdk/mcuxsdk/drivers/sema42/fsl_sema42.c.obj
                0x00005768                SEMA42_Lock
 .text.TPM_DisableInterrupts
                0x00005796       0x6e CMakeFiles/riop_EIP_M7FOLLOWER_cm7.dir/C_/NXP_MCUxpresso_SDK/mcuxsdk/mcuxsdk/drivers/tpm/fsl_tpm.c.obj
                0x00005796                TPM_DisableInterrupts
 .text.TRDC_GetHardwareConfig
                0x00005804       0x5e CMakeFiles/riop_EIP_M7FOLLOWER_cm7.dir/C_/NXP_MCUxpresso_SDK/mcuxsdk/mcuxsdk/drivers/trdc/fsl_trdc.c.obj
                0x00005804                TRDC_GetHardwareConfig
 .text.TRDC_SetNonProcessorDomainAssignment
                0x00005862       0x32 CMakeFiles/riop_EIP_M7FOLLOWER_cm7.dir/C_/NXP_MCUxpresso_SDK/mcuxsdk/mcuxsdk/drivers/trdc/fsl_trdc.c.obj
                0x00005862                TRDC_SetNonProcessorDomainAssignment
 .text.TRDC_MrcSetMemoryAccessConfig
                0x00005894       0x3e CMakeFiles/riop_EIP_M7FOLLOWER_cm7.dir/C_/NXP_MCUxpresso_SDK/mcuxsdk/mcuxsdk/drivers/trdc/fsl_trdc.c.obj
                0x00005894                TRDC_MrcSetMemoryAccessConfig
 .text.TRDC_MbcSetMemoryAccessConfig
                0x000058d2       0x3e CMakeFiles/riop_EIP_M7FOLLOWER_cm7.dir/C_/NXP_MCUxpresso_SDK/mcuxsdk/mcuxsdk/drivers/trdc/fsl_trdc.c.obj
                0x000058d2                TRDC_MbcSetMemoryAccessConfig
 .text.CLOCK_ControlGate
                0x00005910       0x60 CMakeFiles/riop_EIP_M7FOLLOWER_cm7.dir/C_/NXP_MCUxpresso_SDK/mcuxsdk/mcuxsdk/drivers/xbar_1/fsl_xbar.c.obj
 .text.CLOCK_EnableClock
                0x00005970       0x1c CMakeFiles/riop_EIP_M7FOLLOWER_cm7.dir/C_/NXP_MCUxpresso_SDK/mcuxsdk/mcuxsdk/drivers/xbar_1/fsl_xbar.c.obj
 .text.XBAR_Init
                0x0000598c       0x24 CMakeFiles/riop_EIP_M7FOLLOWER_cm7.dir/C_/NXP_MCUxpresso_SDK/mcuxsdk/mcuxsdk/drivers/xbar_1/fsl_xbar.c.obj
                0x0000598c                XBAR_Init
 .text.XBAR_SetSignalsConnection
                0x000059b0       0xc4 CMakeFiles/riop_EIP_M7FOLLOWER_cm7.dir/C_/NXP_MCUxpresso_SDK/mcuxsdk/mcuxsdk/drivers/xbar_1/fsl_xbar.c.obj
                0x000059b0                XBAR_SetSignalsConnection
 .text.DbgConsole_Printf
                0x00005a74       0x2c CMakeFiles/riop_EIP_M7FOLLOWER_cm7.dir/e001a53748e144f6279b23da3cf6518f/fsl_debug_console.c.obj
                0x00005a74                DbgConsole_Printf
 .text.DbgConsole_Vprintf
                0x00005aa0       0x3c CMakeFiles/riop_EIP_M7FOLLOWER_cm7.dir/e001a53748e144f6279b23da3cf6518f/fsl_debug_console.c.obj
                0x00005aa0                DbgConsole_Vprintf
 .text.DbgConsole_Putchar
                0x00005adc       0x30 CMakeFiles/riop_EIP_M7FOLLOWER_cm7.dir/e001a53748e144f6279b23da3cf6518f/fsl_debug_console.c.obj
                0x00005adc                DbgConsole_Putchar
 .text.DbgConsole_PrintfPaddingCharacter
                0x00005b0c       0x40 CMakeFiles/riop_EIP_M7FOLLOWER_cm7.dir/e001a53748e144f6279b23da3cf6518f/fsl_debug_console.c.obj
 .text.DbgConsole_ConvertRadixNumToString
                0x00005b4c      0x2b0 CMakeFiles/riop_EIP_M7FOLLOWER_cm7.dir/e001a53748e144f6279b23da3cf6518f/fsl_debug_console.c.obj
 .text.DbgConsole_PrintfFormattedData
                0x00005dfc      0x9ec CMakeFiles/riop_EIP_M7FOLLOWER_cm7.dir/e001a53748e144f6279b23da3cf6518f/fsl_debug_console.c.obj
 .text.nvm_storage_handle_req
                0x000067e8       0x1a CMakeFiles/riop_EIP_M7FOLLOWER_cm7.dir/a33e93b446d1c389b285005a93f11471/components/ele_crypto/ele_crypto.c.obj
                0x000067e8                nvm_storage_handle_req
 .text.ele_mu_get_response
                0x00006802       0x8e CMakeFiles/riop_EIP_M7FOLLOWER_cm7.dir/a33e93b446d1c389b285005a93f11471/components/ele_crypto/ele_crypto.c.obj
                0x00006802                ele_mu_get_response
 .text.ELE_GetFwStatus
                0x00006890       0x80 CMakeFiles/riop_EIP_M7FOLLOWER_cm7.dir/a33e93b446d1c389b285005a93f11471/components/ele_crypto/ele_crypto.c.obj
                0x00006890                ELE_GetFwStatus
 .text.ELE_ReleaseRDC
                0x00006910       0x8c CMakeFiles/riop_EIP_M7FOLLOWER_cm7.dir/a33e93b446d1c389b285005a93f11471/components/ele_crypto/ele_crypto.c.obj
                0x00006910                ELE_ReleaseRDC
 .text.vListInitialise
                0x0000699c       0x40 CMakeFiles/riop_EIP_M7FOLLOWER_cm7.dir/a33e93b446d1c389b285005a93f11471/rtos/freertos/freertos-kernel/list.c.obj
                0x0000699c                vListInitialise
 .text.vListInitialiseItem
                0x000069dc       0x1a CMakeFiles/riop_EIP_M7FOLLOWER_cm7.dir/a33e93b446d1c389b285005a93f11471/rtos/freertos/freertos-kernel/list.c.obj
                0x000069dc                vListInitialiseItem
 .text.vListInsertEnd
                0x000069f6       0x48 CMakeFiles/riop_EIP_M7FOLLOWER_cm7.dir/a33e93b446d1c389b285005a93f11471/rtos/freertos/freertos-kernel/list.c.obj
                0x000069f6                vListInsertEnd
 .text.vListInsert
                0x00006a3e       0x72 CMakeFiles/riop_EIP_M7FOLLOWER_cm7.dir/a33e93b446d1c389b285005a93f11471/rtos/freertos/freertos-kernel/list.c.obj
                0x00006a3e                vListInsert
 .text.uxListRemove
                0x00006ab0       0x54 CMakeFiles/riop_EIP_M7FOLLOWER_cm7.dir/a33e93b446d1c389b285005a93f11471/rtos/freertos/freertos-kernel/list.c.obj
                0x00006ab0                uxListRemove
 .text.xQueueGenericReset
                0x00006b04      0x124 CMakeFiles/riop_EIP_M7FOLLOWER_cm7.dir/a33e93b446d1c389b285005a93f11471/rtos/freertos/freertos-kernel/queue.c.obj
                0x00006b04                xQueueGenericReset
 .text.xQueueGenericCreateStatic
                0x00006c28       0xc2 CMakeFiles/riop_EIP_M7FOLLOWER_cm7.dir/a33e93b446d1c389b285005a93f11471/rtos/freertos/freertos-kernel/queue.c.obj
                0x00006c28                xQueueGenericCreateStatic
 .text.xQueueGenericCreate
                0x00006cea       0xa6 CMakeFiles/riop_EIP_M7FOLLOWER_cm7.dir/a33e93b446d1c389b285005a93f11471/rtos/freertos/freertos-kernel/queue.c.obj
                0x00006cea                xQueueGenericCreate
 .text.prvInitialiseNewQueue
                0x00006d90       0x46 CMakeFiles/riop_EIP_M7FOLLOWER_cm7.dir/a33e93b446d1c389b285005a93f11471/rtos/freertos/freertos-kernel/queue.c.obj
 .text.prvInitialiseMutex
                0x00006dd6       0x34 CMakeFiles/riop_EIP_M7FOLLOWER_cm7.dir/a33e93b446d1c389b285005a93f11471/rtos/freertos/freertos-kernel/queue.c.obj
 .text.xQueueCreateMutex
                0x00006e0a       0x30 CMakeFiles/riop_EIP_M7FOLLOWER_cm7.dir/a33e93b446d1c389b285005a93f11471/rtos/freertos/freertos-kernel/queue.c.obj
                0x00006e0a                xQueueCreateMutex
 .text.xQueueGiveMutexRecursive
                0x00006e3a       0x6a CMakeFiles/riop_EIP_M7FOLLOWER_cm7.dir/a33e93b446d1c389b285005a93f11471/rtos/freertos/freertos-kernel/queue.c.obj
                0x00006e3a                xQueueGiveMutexRecursive
 .text.xQueueTakeMutexRecursive
                0x00006ea4       0x6e CMakeFiles/riop_EIP_M7FOLLOWER_cm7.dir/a33e93b446d1c389b285005a93f11471/rtos/freertos/freertos-kernel/queue.c.obj
                0x00006ea4                xQueueTakeMutexRecursive
 .text.xQueueCreateCountingSemaphore
                0x00006f12       0x5e CMakeFiles/riop_EIP_M7FOLLOWER_cm7.dir/a33e93b446d1c389b285005a93f11471/rtos/freertos/freertos-kernel/queue.c.obj
                0x00006f12                xQueueCreateCountingSemaphore
 .text.xQueueGenericSend
                0x00006f70      0x204 CMakeFiles/riop_EIP_M7FOLLOWER_cm7.dir/a33e93b446d1c389b285005a93f11471/rtos/freertos/freertos-kernel/queue.c.obj
                0x00006f70                xQueueGenericSend
 .text.xQueueGenericSendFromISR
                0x00007174      0x16c CMakeFiles/riop_EIP_M7FOLLOWER_cm7.dir/a33e93b446d1c389b285005a93f11471/rtos/freertos/freertos-kernel/queue.c.obj
                0x00007174                xQueueGenericSendFromISR
 .text.xQueueGiveFromISR
                0x000072e0      0x150 CMakeFiles/riop_EIP_M7FOLLOWER_cm7.dir/a33e93b446d1c389b285005a93f11471/rtos/freertos/freertos-kernel/queue.c.obj
                0x000072e0                xQueueGiveFromISR
 .text.xQueueReceive
                0x00007430      0x1c4 CMakeFiles/riop_EIP_M7FOLLOWER_cm7.dir/a33e93b446d1c389b285005a93f11471/rtos/freertos/freertos-kernel/queue.c.obj
                0x00007430                xQueueReceive
 .text.xQueueSemaphoreTake
                0x000075f4      0x200 CMakeFiles/riop_EIP_M7FOLLOWER_cm7.dir/a33e93b446d1c389b285005a93f11471/rtos/freertos/freertos-kernel/queue.c.obj
                0x000075f4                xQueueSemaphoreTake
 .text.xQueueReceiveFromISR
                0x000077f4      0x134 CMakeFiles/riop_EIP_M7FOLLOWER_cm7.dir/a33e93b446d1c389b285005a93f11471/rtos/freertos/freertos-kernel/queue.c.obj
                0x000077f4                xQueueReceiveFromISR
 .text.vQueueDelete
                0x00007928       0x48 CMakeFiles/riop_EIP_M7FOLLOWER_cm7.dir/a33e93b446d1c389b285005a93f11471/rtos/freertos/freertos-kernel/queue.c.obj
                0x00007928                vQueueDelete
 .text.prvGetHighestPriorityOfWaitToReceiveList
                0x00007970       0x30 CMakeFiles/riop_EIP_M7FOLLOWER_cm7.dir/a33e93b446d1c389b285005a93f11471/rtos/freertos/freertos-kernel/queue.c.obj
 .text.prvCopyDataToQueue
                0x000079a0       0xd4 CMakeFiles/riop_EIP_M7FOLLOWER_cm7.dir/a33e93b446d1c389b285005a93f11471/rtos/freertos/freertos-kernel/queue.c.obj
 .text.prvCopyDataFromQueue
                0x00007a74       0x4c CMakeFiles/riop_EIP_M7FOLLOWER_cm7.dir/a33e93b446d1c389b285005a93f11471/rtos/freertos/freertos-kernel/queue.c.obj
 .text.prvUnlockQueue
                0x00007ac0       0xa4 CMakeFiles/riop_EIP_M7FOLLOWER_cm7.dir/a33e93b446d1c389b285005a93f11471/rtos/freertos/freertos-kernel/queue.c.obj
 .text.prvIsQueueEmpty
                0x00007b64       0x2c CMakeFiles/riop_EIP_M7FOLLOWER_cm7.dir/a33e93b446d1c389b285005a93f11471/rtos/freertos/freertos-kernel/queue.c.obj
 .text.prvIsQueueFull
                0x00007b90       0x30 CMakeFiles/riop_EIP_M7FOLLOWER_cm7.dir/a33e93b446d1c389b285005a93f11471/rtos/freertos/freertos-kernel/queue.c.obj
 .text.vQueueAddToRegistry
                0x00007bc0       0xa0 CMakeFiles/riop_EIP_M7FOLLOWER_cm7.dir/a33e93b446d1c389b285005a93f11471/rtos/freertos/freertos-kernel/queue.c.obj
                0x00007bc0                vQueueAddToRegistry
 .text.vQueueUnregisterQueue
                0x00007c60       0x74 CMakeFiles/riop_EIP_M7FOLLOWER_cm7.dir/a33e93b446d1c389b285005a93f11471/rtos/freertos/freertos-kernel/queue.c.obj
                0x00007c60                vQueueUnregisterQueue
 .text.vQueueWaitForMessageRestricted
                0x00007cd4       0x68 CMakeFiles/riop_EIP_M7FOLLOWER_cm7.dir/a33e93b446d1c389b285005a93f11471/rtos/freertos/freertos-kernel/queue.c.obj
                0x00007cd4                vQueueWaitForMessageRestricted
 .text.prvCreateStaticTask
                0x00007d3c       0xc2 CMakeFiles/riop_EIP_M7FOLLOWER_cm7.dir/a33e93b446d1c389b285005a93f11471/rtos/freertos/freertos-kernel/tasks.c.obj
 .text.xTaskCreateStatic
                0x00007dfe       0x48 CMakeFiles/riop_EIP_M7FOLLOWER_cm7.dir/a33e93b446d1c389b285005a93f11471/rtos/freertos/freertos-kernel/tasks.c.obj
                0x00007dfe                xTaskCreateStatic
 .text.prvCreateTask
                0x00007e46       0x80 CMakeFiles/riop_EIP_M7FOLLOWER_cm7.dir/a33e93b446d1c389b285005a93f11471/rtos/freertos/freertos-kernel/tasks.c.obj