C:/Users/dpesavento.EIL/Documents/GitHub/daniel-sandbox/rd-riop-EIP-demo/ethernet-ip/goal/goal/goal_lm.c:117:15:goal_lmInitPre	24	static
C:/Users/dpesavento.EIL/Documents/GitHub/daniel-sandbox/rd-riop-EIP-demo/ethernet-ip/goal/goal/goal_lm.c:149:22:goal_lmInit	24	static
C:/Users/dpesavento.EIL/Documents/GitHub/daniel-sandbox/rd-riop-EIP-demo/ethernet-ip/goal/goal/goal_lm.c:191:22:goal_lmInitPost	16	static
C:/Users/dpesavento.EIL/Documents/GitHub/daniel-sandbox/rd-riop-EIP-demo/ethernet-ip/goal/goal/goal_lm.c:212:6:goal_lmLoop	32	static
C:/Users/dpesavento.EIL/Documents/GitHub/daniel-sandbox/rd-riop-EIP-demo/ethernet-ip/goal/goal/goal_lm.c:242:22:goal_lmShutdown	8	static
C:/Users/dpesavento.EIL/Documents/GitHub/daniel-sandbox/rd-riop-EIP-demo/ethernet-ip/goal/goal/goal_lm.c:260:22:goal_lmBufferGet	40	static
C:/Users/dpesavento.EIL/Documents/GitHub/daniel-sandbox/rd-riop-EIP-demo/ethernet-ip/goal/goal/goal_lm.c:295:15:goal_lmBufferHead	16	static
C:/Users/dpesavento.EIL/Documents/GitHub/daniel-sandbox/rd-riop-EIP-demo/ethernet-ip/goal/goal/goal_lm.c:310:15:goal_lmBufferMsgGet	32	static
C:/Users/dpesavento.EIL/Documents/GitHub/daniel-sandbox/rd-riop-EIP-demo/ethernet-ip/goal/goal/goal_lm.c:363:22:goal_lmBufferTailNotReached	24	static
C:/Users/dpesavento.EIL/Documents/GitHub/daniel-sandbox/rd-riop-EIP-demo/ethernet-ip/goal/goal/goal_lm.c:391:22:goal_lmBufferMsgPeek	56	static
C:/Users/dpesavento.EIL/Documents/GitHub/daniel-sandbox/rd-riop-EIP-demo/ethernet-ip/goal/goal/goal_lm.c:458:15:goal_lmBufferMsgPut	40	static
C:/Users/dpesavento.EIL/Documents/GitHub/daniel-sandbox/rd-riop-EIP-demo/ethernet-ip/goal/goal/goal_lm.c:540:17:lm_headMoveToNext	40	static
C:/Users/dpesavento.EIL/Documents/GitHub/daniel-sandbox/rd-riop-EIP-demo/ethernet-ip/goal/goal/goal_lm.c:570:6:goal_lmLogInternal	56	static
C:/Users/dpesavento.EIL/Documents/GitHub/daniel-sandbox/rd-riop-EIP-demo/ethernet-ip/goal/goal/goal_lm.c:657:6:goal_lmLogFinishInternal	8	static
C:/Users/dpesavento.EIL/Documents/GitHub/daniel-sandbox/rd-riop-EIP-demo/ethernet-ip/goal/goal/goal_lm.c:675:6:goal_lmLogParamINT8Impl	16	static
C:/Users/dpesavento.EIL/Documents/GitHub/daniel-sandbox/rd-riop-EIP-demo/ethernet-ip/goal/goal/goal_lm.c:691:6:goal_lmLogParamUINT8Impl	16	static
C:/Users/dpesavento.EIL/Documents/GitHub/daniel-sandbox/rd-riop-EIP-demo/ethernet-ip/goal/goal/goal_lm.c:707:6:goal_lmLogParamINT16Impl	16	static
C:/Users/dpesavento.EIL/Documents/GitHub/daniel-sandbox/rd-riop-EIP-demo/ethernet-ip/goal/goal/goal_lm.c:724:6:goal_lmLogParamUINT16Impl	16	static
C:/Users/dpesavento.EIL/Documents/GitHub/daniel-sandbox/rd-riop-EIP-demo/ethernet-ip/goal/goal/goal_lm.c:741:6:goal_lmLogParamINT32Impl	16	static
C:/Users/dpesavento.EIL/Documents/GitHub/daniel-sandbox/rd-riop-EIP-demo/ethernet-ip/goal/goal/goal_lm.c:758:6:goal_lmLogParamUINT32Impl	16	static
C:/Users/dpesavento.EIL/Documents/GitHub/daniel-sandbox/rd-riop-EIP-demo/ethernet-ip/goal/goal/goal_lm.c:775:6:goal_lmLogParamIPV4Impl	16	static
C:/Users/dpesavento.EIL/Documents/GitHub/daniel-sandbox/rd-riop-EIP-demo/ethernet-ip/goal/goal/goal_lm.c:792:6:goal_lmLogParamMACImpl	16	static
C:/Users/dpesavento.EIL/Documents/GitHub/daniel-sandbox/rd-riop-EIP-demo/ethernet-ip/goal/goal/goal_lm.c:808:6:goal_lmLogParamPTRImpl	24	static
C:/Users/dpesavento.EIL/Documents/GitHub/daniel-sandbox/rd-riop-EIP-demo/ethernet-ip/goal/goal/goal_lm.c:828:6:goal_lmLogParamPTRDIFFImpl	16	static
C:/Users/dpesavento.EIL/Documents/GitHub/daniel-sandbox/rd-riop-EIP-demo/ethernet-ip/goal/goal/goal_lm.c:845:6:goal_lmLogParamBOOLEANImpl	16	static
C:/Users/dpesavento.EIL/Documents/GitHub/daniel-sandbox/rd-riop-EIP-demo/ethernet-ip/goal/goal/goal_lm.c:861:6:goal_lmLogParamSTRING0Impl	16	static
C:/Users/dpesavento.EIL/Documents/GitHub/daniel-sandbox/rd-riop-EIP-demo/ethernet-ip/goal/goal/goal_lm.c:877:6:goal_lmLogParamGENERICImpl	16	static
C:/Users/dpesavento.EIL/Documents/GitHub/daniel-sandbox/rd-riop-EIP-demo/ethernet-ip/goal/goal/goal_lm.c:893:6:goal_lmLogParamINT64Impl	16	static
C:/Users/dpesavento.EIL/Documents/GitHub/daniel-sandbox/rd-riop-EIP-demo/ethernet-ip/goal/goal/goal_lm.c:910:6:goal_lmLogParamUINT64Impl	16	static
C:/Users/dpesavento.EIL/Documents/GitHub/daniel-sandbox/rd-riop-EIP-demo/ethernet-ip/goal/goal/goal_lm.c:927:6:goal_lmLogParamFLOATImpl	16	static
C:/Users/dpesavento.EIL/Documents/GitHub/daniel-sandbox/rd-riop-EIP-demo/ethernet-ip/goal/goal/goal_lm.c:944:15:LM_onLogAccess	48	static
C:/Users/dpesavento.EIL/Documents/GitHub/daniel-sandbox/rd-riop-EIP-demo/ethernet-ip/goal/goal/goal_lm.c:1045:15:LM_exLogAccess	24	static
C:/Users/dpesavento.EIL/Documents/GitHub/daniel-sandbox/rd-riop-EIP-demo/ethernet-ip/goal/goal/goal_lm.c:1065:6:goal_lmLogLegacy	32	static
C:/Users/dpesavento.EIL/Documents/GitHub/daniel-sandbox/rd-riop-EIP-demo/ethernet-ip/goal/goal/goal_lm.c:1113:15:LM_exLogErase	24	static
C:/Users/dpesavento.EIL/Documents/GitHub/daniel-sandbox/rd-riop-EIP-demo/ethernet-ip/goal/goal/goal_lm.c:1132:6:goal_lmLogPad	16	static
C:/Users/dpesavento.EIL/Documents/GitHub/daniel-sandbox/rd-riop-EIP-demo/ethernet-ip/goal/goal/goal_lm.c:1150:15:goal_lmReaderReg	24	static
C:/Users/dpesavento.EIL/Documents/GitHub/daniel-sandbox/rd-riop-EIP-demo/ethernet-ip/goal/goal/goal_lm.c:1181:15:goal_lmReaderReset	24	static
C:/Users/dpesavento.EIL/Documents/GitHub/daniel-sandbox/rd-riop-EIP-demo/ethernet-ip/goal/goal/goal_lm.c:1210:15:goal_lmReaderPosGet	24	static
C:/Users/dpesavento.EIL/Documents/GitHub/daniel-sandbox/rd-riop-EIP-demo/ethernet-ip/goal/goal/goal_lm.c:1240:15:goal_lmReaderPosSet	24	static
C:/Users/dpesavento.EIL/Documents/GitHub/daniel-sandbox/rd-riop-EIP-demo/ethernet-ip/goal/goal/goal_lm.c:1272:22:goal_lmReaderPosTrack	32	static
C:/Users/dpesavento.EIL/Documents/GitHub/daniel-sandbox/rd-riop-EIP-demo/ethernet-ip/goal/goal/goal_lm.c:1324:15:goal_lmMsgParamLengths	32	static
C:/Users/dpesavento.EIL/Documents/GitHub/daniel-sandbox/rd-riop-EIP-demo/ethernet-ip/goal/goal/goal_lm.c:1366:15:goal_lmMsgLength	48	static
C:/Users/dpesavento.EIL/Documents/GitHub/daniel-sandbox/rd-riop-EIP-demo/ethernet-ip/goal/goal/goal_lm.c:1412:22:goal_lmReadersInform	16	static
